Archive member included to satisfy reference by file (symbol)

C:/ST/STM32CubeIDE_1.17.0/STM32CubeIDE/plugins/com.st.stm32cube.ide.mcu.externaltools.gnu-tools-for-stm32.12.3.rel1.win32_1.1.0.202410251130/tools/bin/../lib/gcc/arm-none-eabi/12.3.1/../../../../arm-none-eabi/lib/thumb/v7-m/nofp\libc_nano.a(libc_a-exit.o)
                              C:/ST/STM32CubeIDE_1.17.0/STM32CubeIDE/plugins/com.st.stm32cube.ide.mcu.externaltools.gnu-tools-for-stm32.12.3.rel1.win32_1.1.0.202410251130/tools/bin/../lib/gcc/arm-none-eabi/12.3.1/../../../../arm-none-eabi/lib/thumb/v7-m/nofp/crt0.o (exit)
C:/ST/STM32CubeIDE_1.17.0/STM32CubeIDE/plugins/com.st.stm32cube.ide.mcu.externaltools.gnu-tools-for-stm32.12.3.rel1.win32_1.1.0.202410251130/tools/bin/../lib/gcc/arm-none-eabi/12.3.1/../../../../arm-none-eabi/lib/thumb/v7-m/nofp\libc_nano.a(libc_a-findfp.o)
                              C:/ST/STM32CubeIDE_1.17.0/STM32CubeIDE/plugins/com.st.stm32cube.ide.mcu.externaltools.gnu-tools-for-stm32.12.3.rel1.win32_1.1.0.202410251130/tools/bin/../lib/gcc/arm-none-eabi/12.3.1/../../../../arm-none-eabi/lib/thumb/v7-m/nofp\libc_nano.a(libc_a-exit.o) (__stdio_exit_handler)
C:/ST/STM32CubeIDE_1.17.0/STM32CubeIDE/plugins/com.st.stm32cube.ide.mcu.externaltools.gnu-tools-for-stm32.12.3.rel1.win32_1.1.0.202410251130/tools/bin/../lib/gcc/arm-none-eabi/12.3.1/../../../../arm-none-eabi/lib/thumb/v7-m/nofp\libc_nano.a(libc_a-fwalk.o)
                              C:/ST/STM32CubeIDE_1.17.0/STM32CubeIDE/plugins/com.st.stm32cube.ide.mcu.externaltools.gnu-tools-for-stm32.12.3.rel1.win32_1.1.0.202410251130/tools/bin/../lib/gcc/arm-none-eabi/12.3.1/../../../../arm-none-eabi/lib/thumb/v7-m/nofp\libc_nano.a(libc_a-findfp.o) (_fwalk_sglue)
C:/ST/STM32CubeIDE_1.17.0/STM32CubeIDE/plugins/com.st.stm32cube.ide.mcu.externaltools.gnu-tools-for-stm32.12.3.rel1.win32_1.1.0.202410251130/tools/bin/../lib/gcc/arm-none-eabi/12.3.1/../../../../arm-none-eabi/lib/thumb/v7-m/nofp\libc_nano.a(libc_a-stdio.o)
                              C:/ST/STM32CubeIDE_1.17.0/STM32CubeIDE/plugins/com.st.stm32cube.ide.mcu.externaltools.gnu-tools-for-stm32.12.3.rel1.win32_1.1.0.202410251130/tools/bin/../lib/gcc/arm-none-eabi/12.3.1/../../../../arm-none-eabi/lib/thumb/v7-m/nofp\libc_nano.a(libc_a-findfp.o) (__sread)
C:/ST/STM32CubeIDE_1.17.0/STM32CubeIDE/plugins/com.st.stm32cube.ide.mcu.externaltools.gnu-tools-for-stm32.12.3.rel1.win32_1.1.0.202410251130/tools/bin/../lib/gcc/arm-none-eabi/12.3.1/../../../../arm-none-eabi/lib/thumb/v7-m/nofp\libc_nano.a(libc_a-memset.o)
                              C:/ST/STM32CubeIDE_1.17.0/STM32CubeIDE/plugins/com.st.stm32cube.ide.mcu.externaltools.gnu-tools-for-stm32.12.3.rel1.win32_1.1.0.202410251130/tools/bin/../lib/gcc/arm-none-eabi/12.3.1/../../../../arm-none-eabi/lib/thumb/v7-m/nofp/crt0.o (memset)
C:/ST/STM32CubeIDE_1.17.0/STM32CubeIDE/plugins/com.st.stm32cube.ide.mcu.externaltools.gnu-tools-for-stm32.12.3.rel1.win32_1.1.0.202410251130/tools/bin/../lib/gcc/arm-none-eabi/12.3.1/../../../../arm-none-eabi/lib/thumb/v7-m/nofp\libc_nano.a(libc_a-closer.o)
                              C:/ST/STM32CubeIDE_1.17.0/STM32CubeIDE/plugins/com.st.stm32cube.ide.mcu.externaltools.gnu-tools-for-stm32.12.3.rel1.win32_1.1.0.202410251130/tools/bin/../lib/gcc/arm-none-eabi/12.3.1/../../../../arm-none-eabi/lib/thumb/v7-m/nofp\libc_nano.a(libc_a-stdio.o) (_close_r)
C:/ST/STM32CubeIDE_1.17.0/STM32CubeIDE/plugins/com.st.stm32cube.ide.mcu.externaltools.gnu-tools-for-stm32.12.3.rel1.win32_1.1.0.202410251130/tools/bin/../lib/gcc/arm-none-eabi/12.3.1/../../../../arm-none-eabi/lib/thumb/v7-m/nofp\libc_nano.a(libc_a-reent.o)
                              C:/ST/STM32CubeIDE_1.17.0/STM32CubeIDE/plugins/com.st.stm32cube.ide.mcu.externaltools.gnu-tools-for-stm32.12.3.rel1.win32_1.1.0.202410251130/tools/bin/../lib/gcc/arm-none-eabi/12.3.1/../../../../arm-none-eabi/lib/thumb/v7-m/nofp\libc_nano.a(libc_a-closer.o) (errno)
C:/ST/STM32CubeIDE_1.17.0/STM32CubeIDE/plugins/com.st.stm32cube.ide.mcu.externaltools.gnu-tools-for-stm32.12.3.rel1.win32_1.1.0.202410251130/tools/bin/../lib/gcc/arm-none-eabi/12.3.1/../../../../arm-none-eabi/lib/thumb/v7-m/nofp\libc_nano.a(libc_a-impure.o)
                              C:/ST/STM32CubeIDE_1.17.0/STM32CubeIDE/plugins/com.st.stm32cube.ide.mcu.externaltools.gnu-tools-for-stm32.12.3.rel1.win32_1.1.0.202410251130/tools/bin/../lib/gcc/arm-none-eabi/12.3.1/../../../../arm-none-eabi/lib/thumb/v7-m/nofp\libc_nano.a(libc_a-reent.o) (_impure_ptr)
C:/ST/STM32CubeIDE_1.17.0/STM32CubeIDE/plugins/com.st.stm32cube.ide.mcu.externaltools.gnu-tools-for-stm32.12.3.rel1.win32_1.1.0.202410251130/tools/bin/../lib/gcc/arm-none-eabi/12.3.1/../../../../arm-none-eabi/lib/thumb/v7-m/nofp\libc_nano.a(libc_a-lseekr.o)
[...]
Memory Configuration

Name             Origin             Length             Attributes
RAM              0x20000000         0x00005000         xrw
FLASH            0x08000000         0x00010000         xr
*default*        0x00000000         0xffffffff

Linker script and memory map

LOAD C:/ST/STM32CubeIDE_1.17.0/STM32CubeIDE/plugins/com.st.stm32cube.ide.mcu.externaltools.gnu-tools-for-stm32.12.3.rel1.win32_1.1.0.202410251130/tools/bin/../lib/gcc/arm-none-eabi/12.3.1/thumb/v7-m/nofp/crti.o
LOAD C:/ST/STM32CubeIDE_1.17.0/STM32CubeIDE/plugins/com.st.stm32cube.ide.mcu.externaltools.gnu-tools-for-stm32.12.3.rel1.win32_1.1.0.202410251130/tools/bin/../lib/gcc/arm-none-eabi/12.3.1/thumb/v7-m/nofp/crtbegin.o
LOAD C:/ST/STM32CubeIDE_1.17.0/STM32CubeIDE/plugins/com.st.stm32cube.ide.mcu.externaltools.gnu-tools-for-stm32.12.3.rel1.win32_1.1.0.202410251130/tools/bin/../lib/gcc/arm-none-eabi/12.3.1/../../../../arm-none-eabi/lib/thumb/v7-m/nofp/crt0.o
LOAD ./Core/Src/main.o
LOAD ./Core/Src/stm32f1xx_hal_msp.o
LOAD ./Core/Src/stm32f1xx_it.o
LOAD ./Core/Src/syscalls.o
LOAD ./Core/Src/sysmem.o
LOAD ./Core/Src/system_stm32f1xx.o
LOAD ./Core/Startup/startup_stm32f103c8tx.o
LOAD ./Drivers/STM32F1xx_HAL_Driver/Src/stm32f1xx_hal.o
LOAD ./Drivers/STM32F1xx_HAL_Driver/Src/stm32f1xx_hal_adc.o
LOAD ./Drivers/STM32F1xx_HAL_Driver/Src/stm32f1xx_hal_adc_ex.o
LOAD ./Drivers/STM32F1xx_HAL_Driver/Src/stm32f1xx_hal_cortex.o
LOAD ./Drivers/STM32F1xx_HAL_Driver/Src/stm32f1xx_hal_dma.o
LOAD ./Drivers/STM32F1xx_HAL_Driver/Src/stm32f1xx_hal_exti.o
LOAD ./Drivers/STM32F1xx_HAL_Driver/Src/stm32f1xx_hal_flash.o
LOAD ./Drivers/STM32F1xx_HAL_Driver/Src/stm32f1xx_hal_flash_ex.o
LOAD ./Drivers/STM32F1xx_HAL_Driver/Src/stm32f1xx_hal_gpio.o
LOAD ./Drivers/STM32F1xx_HAL_Driver/Src/stm32f1xx_hal_gpio_ex.o
LOAD ./Drivers/STM32F1xx_HAL_Driver/Src/stm32f1xx_hal_i2c.o
LOAD ./Drivers/STM32F1xx_HAL_Driver/Src/stm32f1xx_hal_iwdg.o
LOAD ./Drivers/STM32F1xx_HAL_Driver/Src/stm32f1xx_hal_pcd.o
LOAD ./Drivers/STM32F1xx_HAL_Driver/Src/stm32f1xx_hal_pcd_ex.o
LOAD ./Drivers/STM32F1xx_HAL_Driver/Src/stm32f1xx_hal_pwr.o
LOAD ./Drivers/STM32F1xx_HAL_Driver/Src/stm32f1xx_hal_rcc.o
LOAD ./Drivers/STM32F1xx_HAL_Driver/Src/stm32f1xx_hal_rcc_ex.o
LOAD ./Drivers/STM32F1xx_HAL_Driver/Src/stm32f1xx_hal_spi.o
LOAD ./Drivers/STM32F1xx_HAL_Driver/Src/stm32f1xx_hal_tim.o
LOAD ./Drivers/STM32F1xx_HAL_Driver/Src/stm32f1xx_hal_tim_ex.o
LOAD ./Drivers/STM32F1xx_HAL_Driver/Src/stm32f1xx_ll_usb.o
LOAD ./Middlewares/ST/STM32_USB_Device_Library/Class/CDC/Src/usbd_cdc.o
LOAD ./Middlewares/ST/STM32_USB_Device_Library/Core/Src/usbd_core.o
LOAD ./Middlewares/ST/STM32_USB_Device_Library/Core/Src/usbd_ctlreq.o
LOAD ./Middlewares/ST/STM32_USB_Device_Library/Core/Src/usbd_ioreq.o
LOAD ./USB_DEVICE/App/usb_device.o
LOAD ./USB_DEVICE/App/usbd_cdc_if.o
LOAD ./USB_DEVICE/App/usbd_desc.o
LOAD ./USB_DEVICE/Target/usbd_conf.o
START GROUP
LOAD C:/ST/STM32CubeIDE_1.17.0/STM32CubeIDE/plugins/com.st.stm32cube.ide.mcu.externaltools.gnu-tools-for-stm32.12.3.rel1.win32_1.1.0.202410251130/tools/bin/../lib/gcc/arm-none-eabi/12.3.1/../../../../arm-none-eabi/lib/thumb/v7-m/nofp\libc_nano.a
LOAD C:/ST/STM32CubeIDE_1.17.0/STM32CubeIDE/plugins/com.st.stm32cube.ide.mcu.externaltools.gnu-tools-for-stm32.12.3.rel1.win32_1.1.0.202410251130/tools/bin/../lib/gcc/arm-none-eabi/12.3.1/../../../../arm-none-eabi/lib/thumb/v7-m/nofp\libm.a
END GROUP
START GROUP
LOAD C:/ST/STM32CubeIDE_1.17.0/STM32CubeIDE/plugins/com.st.stm32cube.ide.mcu.externaltools.gnu-tools-for-stm32.12.3.rel1.win32_1.1.0.202410251130/tools/bin/../lib/gcc/arm-none-eabi/12.3.1/thumb/v7-m/nofp\libgcc.a
LOAD C:/ST/STM32CubeIDE_1.17.0/STM32CubeIDE/plugins/com.st.stm32cube.ide.mcu.externaltools.gnu-tools-for-stm32.12.3.rel1.win32_1.1.0.202410251130/tools/bin/../lib/gcc/arm-none-eabi/12.3.1/../../../../arm-none-eabi/lib/thumb/v7-m/nofp\libc_nano.a
END GROUP
START GROUP
LOAD C:/ST/STM32CubeIDE_1.17.0/STM32CubeIDE/plugins/com.st.stm32cube.ide.mcu.externaltools.gnu-tools-for-stm32.12.3.rel1.win32_1.1.0.202410251130/tools/bin/../lib/gcc/arm-none-eabi/12.3.1/thumb/v7-m/nofp\libgcc.a
LOAD C:/ST/STM32CubeIDE_1.17.0/STM32CubeIDE/plugins/com.st.stm32cube.ide.mcu.externaltools.gnu-tools-for-stm32.12.3.rel1.win32_1.1.0.202410251130/tools/bin/../lib/gcc/arm-none-eabi/12.3.1/../../../../arm-none-eabi/lib/thumb/v7-m/nofp\libc_nano.a
LOAD C:/ST/STM32CubeIDE_1.17.0/STM32CubeIDE/plugins/com.st.stm32cube.ide.mcu.externaltools.gnu-tools-for-stm32.12.3.rel1.win32_1.1.0.202410251130/tools/bin/../lib/gcc/arm-none-eabi/12.3.1/../../../../arm-none-eabi/lib/thumb/v7-m/nofp\libnosys.a
END GROUP
START GROUP
LOAD C:/ST/STM32CubeIDE_1.17.0/STM32CubeIDE/plugins/com.st.stm32cube.ide.mcu.externaltools.gnu-tools-for-stm32.12.3.rel1.win32_1.1.0.202410251130/tools/bin/../lib/gcc/arm-none-eabi/12.3.1/thumb/v7-m/nofp\libgcc.a
LOAD C:/ST/STM32CubeIDE_1.17.0/STM32CubeIDE/plugins/com.st.stm32cube.ide.mcu.externaltools.gnu-tools-for-stm32.12.3.rel1.win32_1.1.0.202410251130/tools/bin/../lib/gcc/arm-none-eabi/12.3.1/../../../../arm-none-eabi/lib/thumb/v7-m/nofp\libc_nano.a
LOAD C:/ST/STM32CubeIDE_1.17.0/STM32CubeIDE/plugins/com.st.stm32cube.ide.mcu.externaltools.gnu-tools-for-stm32.12.3.rel1.win32_1.1.0.202410251130/tools/bin/../lib/gcc/arm-none-eabi/12.3.1/../../../../arm-none-eabi/lib/thumb/v7-m/nofp\libnosys.a
END GROUP
LOAD C:/ST/STM32CubeIDE_1.17.0/STM32CubeIDE/plugins/com.st.stm32cube.ide.mcu.externaltools.gnu-tools-for-stm32.12.3.rel1.win32_1.1.0.202410251130/tools/bin/../lib/gcc/arm-none-eabi/12.3.1/thumb/v7-m/nofp/crtend.o
LOAD C:/ST/STM32CubeIDE_1.17.0/STM32CubeIDE/plugins/com.st.stm32cube.ide.mcu.externaltools.gnu-tools-for-stm32.12.3.rel1.win32_1.1.0.202410251130/tools/bin/../lib/gcc/arm-none-eabi/12.3.1/thumb/v7-m/nofp/crtn.o
                0x20005000                        _estack = (ORIGIN (RAM) + LENGTH (RAM))
                0x00000200                        _Min_Heap_Size = 0x200
                0x00000400                        _Min_Stack_Size = 0x400

.isr_vector     0x08000000      0x10c
                0x08000000                        . = ALIGN (0x4)
 *(.isr_vector)
 .isr_vector    0x08000000      0x10c ./Core/Startup/startup_stm32f103c8tx.o
                0x08000000                g_pfnVectors
                0x0800010c                        . = ALIGN (0x4)

.text           0x0800010c     0x6350
                0x0800010c                        . = ALIGN (0x4)
 *(.text)
 .text          0x0800010c       0x40 C:/ST/STM32CubeIDE_1.17.0/STM32CubeIDE/plugins/com.st.stm32cube.ide.mcu.externaltools.gnu-tools-for-stm32.12.3.rel1.win32_1.1.0.202410251130/tools/bin/../lib/gcc/arm-none-eabi/12.3.1/thumb/v7-m/nofp/crtbegin.o
 .text          0x0800014c       0x14 C:/ST/STM32CubeIDE_1.17.0/STM32CubeIDE/plugins/com.st.stm32cube.ide.mcu.externaltools.gnu-tools-for-stm32.12.3.rel1.win32_1.1.0.202410251130/tools/bin/../lib/gcc/arm-none-eabi/12.3.1/../../../../arm-none-eabi/lib/thumb/v7-m/nofp\libc_nano.a(libc_a-strcmp.o)
                0x0800014c                strcmp
 .text          0x08000160       0x10 C:/ST/STM32CubeIDE_1.17.0/STM32CubeIDE/plugins/com.st.stm32cube.ide.mcu.externaltools.gnu-tools-for-stm32.12.3.rel1.win32_1.1.0.202410251130/tools/bin/../lib/gcc/arm-none-eabi/12.3.1/../../../../arm-none-eabi/lib/thumb/v7-m/nofp\libc_nano.a(libc_a-strlen.o)
                0x08000160                strlen
 .text          0x08000170      0x168 C:/ST/STM32CubeIDE_1.17.0/STM32CubeIDE/plugins/com.st.stm32cube.ide.mcu.externaltools.gnu-tools-for-stm32.12.3.rel1.win32_1.1.0.202410251130/tools/bin/../lib/gcc/arm-none-eabi/12.3.1/thumb/v7-m/nofp\libgcc.a(_arm_mulsf3.o)
                0x08000170                __aeabi_fmul
                0x08000170                __mulsf3
 .text          0x080002d8      0x21c C:/ST/STM32CubeIDE_1.17.0/STM32CubeIDE/plugins/com.st.stm32cube.ide.mcu.externaltools.gnu-tools-for-stm32.12.3.rel1.win32_1.1.0.202410251130/tools/bin/../lib/gcc/arm-none-eabi/12.3.1/thumb/v7-m/nofp\libgcc.a(_arm_addsubsf3.o)
                0x080002d8                __aeabi_frsub
                0x080002e0                __subsf3
                0x080002e0                __aeabi_fsub
                0x080002e4                __aeabi_fadd
                0x080002e4                __addsf3
                0x08000444                __aeabi_ui2f
                0x08000444                __floatunsisf
                0x0800044c                __aeabi_i2f
                0x0800044c                __floatsisf
                0x08000468                __aeabi_ul2f
                0x08000468                __floatundisf
                0x08000478                __aeabi_l2f
                0x08000478                __floatdisf
 .text          0x080004f4       0xec C:/ST/STM32CubeIDE_1.17.0/STM32CubeIDE/plugins/com.st.stm32cube.ide.mcu.externaltools.gnu-tools-for-stm32.12.3.rel1.win32_1.1.0.202410251130/tools/bin/../lib/gcc/arm-none-eabi/12.3.1/thumb/v7-m/nofp\libgcc.a(_arm_cmpsf2.o)
                0x080004f4                __gesf2
                0x080004f4                __gtsf2
                0x080004fc                __lesf2
                0x080004fc                __ltsf2
                0x08000504                __nesf2
                0x08000504                __eqsf2
                0x08000504                __cmpsf2
                0x08000564                __aeabi_cfrcmple
                0x0800056c                __aeabi_cfcmpeq
                0x0800056c                __aeabi_cfcmple
                0x0800057c                __aeabi_fcmpeq
                0x08000590                __aeabi_fcmplt
                0x080005a4                __aeabi_fcmple
                0x080005b8                __aeabi_fcmpge
                0x080005cc                __aeabi_fcmpgt
 .text          0x080005e0       0x4c C:/ST/STM32CubeIDE_1.17.0/STM32CubeIDE/plugins/com.st.stm32cube.ide.mcu.externaltools.gnu-tools-for-stm32.12.3.rel1.win32_1.1.0.202410251130/tools/bin/../lib/gcc/arm-none-eabi/12.3.1/thumb/v7-m/nofp\libgcc.a(_arm_fixsfsi.o)
                0x080005e0                __aeabi_f2iz
                0x080005e0                __fixsfsi
 *(.text*)
 .text.Feed_IWDG
                0x0800062c        0xc ./Core/Src/main.o
                0x0800062c                Feed_IWDG
 .text.OLED_Write_Command
                0x08000638       0x28 ./Core/Src/main.o
                0x08000638                OLED_Write_Command
 .text.OLED_Write_Data
                0x08000660       0x28 ./Core/Src/main.o
                0x08000660                OLED_Write_Data
 .text.OLED_Clear
                0x08000688       0x30 ./Core/Src/main.o
                0x08000688                OLED_Clear
 .text.Start_OLED
                0x080006b8       0xa2 ./Core/Src/main.o
                0x080006b8                Start_OLED
 .text.OLED_Set_Position
                0x0800075a       0x24 ./Core/Src/main.o
                0x0800075a                OLED_Set_Position
 *fill*         0x0800077e        0x2 
 .text.OLED_Show_Char
                0x08000780       0xa4 ./Core/Src/main.o
                0x08000780                OLED_Show_Char
 .text.OLED_Show_String
                0x08000824       0x5a ./Core/Src/main.o
                0x08000824                OLED_Show_String
 .text.OLED_Show_Num
                0x0800087e       0x8e ./Core/Src/main.o
                0x0800087e                OLED_Show_Num
 .text.OLED_Show_Decimal
                0x0800090c      0x150 ./Core/Src/main.o
                0x0800090c                OLED_Show_Decimal
 .text.OLED_Show_BMP
                0x08000a5c       0x60 ./Core/Src/main.o
                0x08000a5c                OLED_Show_BMP
 .text.OLED_Show_StartMenu
                0x08000abc      0x1d4 ./Core/Src/main.o
                0x08000abc                OLED_Show_StartMenu
 .text.PMBUS_Read_PSMI
                0x08000c90      0x118 ./Core/Src/main.o
                0x08000c90                PMBUS_Read_PSMI
 .text.PMBUS_Read_FRU
                0x08000da8       0x28 ./Core/Src/main.o
                0x08000da8                PMBUS_Read_FRU
 .text.USB_CDC_Transmit_PMBUS_PSMI
                0x08000dd0      0x2fc ./Core/Src/main.o
                0x08000dd0                USB_CDC_Transmit_PMBUS_PSMI
 .text.USB_CDC_Transmit_SYS_Status
                0x080010cc        0x4 ./Core/Src/main.o
                0x080010cc                USB_CDC_Transmit_SYS_Status
 .text.SYS_LED_Control_Run
                0x080010d0       0x48 ./Core/Src/main.o
                0x080010d0                SYS_LED_Control_Run
 .text.SYS_LED_Control_Fault
                0x08001118       0x48 ./Core/Src/main.o
                0x08001118                SYS_LED_Control_Fault
 .text.SYS_ADC_Convert_Value
                0x08001160      0x144 ./Core/Src/main.o
                0x08001160                SYS_ADC_Convert_Value
 .text.SystemClock_Config
                0x080012a4       0x86 ./Core/Src/main.o
                0x080012a4                SystemClock_Config
 *fill*         0x0800132a        0x2 
 .text.startup.main
                0x0800132c      0x4c0 ./Core/Src/main.o
                0x0800132c                main
 .text.Error_Handler
                0x080017ec        0x4 ./Core/Src/main.o
                0x080017ec                Error_Handler
 .text.HAL_MspInit
                0x080017f0       0x44 ./Core/Src/stm32f1xx_hal_msp.o
                0x080017f0                HAL_MspInit
 .text.HAL_ADC_MspInit
                0x08001834       0xbc ./Core/Src/stm32f1xx_hal_msp.o
                0x08001834                HAL_ADC_MspInit
 .text.HAL_I2C_MspInit
                0x080018f0       0xc0 ./Core/Src/stm32f1xx_hal_msp.o
                0x080018f0                HAL_I2C_MspInit
 .text.HAL_SPI_MspInit
                0x080019b0       0x78 ./Core/Src/stm32f1xx_hal_msp.o
                0x080019b0                HAL_SPI_MspInit
 .text.HAL_TIM_Base_MspInit
                0x08001a28       0x60 ./Core/Src/stm32f1xx_hal_msp.o
                0x08001a28                HAL_TIM_Base_MspInit
 .text.HAL_TIM_MspPostInit
                0x08001a88       0x50 ./Core/Src/stm32f1xx_hal_msp.o
                0x08001a88                HAL_TIM_MspPostInit
 .text.NMI_Handler
                0x08001ad8        0x2 ./Core/Src/stm32f1xx_it.o
                0x08001ad8                NMI_Handler
 .text.HardFault_Handler
                0x08001ada        0x2 ./Core/Src/stm32f1xx_it.o
                0x08001ada                HardFault_Handler
 .text.MemManage_Handler
                0x08001adc        0x2 ./Core/Src/stm32f1xx_it.o
                0x08001adc                MemManage_Handler
 .text.BusFault_Handler
                0x08001ade        0x2 ./Core/Src/stm32f1xx_it.o
                0x08001ade                BusFault_Handler
 .text.UsageFault_Handler
                0x08001ae0        0x2 ./Core/Src/stm32f1xx_it.o
                0x08001ae0                UsageFault_Handler
 .text.SVC_Handler
                0x08001ae2        0x2 ./Core/Src/stm32f1xx_it.o
                0x08001ae2                SVC_Handler
 .text.DebugMon_Handler
                0x08001ae4        0x2 ./Core/Src/stm32f1xx_it.o
                0x08001ae4                DebugMon_Handler
 .text.PendSV_Handler
                0x08001ae6        0x2 ./Core/Src/stm32f1xx_it.o
                0x08001ae6                PendSV_Handler
 .text.SysTick_Handler
                0x08001ae8        0x4 ./Core/Src/stm32f1xx_it.o
                0x08001ae8                SysTick_Handler
 .text.DMA1_Channel1_IRQHandler
                0x08001aec        0xc ./Core/Src/stm32f1xx_it.o
                0x08001aec                DMA1_Channel1_IRQHandler
 .text.USB_LP_CAN1_RX0_IRQHandler
                0x08001af8        0xc ./Core/Src/stm32f1xx_it.o
                0x08001af8                USB_LP_CAN1_RX0_IRQHandler
 .text.EXTI9_5_IRQHandler
                0x08001b04       0x14 ./Core/Src/stm32f1xx_it.o
                0x08001b04                EXTI9_5_IRQHandler
 .text.TIM2_IRQHandler
                0x08001b18       0x50 ./Core/Src/stm32f1xx_it.o
                0x08001b18                TIM2_IRQHandler
 .text.SystemInit
                0x08001b68        0x2 ./Core/Src/system_stm32f1xx.o
                0x08001b68                SystemInit
 *fill*         0x08001b6a        0x2 
 .text.Reset_Handler
                0x08001b6c       0x48 ./Core/Startup/startup_stm32f103c8tx.o
                0x08001b6c                Reset_Handler
 .text.Default_Handler
                0x08001bb4        0x2 ./Core/Startup/startup_stm32f103c8tx.o
                0x08001bb4                RTC_Alarm_IRQHandler
                0x08001bb4                EXTI2_IRQHandler
                0x08001bb4                TIM1_CC_IRQHandler
                0x08001bb4                PVD_IRQHandler
                0x08001bb4                EXTI3_IRQHandler
                0x08001bb4                EXTI0_IRQHandler
                0x08001bb4                I2C2_EV_IRQHandler
                0x08001bb4                ADC1_2_IRQHandler
                0x08001bb4                SPI1_IRQHandler
                0x08001bb4                TAMPER_IRQHandler
                0x08001bb4                DMA1_Channel4_IRQHandler
                0x08001bb4                USART3_IRQHandler
                0x08001bb4                RTC_IRQHandler
                0x08001bb4                DMA1_Channel7_IRQHandler
                0x08001bb4                CAN1_RX1_IRQHandler
                0x08001bb4                TIM4_IRQHandler
                0x08001bb4                I2C1_EV_IRQHandler
                0x08001bb4                DMA1_Channel6_IRQHandler
                0x08001bb4                TIM3_IRQHandler
                0x08001bb4                RCC_IRQHandler
                0x08001bb4                TIM1_TRG_COM_IRQHandler
                0x08001bb4                Default_Handler
                0x08001bb4                EXTI15_10_IRQHandler
                0x08001bb4                SPI2_IRQHandler
                0x08001bb4                DMA1_Channel5_IRQHandler
                0x08001bb4                EXTI4_IRQHandler
                0x08001bb4                USB_HP_CAN1_TX_IRQHandler
                0x08001bb4                DMA1_Channel3_IRQHandler
                0x08001bb4                TIM1_UP_IRQHandler
                0x08001bb4                WWDG_IRQHandler
                0x08001bb4                TIM1_BRK_IRQHandler
                0x08001bb4                EXTI1_IRQHandler
                0x08001bb4                USART2_IRQHandler
                0x08001bb4                I2C2_ER_IRQHandler
                0x08001bb4                DMA1_Channel2_IRQHandler
                0x08001bb4                CAN1_SCE_IRQHandler
                0x08001bb4                FLASH_IRQHandler
                0x08001bb4                USART1_IRQHandler
                0x08001bb4                I2C1_ER_IRQHandler
                0x08001bb4                USBWakeUp_IRQHandler
 *fill*         0x08001bb6        0x2 
 .text.HAL_InitTick
                0x08001bb8       0x48 ./Drivers/STM32F1xx_HAL_Driver/Src/stm32f1xx_hal.o
                0x08001bb8                HAL_InitTick
 .text.HAL_Init
                0x08001c00       0x24 ./Drivers/STM32F1xx_HAL_Driver/Src/stm32f1xx_hal.o
                0x08001c00                HAL_Init
 .text.HAL_IncTick
                0x08001c24       0x18 ./Drivers/STM32F1xx_HAL_Driver/Src/stm32f1xx_hal.o
                0x08001c24                HAL_IncTick
 .text.HAL_GetTick
                0x08001c3c        0xc ./Drivers/STM32F1xx_HAL_Driver/Src/stm32f1xx_hal.o
                0x08001c3c                HAL_GetTick
 .text.HAL_Delay
                0x08001c48       0x24 ./Drivers/STM32F1xx_HAL_Driver/Src/stm32f1xx_hal.o
                0x08001c48                HAL_Delay
 .text.HAL_ADC_ConvCpltCallback
                0x08001c6c        0x2 ./Drivers/STM32F1xx_HAL_Driver/Src/stm32f1xx_hal_adc.o
                0x08001c6c                HAL_ADC_ConvCpltCallback
 .text.ADC_DMAConvCplt
                0x08001c6e       0x4e ./Drivers/STM32F1xx_HAL_Driver/Src/stm32f1xx_hal_adc.o
                0x08001c6e                ADC_DMAConvCplt
 .text.HAL_ADC_ConvHalfCpltCallback
                0x08001cbc        0x2 ./Drivers/STM32F1xx_HAL_Driver/Src/stm32f1xx_hal_adc.o
                0x08001cbc                HAL_ADC_ConvHalfCpltCallback
 .text.ADC_DMAHalfConvCplt
                0x08001cbe        0xa ./Drivers/STM32F1xx_HAL_Driver/Src/stm32f1xx_hal_adc.o
                0x08001cbe                ADC_DMAHalfConvCplt
 .text.HAL_ADC_ErrorCallback
                0x08001cc8        0x2 ./Drivers/STM32F1xx_HAL_Driver/Src/stm32f1xx_hal_adc.o
                0x08001cc8                HAL_ADC_ErrorCallback
 .text.ADC_DMAError
                0x08001cca       0x1a ./Drivers/STM32F1xx_HAL_Driver/Src/stm32f1xx_hal_adc.o
                0x08001cca                ADC_DMAError
 .text.HAL_ADC_ConfigChannel
                0x08001ce4       0xfc ./Drivers/STM32F1xx_HAL_Driver/Src/stm32f1xx_hal_adc.o
                0x08001ce4                HAL_ADC_ConfigChannel
 .text.ADC_Enable
                0x08001de0       0x78 ./Drivers/STM32F1xx_HAL_Driver/Src/stm32f1xx_hal_adc.o
                0x08001de0                ADC_Enable
 .text.HAL_ADC_Start_DMA
                0x08001e58      0x11c ./Drivers/STM32F1xx_HAL_Driver/Src/stm32f1xx_hal_adc.o
                0x08001e58                HAL_ADC_Start_DMA
 .text.ADC_ConversionStop_Disable
                0x08001f74       0x4c ./Drivers/STM32F1xx_HAL_Driver/Src/stm32f1xx_hal_adc.o
                0x08001f74                ADC_ConversionStop_Disable
 .text.HAL_ADC_Init
                0x08001fc0       0xfc ./Drivers/STM32F1xx_HAL_Driver/Src/stm32f1xx_hal_adc.o
                0x08001fc0                HAL_ADC_Init
 .text.HAL_ADCEx_Calibration_Start
                0x080020bc       0xe0 ./Drivers/STM32F1xx_HAL_Driver/Src/stm32f1xx_hal_adc_ex.o
                0x080020bc                HAL_ADCEx_Calibration_Start
 .text.HAL_NVIC_SetPriorityGrouping
                0x0800219c       0x24 ./Drivers/STM32F1xx_HAL_Driver/Src/stm32f1xx_hal_cortex.o
                0x0800219c                HAL_NVIC_SetPriorityGrouping
 .text.HAL_NVIC_SetPriority
                0x080021c0       0x60 ./Drivers/STM32F1xx_HAL_Driver/Src/stm32f1xx_hal_cortex.o
                0x080021c0                HAL_NVIC_SetPriority
 .text.HAL_NVIC_EnableIRQ
                0x08002220       0x1c ./Drivers/STM32F1xx_HAL_Driver/Src/stm32f1xx_hal_cortex.o
                0x08002220                HAL_NVIC_EnableIRQ
 .text.HAL_SYSTICK_Config
                0x0800223c       0x28 ./Drivers/STM32F1xx_HAL_Driver/Src/stm32f1xx_hal_cortex.o
                0x0800223c                HAL_SYSTICK_Config
 .text.HAL_DMA_Init
                0x08002264       0x64 ./Drivers/STM32F1xx_HAL_Driver/Src/stm32f1xx_hal_dma.o
                0x08002264                HAL_DMA_Init
 .text.HAL_DMA_Start_IT
                0x080022c8       0x78 ./Drivers/STM32F1xx_HAL_Driver/Src/stm32f1xx_hal_dma.o
                0x080022c8                HAL_DMA_Start_IT
 .text.HAL_DMA_IRQHandler
                0x08002340      0x128 ./Drivers/STM32F1xx_HAL_Driver/Src/stm32f1xx_hal_dma.o
                0x08002340                HAL_DMA_IRQHandler
 .text.HAL_GPIO_Init
                0x08002468      0x1b0 ./Drivers/STM32F1xx_HAL_Driver/Src/stm32f1xx_hal_gpio.o
                0x08002468                HAL_GPIO_Init
 .text.HAL_GPIO_WritePin
                0x08002618        0xa ./Drivers/STM32F1xx_HAL_Driver/Src/stm32f1xx_hal_gpio.o
                0x08002618                HAL_GPIO_WritePin
 .text.HAL_GPIO_TogglePin
                0x08002622       0x12 ./Drivers/STM32F1xx_HAL_Driver/Src/stm32f1xx_hal_gpio.o
                0x08002622                HAL_GPIO_TogglePin
 .text.HAL_GPIO_EXTI_Callback
                0x08002634        0x2 ./Drivers/STM32F1xx_HAL_Driver/Src/stm32f1xx_hal_gpio.o
                0x08002634                HAL_GPIO_EXTI_Callback
 *fill*         0x08002636        0x2 
 .text.HAL_GPIO_EXTI_IRQHandler
                0x08002638       0x18 ./Drivers/STM32F1xx_HAL_Driver/Src/stm32f1xx_hal_gpio.o
                0x08002638                HAL_GPIO_EXTI_IRQHandler
 .text.I2C_IsAcknowledgeFailed
                0x08002650       0x32 ./Drivers/STM32F1xx_HAL_Driver/Src/stm32f1xx_hal_i2c.o
 .text.I2C_WaitOnFlagUntilTimeout
                0x08002682       0x80 ./Drivers/STM32F1xx_HAL_Driver/Src/stm32f1xx_hal_i2c.o
 .text.I2C_WaitOnMasterAddressFlagUntilTimeout
                0x08002702       0x84 ./Drivers/STM32F1xx_HAL_Driver/Src/stm32f1xx_hal_i2c.o
 .text.I2C_WaitOnTXEFlagUntilTimeout
                0x08002786       0x54 ./Drivers/STM32F1xx_HAL_Driver/Src/stm32f1xx_hal_i2c.o
 *fill*         0x080027da        0x2 
 .text.I2C_RequestMemoryWrite
                0x080027dc       0xb4 ./Drivers/STM32F1xx_HAL_Driver/Src/stm32f1xx_hal_i2c.o
 .text.I2C_RequestMemoryRead
                0x08002890      0x108 ./Drivers/STM32F1xx_HAL_Driver/Src/stm32f1xx_hal_i2c.o
 .text.I2C_WaitOnBTFFlagUntilTimeout
                0x08002998       0x54 ./Drivers/STM32F1xx_HAL_Driver/Src/stm32f1xx_hal_i2c.o
 .text.I2C_WaitOnRXNEFlagUntilTimeout
                0x080029ec       0x66 ./Drivers/STM32F1xx_HAL_Driver/Src/stm32f1xx_hal_i2c.o
 *fill*         0x08002a52        0x2 
 .text.HAL_I2C_Init
                0x08002a54      0x150 ./Drivers/STM32F1xx_HAL_Driver/Src/stm32f1xx_hal_i2c.o
                0x08002a54                HAL_I2C_Init
 .text.HAL_I2C_Mem_Write
                0x08002ba4      0x120 ./Drivers/STM32F1xx_HAL_Driver/Src/stm32f1xx_hal_i2c.o
                0x08002ba4                HAL_I2C_Mem_Write
 .text.HAL_I2C_Mem_Read
                0x08002cc4      0x288 ./Drivers/STM32F1xx_HAL_Driver/Src/stm32f1xx_hal_i2c.o
                0x08002cc4                HAL_I2C_Mem_Read
 .text.HAL_IWDG_Init
                0x08002f4c       0x52 ./Drivers/STM32F1xx_HAL_Driver/Src/stm32f1xx_hal_iwdg.o
                0x08002f4c                HAL_IWDG_Init
 .text.HAL_IWDG_Refresh
                0x08002f9e        0xc ./Drivers/STM32F1xx_HAL_Driver/Src/stm32f1xx_hal_iwdg.o
                0x08002f9e                HAL_IWDG_Refresh
 .text.HAL_PCD_Init
                0x08002faa       0xc6 ./Drivers/STM32F1xx_HAL_Driver/Src/stm32f1xx_hal_pcd.o
                0x08002faa                HAL_PCD_Init
 .text.HAL_PCD_Start
                0x08003070       0x32 ./Drivers/STM32F1xx_HAL_Driver/Src/stm32f1xx_hal_pcd.o
                0x08003070                HAL_PCD_Start
 .text.HAL_PCD_SetAddress
                0x080030a2       0x26 ./Drivers/STM32F1xx_HAL_Driver/Src/stm32f1xx_hal_pcd.o
                0x080030a2                HAL_PCD_SetAddress
 .text.HAL_PCD_IRQHandler
                0x080030c8      0xa08 ./Drivers/STM32F1xx_HAL_Driver/Src/stm32f1xx_hal_pcd.o
                0x080030c8                HAL_PCD_IRQHandler
 .text.HAL_PCD_EP_Open
                0x08003ad0       0x60 ./Drivers/STM32F1xx_HAL_Driver/Src/stm32f1xx_hal_pcd.o
                0x08003ad0                HAL_PCD_EP_Open
 .text.HAL_PCD_EP_Close
                0x08003b30       0x50 ./Drivers/STM32F1xx_HAL_Driver/Src/stm32f1xx_hal_pcd.o
                0x08003b30                HAL_PCD_EP_Close
 .text.HAL_PCD_EP_Receive
                0x08003b80       0x2e ./Drivers/STM32F1xx_HAL_Driver/Src/stm32f1xx_hal_pcd.o
                0x08003b80                HAL_PCD_EP_Receive
 .text.HAL_PCD_EP_GetRxCount
                0x08003bae       0x10 ./Drivers/STM32F1xx_HAL_Driver/Src/stm32f1xx_hal_pcd.o
                0x08003bae                HAL_PCD_EP_GetRxCount
 .text.HAL_PCD_EP_Transmit
                0x08003bbe       0x30 ./Drivers/STM32F1xx_HAL_Driver/Src/stm32f1xx_hal_pcd.o
                0x08003bbe                HAL_PCD_EP_Transmit
 .text.HAL_PCD_EP_SetStall
                0x08003bee       0x6c ./Drivers/STM32F1xx_HAL_Driver/Src/stm32f1xx_hal_pcd.o
                0x08003bee                HAL_PCD_EP_SetStall
 .text.HAL_PCD_EP_ClrStall
                0x08003c5a       0x64 ./Drivers/STM32F1xx_HAL_Driver/Src/stm32f1xx_hal_pcd.o
                0x08003c5a                HAL_PCD_EP_ClrStall
 .text.HAL_PCDEx_PMAConfig
                0x08003cbe       0x32 ./Drivers/STM32F1xx_HAL_Driver/Src/stm32f1xx_hal_pcd_ex.o
                0x08003cbe                HAL_PCDEx_PMAConfig
 .text.HAL_RCC_OscConfig
                0x08003cf0      0x338 ./Drivers/STM32F1xx_HAL_Driver/Src/stm32f1xx_hal_rcc.o
                0x08003cf0                HAL_RCC_OscConfig
 .text.HAL_RCC_GetSysClockFreq
                0x08004028       0x4c ./Drivers/STM32F1xx_HAL_Driver/Src/stm32f1xx_hal_rcc.o
                0x08004028                HAL_RCC_GetSysClockFreq
 .text.HAL_RCC_ClockConfig
                0x08004074      0x138 ./Drivers/STM32F1xx_HAL_Driver/Src/stm32f1xx_hal_rcc.o
                0x08004074                HAL_RCC_ClockConfig
 .text.HAL_RCC_GetPCLK1Freq
                0x080041ac       0x20 ./Drivers/STM32F1xx_HAL_Driver/Src/stm32f1xx_hal_rcc.o
                0x080041ac                HAL_RCC_GetPCLK1Freq
 .text.HAL_RCC_GetPCLK2Freq
                0x080041cc       0x20 ./Drivers/STM32F1xx_HAL_Driver/Src/stm32f1xx_hal_rcc.o
                0x080041cc                HAL_RCC_GetPCLK2Freq
 .text.HAL_RCCEx_PeriphCLKConfig
                0x080041ec       0xf4 ./Drivers/STM32F1xx_HAL_Driver/Src/stm32f1xx_hal_rcc_ex.o
                0x080041ec                HAL_RCCEx_PeriphCLKConfig
 .text.HAL_RCCEx_GetPeriphCLKFreq
                0x080042e0       0xbc ./Drivers/STM32F1xx_HAL_Driver/Src/stm32f1xx_hal_rcc_ex.o
                0x080042e0                HAL_RCCEx_GetPeriphCLKFreq
 .text.HAL_SPI_Init
                0x0800439c       0xb0 ./Drivers/STM32F1xx_HAL_Driver/Src/stm32f1xx_hal_spi.o
                0x0800439c                HAL_SPI_Init
 .text.TIM_OC1_SetConfig
                0x0800444c       0x50 ./Drivers/STM32F1xx_HAL_Driver/Src/stm32f1xx_hal_tim.o
 .text.TIM_OC3_SetConfig
                0x0800449c       0x54 ./Drivers/STM32F1xx_HAL_Driver/Src/stm32f1xx_hal_tim.o
 .text.TIM_OC4_SetConfig
                0x080044f0       0x44 ./Drivers/STM32F1xx_HAL_Driver/Src/stm32f1xx_hal_tim.o
 .text.HAL_TIM_Base_Start_IT
                0x08004534       0x54 ./Drivers/STM32F1xx_HAL_Driver/Src/stm32f1xx_hal_tim.o
                0x08004534                HAL_TIM_Base_Start_IT
 .text.HAL_TIM_PWM_MspInit
                0x08004588        0x2 ./Drivers/STM32F1xx_HAL_Driver/Src/stm32f1xx_hal_tim.o
                0x08004588                HAL_TIM_PWM_MspInit
 .text.HAL_TIM_PeriodElapsedCallback
                0x0800458a        0x2 ./Drivers/STM32F1xx_HAL_Driver/Src/stm32f1xx_hal_tim.o
                0x0800458a                HAL_TIM_PeriodElapsedCallback
 .text.HAL_TIM_OC_DelayElapsedCallback
                0x0800458c        0x2 ./Drivers/STM32F1xx_HAL_Driver/Src/stm32f1xx_hal_tim.o
                0x0800458c                HAL_TIM_OC_DelayElapsedCallback
 .text.HAL_TIM_IC_CaptureCallback
                0x0800458e        0x2 ./Drivers/STM32F1xx_HAL_Driver/Src/stm32f1xx_hal_tim.o
                0x0800458e                HAL_TIM_IC_CaptureCallback
 .text.HAL_TIM_PWM_PulseFinishedCallback
                0x08004590        0x2 ./Drivers/STM32F1xx_HAL_Driver/Src/stm32f1xx_hal_tim.o
                0x08004590                HAL_TIM_PWM_PulseFinishedCallback
 .text.HAL_TIM_TriggerCallback
                0x08004592        0x2 ./Drivers/STM32F1xx_HAL_Driver/Src/stm32f1xx_hal_tim.o
                0x08004592                HAL_TIM_TriggerCallback
 .text.HAL_TIM_IRQHandler
                0x08004594      0x128 ./Drivers/STM32F1xx_HAL_Driver/Src/stm32f1xx_hal_tim.o
                0x08004594                HAL_TIM_IRQHandler
 .text.TIM_Base_SetConfig
                0x080046bc       0x80 ./Drivers/STM32F1xx_HAL_Driver/Src/stm32f1xx_hal_tim.o
                0x080046bc                TIM_Base_SetConfig
 .text.HAL_TIM_Base_Init
                0x0800473c       0x58 ./Drivers/STM32F1xx_HAL_Driver/Src/stm32f1xx_hal_tim.o
                0x0800473c                HAL_TIM_Base_Init
 .text.HAL_TIM_PWM_Init
                0x08004794       0x58 ./Drivers/STM32F1xx_HAL_Driver/Src/stm32f1xx_hal_tim.o
                0x08004794                HAL_TIM_PWM_Init
 .text.TIM_OC2_SetConfig
                0x080047ec       0x58 ./Drivers/STM32F1xx_HAL_Driver/Src/stm32f1xx_hal_tim.o
                0x080047ec                TIM_OC2_SetConfig
 .text.HAL_TIM_PWM_ConfigChannel
                0x08004844       0xb0 ./Drivers/STM32F1xx_HAL_Driver/Src/stm32f1xx_hal_tim.o
                0x08004844                HAL_TIM_PWM_ConfigChannel
 .text.TIM_ETR_SetConfig
                0x080048f4       0x14 ./Drivers/STM32F1xx_HAL_Driver/Src/stm32f1xx_hal_tim.o
                0x080048f4                TIM_ETR_SetConfig
 .text.HAL_TIM_ConfigClockSource
                0x08004908      0x132 ./Drivers/STM32F1xx_HAL_Driver/Src/stm32f1xx_hal_tim.o
                0x08004908                HAL_TIM_ConfigClockSource
 .text.TIM_CCxChannelCmd
                0x08004a3a       0x1c ./Drivers/STM32F1xx_HAL_Driver/Src/stm32f1xx_hal_tim.o
                0x08004a3a                TIM_CCxChannelCmd
 *fill*         0x08004a56        0x2 
 .text.HAL_TIM_OC_Start
                0x08004a58       0x9c ./Drivers/STM32F1xx_HAL_Driver/Src/stm32f1xx_hal_tim.o
                0x08004a58                HAL_TIM_OC_Start
 .text.HAL_TIM_PWM_Start
                0x08004af4        0x4 ./Drivers/STM32F1xx_HAL_Driver/Src/stm32f1xx_hal_tim.o
                0x08004af4                HAL_TIM_PWM_Start
 .text.HAL_TIMEx_MasterConfigSynchronization
                0x08004af8       0x5c ./Drivers/STM32F1xx_HAL_Driver/Src/stm32f1xx_hal_tim_ex.o
                0x08004af8                HAL_TIMEx_MasterConfigSynchronization
 .text.HAL_TIMEx_ConfigBreakDeadTime
                0x08004b54       0x4c ./Drivers/STM32F1xx_HAL_Driver/Src/stm32f1xx_hal_tim_ex.o
                0x08004b54                HAL_TIMEx_ConfigBreakDeadTime
 .text.HAL_TIMEx_CommutCallback
                0x08004ba0        0x2 ./Drivers/STM32F1xx_HAL_Driver/Src/stm32f1xx_hal_tim_ex.o
                0x08004ba0                HAL_TIMEx_CommutCallback
 .text.HAL_TIMEx_BreakCallback
                0x08004ba2        0x2 ./Drivers/STM32F1xx_HAL_Driver/Src/stm32f1xx_hal_tim_ex.o
                0x08004ba2                HAL_TIMEx_BreakCallback
 .text.USB_CoreInit
                0x08004ba4        0xe ./Drivers/STM32F1xx_HAL_Driver/Src/stm32f1xx_ll_usb.o
                0x08004ba4                USB_CoreInit
 .text.USB_EnableGlobalInt
                0x08004bb2       0x12 ./Drivers/STM32F1xx_HAL_Driver/Src/stm32f1xx_ll_usb.o
                0x08004bb2                USB_EnableGlobalInt
 .text.USB_DisableGlobalInt
                0x08004bc4       0x14 ./Drivers/STM32F1xx_HAL_Driver/Src/stm32f1xx_ll_usb.o
                0x08004bc4                USB_DisableGlobalInt
 .text.USB_SetCurrentMode
                0x08004bd8        0x4 ./Drivers/STM32F1xx_HAL_Driver/Src/stm32f1xx_ll_usb.o
                0x08004bd8                USB_SetCurrentMode
 .text.USB_DevInit
                0x08004bdc       0x22 ./Drivers/STM32F1xx_HAL_Driver/Src/stm32f1xx_ll_usb.o
                0x08004bdc                USB_DevInit
 *fill*         0x08004bfe        0x2 
 .text.USB_ActivateEndpoint
                0x08004c00      0x2c0 ./Drivers/STM32F1xx_HAL_Driver/Src/stm32f1xx_ll_usb.o
                0x08004c00                USB_ActivateEndpoint
 .text.USB_DeactivateEndpoint
                0x08004ec0      0x1a6 ./Drivers/STM32F1xx_HAL_Driver/Src/stm32f1xx_ll_usb.o
                0x08004ec0                USB_DeactivateEndpoint
 .text.USB_EPSetStall
                0x08005066       0x40 ./Drivers/STM32F1xx_HAL_Driver/Src/stm32f1xx_ll_usb.o
                0x08005066                USB_EPSetStall
 .text.USB_EPClearStall
                0x080050a6       0x92 ./Drivers/STM32F1xx_HAL_Driver/Src/stm32f1xx_ll_usb.o
                0x080050a6                USB_EPClearStall
 .text.USB_SetDevAddress
                0x08005138        0xc ./Drivers/STM32F1xx_HAL_Driver/Src/stm32f1xx_ll_usb.o
                0x08005138                USB_SetDevAddress
 .text.USB_DevConnect
                0x08005144        0x4 ./Drivers/STM32F1xx_HAL_Driver/Src/stm32f1xx_ll_usb.o
                0x08005144                USB_DevConnect
 .text.USB_DevDisconnect
                0x08005148        0x4 ./Drivers/STM32F1xx_HAL_Driver/Src/stm32f1xx_ll_usb.o
                0x08005148                USB_DevDisconnect
 .text.USB_ReadInterrupts
                0x0800514c        0x8 ./Drivers/STM32F1xx_HAL_Driver/Src/stm32f1xx_ll_usb.o
                0x0800514c                USB_ReadInterrupts
 .text.USB_EP0_OutStart
                0x08005154        0x4 ./Drivers/STM32F1xx_HAL_Driver/Src/stm32f1xx_ll_usb.o
                0x08005154                USB_EP0_OutStart
 .text.USB_WritePMA
                0x08005158       0x20 ./Drivers/STM32F1xx_HAL_Driver/Src/stm32f1xx_ll_usb.o
                0x08005158                USB_WritePMA
 .text.USB_EPStartXfer
                0x08005178      0x46a ./Drivers/STM32F1xx_HAL_Driver/Src/stm32f1xx_ll_usb.o
                0x08005178                USB_EPStartXfer
 .text.USB_ReadPMA
                0x080055e2       0x38 ./Drivers/STM32F1xx_HAL_Driver/Src/stm32f1xx_ll_usb.o
                0x080055e2                USB_ReadPMA
 .text.USBD_CDC_EP0_RxReady
                0x0800561a       0x28 ./Middlewares/ST/STM32_USB_Device_Library/Class/CDC/Src/usbd_cdc.o
 *fill*         0x08005642        0x2 
 .text.USBD_CDC_GetFSCfgDesc
                0x08005644        0xc ./Middlewares/ST/STM32_USB_Device_Library/Class/CDC/Src/usbd_cdc.o
 .text.USBD_CDC_GetHSCfgDesc
                0x08005650        0xc ./Middlewares/ST/STM32_USB_Device_Library/Class/CDC/Src/usbd_cdc.o
 .text.USBD_CDC_GetOtherSpeedCfgDesc
                0x0800565c        0xc ./Middlewares/ST/STM32_USB_Device_Library/Class/CDC/Src/usbd_cdc.o
 .text.USBD_CDC_GetDeviceQualifierDescriptor
                0x08005668        0xc ./Middlewares/ST/STM32_USB_Device_Library/Class/CDC/Src/usbd_cdc.o
                0x08005668                USBD_CDC_GetDeviceQualifierDescriptor
 .text.USBD_CDC_DataOut
                0x08005674       0x2e ./Middlewares/ST/STM32_USB_Device_Library/Class/CDC/Src/usbd_cdc.o
 .text.USBD_CDC_DataIn
                0x080056a2       0x40 ./Middlewares/ST/STM32_USB_Device_Library/Class/CDC/Src/usbd_cdc.o
 .text.USBD_CDC_Setup
                0x080056e2       0xa2 ./Middlewares/ST/STM32_USB_Device_Library/Class/CDC/Src/usbd_cdc.o
 .text.USBD_CDC_DeInit
                0x08005784       0x42 ./Middlewares/ST/STM32_USB_Device_Library/Class/CDC/Src/usbd_cdc.o
 .text.USBD_CDC_Init
                0x080057c6       0x8c ./Middlewares/ST/STM32_USB_Device_Library/Class/CDC/Src/usbd_cdc.o
 .text.USBD_CDC_RegisterInterface
                0x08005852        0xe ./Middlewares/ST/STM32_USB_Device_Library/Class/CDC/Src/usbd_cdc.o
                0x08005852                USBD_CDC_RegisterInterface
 .text.USBD_CDC_SetTxBuffer
                0x08005860       0x10 ./Middlewares/ST/STM32_USB_Device_Library/Class/CDC/Src/usbd_cdc.o
                0x08005860                USBD_CDC_SetTxBuffer
 .text.USBD_CDC_SetRxBuffer
                0x08005870        0xc ./Middlewares/ST/STM32_USB_Device_Library/Class/CDC/Src/usbd_cdc.o
                0x08005870                USBD_CDC_SetRxBuffer
 .text.USBD_CDC_TransmitPacket
                0x0800587c       0x32 ./Middlewares/ST/STM32_USB_Device_Library/Class/CDC/Src/usbd_cdc.o
                0x0800587c                USBD_CDC_TransmitPacket
 .text.USBD_CDC_ReceivePacket
                0x080058ae       0x26 ./Middlewares/ST/STM32_USB_Device_Library/Class/CDC/Src/usbd_cdc.o
                0x080058ae                USBD_CDC_ReceivePacket
 .text.USBD_Init
                0x080058d4       0x2a ./Middlewares/ST/STM32_USB_Device_Library/Core/Src/usbd_core.o
                0x080058d4                USBD_Init
 .text.USBD_RegisterClass
                0x080058fe        0xe ./Middlewares/ST/STM32_USB_Device_Library/Core/Src/usbd_core.o
                0x080058fe                USBD_RegisterClass
 .text.USBD_Start
                0x0800590c        0xa ./Middlewares/ST/STM32_USB_Device_Library/Core/Src/usbd_core.o
                0x0800590c                USBD_Start
 .text.USBD_SetClassConfig
                0x08005916       0x1a ./Middlewares/ST/STM32_USB_Device_Library/Core/Src/usbd_core.o
                0x08005916                USBD_SetClassConfig
 .text.USBD_ClrClassConfig
                0x08005930        0xe ./Middlewares/ST/STM32_USB_Device_Library/Core/Src/usbd_core.o
                0x08005930                USBD_ClrClassConfig
 .text.USBD_LL_SetupStage
                0x0800593e       0x5a ./Middlewares/ST/STM32_USB_Device_Library/Core/Src/usbd_core.o
                0x0800593e                USBD_LL_SetupStage
 .text.USBD_LL_DataOutStage
                0x08005998       0x70 ./Middlewares/ST/STM32_USB_Device_Library/Core/Src/usbd_core.o
                0x08005998                USBD_LL_DataOutStage
 .text.USBD_LL_DataInStage
                0x08005a08       0xb8 ./Middlewares/ST/STM32_USB_Device_Library/Core/Src/usbd_core.o
                0x08005a08                USBD_LL_DataInStage
 .text.USBD_LL_Reset
                0x08005ac0       0x4e ./Middlewares/ST/STM32_USB_Device_Library/Core/Src/usbd_core.o
                0x08005ac0                USBD_LL_Reset
 .text.USBD_LL_SetSpeed
                0x08005b0e        0x6 ./Middlewares/ST/STM32_USB_Device_Library/Core/Src/usbd_core.o
                0x08005b0e                USBD_LL_SetSpeed
 .text.USBD_LL_Suspend
                0x08005b14       0x12 ./Middlewares/ST/STM32_USB_Device_Library/Core/Src/usbd_core.o
                0x08005b14                USBD_LL_Suspend
 .text.USBD_LL_Resume
                0x08005b26       0x14 ./Middlewares/ST/STM32_USB_Device_Library/Core/Src/usbd_core.o
                0x08005b26                USBD_LL_Resume
 .text.USBD_LL_SOF
                0x08005b3a       0x18 ./Middlewares/ST/STM32_USB_Device_Library/Core/Src/usbd_core.o
                0x08005b3a                USBD_LL_SOF
 .text.USBD_CtlError.constprop.0
                0x08005b52       0x16 ./Middlewares/ST/STM32_USB_Device_Library/Core/Src/usbd_ctlreq.o
 .text.USBD_StdDevReq
                0x08005b68      0x250 ./Middlewares/ST/STM32_USB_Device_Library/Core/Src/usbd_ctlreq.o
                0x08005b68                USBD_StdDevReq
 .text.USBD_StdItfReq
                0x08005db8       0x48 ./Middlewares/ST/STM32_USB_Device_Library/Core/Src/usbd_ctlreq.o
                0x08005db8                USBD_StdItfReq
 .text.USBD_StdEPReq
                0x08005e00      0x110 ./Middlewares/ST/STM32_USB_Device_Library/Core/Src/usbd_ctlreq.o
                0x08005e00                USBD_StdEPReq
 .text.USBD_ParseSetupRequest
                0x08005f10       0x16 ./Middlewares/ST/STM32_USB_Device_Library/Core/Src/usbd_ctlreq.o
                0x08005f10                USBD_ParseSetupRequest
 .text.USBD_CtlError
                0x08005f26       0x16 ./Middlewares/ST/STM32_USB_Device_Library/Core/Src/usbd_ctlreq.o
                0x08005f26                USBD_CtlError
 .text.USBD_GetString
                0x08005f3c       0x38 ./Middlewares/ST/STM32_USB_Device_Library/Core/Src/usbd_ctlreq.o
                0x08005f3c                USBD_GetString
 .text.USBD_CtlSendData
                0x08005f74       0x1a ./Middlewares/ST/STM32_USB_Device_Library/Core/Src/usbd_ioreq.o
                0x08005f74                USBD_CtlSendData
 .text.USBD_CtlContinueSendData
                0x08005f8e       0x10 ./Middlewares/ST/STM32_USB_Device_Library/Core/Src/usbd_ioreq.o
                0x08005f8e                USBD_CtlContinueSendData
 .text.USBD_CtlPrepareRx
                0x08005f9e       0x1a ./Middlewares/ST/STM32_USB_Device_Library/Core/Src/usbd_ioreq.o
                0x08005f9e                USBD_CtlPrepareRx
 .text.USBD_CtlContinueRx
                0x08005fb8       0x10 ./Middlewares/ST/STM32_USB_Device_Library/Core/Src/usbd_ioreq.o
                0x08005fb8                USBD_CtlContinueRx
 .text.USBD_CtlSendStatus
                0x08005fc8       0x16 ./Middlewares/ST/STM32_USB_Device_Library/Core/Src/usbd_ioreq.o
                0x08005fc8                USBD_CtlSendStatus
 .text.USBD_CtlReceiveStatus
                0x08005fde       0x16 ./Middlewares/ST/STM32_USB_Device_Library/Core/Src/usbd_ioreq.o
                0x08005fde                USBD_CtlReceiveStatus
 .text.MX_USB_DEVICE_Init
                0x08005ff4       0x50 ./USB_DEVICE/App/usb_device.o
                0x08005ff4                MX_USB_DEVICE_Init
 .text.CDC_DeInit_FS
                0x08006044        0x4 ./USB_DEVICE/App/usbd_cdc_if.o
 .text.CDC_Control_FS
                0x08006048        0x4 ./USB_DEVICE/App/usbd_cdc_if.o
 .text.CDC_Init_FS
                0x0800604c       0x28 ./USB_DEVICE/App/usbd_cdc_if.o
 .text.CDC_Transmit_FS
                0x08006074       0x2c ./USB_DEVICE/App/usbd_cdc_if.o
                0x08006074                CDC_Transmit_FS
 .text.CDC_Receive_FS
                0x080060a0       0x40 ./USB_DEVICE/App/usbd_cdc_if.o
 .text.USBD_FS_DeviceDescriptor
                0x080060e0        0xc ./USB_DEVICE/App/usbd_desc.o
                0x080060e0                USBD_FS_DeviceDescriptor
 .text.USBD_FS_LangIDStrDescriptor
                0x080060ec        0xc ./USB_DEVICE/App/usbd_desc.o
                0x080060ec                USBD_FS_LangIDStrDescriptor
 .text.IntToUnicode
                0x080060f8       0x2a ./USB_DEVICE/App/usbd_desc.o
 *fill*         0x08006122        0x2 
 .text.USBD_FS_SerialStrDescriptor
                0x08006124       0x3c ./USB_DEVICE/App/usbd_desc.o
                0x08006124                USBD_FS_SerialStrDescriptor
 .text.USBD_FS_ManufacturerStrDescriptor
                0x08006160       0x1c ./USB_DEVICE/App/usbd_desc.o
                0x08006160                USBD_FS_ManufacturerStrDescriptor
 .text.USBD_FS_ProductStrDescriptor
                0x0800617c       0x1c ./USB_DEVICE/App/usbd_desc.o
                0x0800617c                USBD_FS_ProductStrDescriptor
 .text.USBD_FS_ConfigStrDescriptor
                0x08006198       0x1c ./USB_DEVICE/App/usbd_desc.o
                0x08006198                USBD_FS_ConfigStrDescriptor
 .text.USBD_FS_InterfaceStrDescriptor
                0x080061b4       0x1c ./USB_DEVICE/App/usbd_desc.o
                0x080061b4                USBD_FS_InterfaceStrDescriptor
 .text.USBD_Get_USB_Status
                0x080061d0        0xc ./USB_DEVICE/Target/usbd_conf.o
 .text.HAL_PCD_MspInit
                0x080061dc       0x40 ./USB_DEVICE/Target/usbd_conf.o
                0x080061dc                HAL_PCD_MspInit
 .text.HAL_PCD_SetupStageCallback
                0x0800621c        0xc ./USB_DEVICE/Target/usbd_conf.o
                0x0800621c                HAL_PCD_SetupStageCallback
 .text.HAL_PCD_DataOutStageCallback
                0x08006228       0x12 ./USB_DEVICE/Target/usbd_conf.o
                0x08006228                HAL_PCD_DataOutStageCallback
 .text.HAL_PCD_DataInStageCallback
                0x0800623a       0x10 ./USB_DEVICE/Target/usbd_conf.o
                0x0800623a                HAL_PCD_DataInStageCallback
 .text.HAL_PCD_SOFCallback
                0x0800624a        0x8 ./USB_DEVICE/Target/usbd_conf.o
                0x0800624a                HAL_PCD_SOFCallback
 .text.HAL_PCD_ResetCallback
                0x08006252       0x24 ./USB_DEVICE/Target/usbd_conf.o
                0x08006252                HAL_PCD_ResetCallback
 *fill*         0x08006276        0x2 
 .text.HAL_PCD_SuspendCallback
                0x08006278       0x20 ./USB_DEVICE/Target/usbd_conf.o
                0x08006278                HAL_PCD_SuspendCallback
 .text.HAL_PCD_ResumeCallback
                0x08006298        0x8 ./USB_DEVICE/Target/usbd_conf.o
                0x08006298                HAL_PCD_ResumeCallback
 .text.USBD_LL_Init
                0x080062a0       0x80 ./USB_DEVICE/Target/usbd_conf.o
                0x080062a0                USBD_LL_Init
 .text.USBD_LL_Start
                0x08006320       0x12 ./USB_DEVICE/Target/usbd_conf.o
                0x08006320                USBD_LL_Start
 .text.USBD_LL_OpenEP
                0x08006332       0x18 ./USB_DEVICE/Target/usbd_conf.o
                0x08006332                USBD_LL_OpenEP
 .text.USBD_LL_CloseEP
                0x0800634a       0x12 ./USB_DEVICE/Target/usbd_conf.o
                0x0800634a                USBD_LL_CloseEP
 .text.USBD_LL_StallEP
                0x0800635c       0x12 ./USB_DEVICE/Target/usbd_conf.o
                0x0800635c                USBD_LL_StallEP
 .text.USBD_LL_ClearStallEP
                0x0800636e       0x12 ./USB_DEVICE/Target/usbd_conf.o
                0x0800636e                USBD_LL_ClearStallEP
 .text.USBD_LL_IsStallEP
                0x08006380       0x22 ./USB_DEVICE/Target/usbd_conf.o
                0x08006380                USBD_LL_IsStallEP
 .text.USBD_LL_SetUSBAddress
                0x080063a2       0x12 ./USB_DEVICE/Target/usbd_conf.o
                0x080063a2                USBD_LL_SetUSBAddress
 .text.USBD_LL_Transmit
                0x080063b4       0x12 ./USB_DEVICE/Target/usbd_conf.o
                0x080063b4                USBD_LL_Transmit
 .text.USBD_LL_PrepareReceive
                0x080063c6       0x12 ./USB_DEVICE/Target/usbd_conf.o
                0x080063c6                USBD_LL_PrepareReceive
 .text.USBD_LL_GetRxDataSize
                0x080063d8        0x8 ./USB_DEVICE/Target/usbd_conf.o
                0x080063d8                USBD_LL_GetRxDataSize
 .text.USBD_static_malloc
                0x080063e0        0x8 ./USB_DEVICE/Target/usbd_conf.o
                0x080063e0                USBD_static_malloc
 .text.USBD_static_free
                0x080063e8        0x2 ./USB_DEVICE/Target/usbd_conf.o
                0x080063e8                USBD_static_free
 .text.HAL_PCDEx_SetConnectionState
                0x080063ea        0x2 ./USB_DEVICE/Target/usbd_conf.o
                0x080063ea                HAL_PCDEx_SetConnectionState
 .text.memset   0x080063ec       0x10 C:/ST/STM32CubeIDE_1.17.0/STM32CubeIDE/plugins/com.st.stm32cube.ide.mcu.externaltools.gnu-tools-for-stm32.12.3.rel1.win32_1.1.0.202410251130/tools/bin/../lib/gcc/arm-none-eabi/12.3.1/../../../../arm-none-eabi/lib/thumb/v7-m/nofp\libc_nano.a(libc_a-memset.o)
                0x080063ec                memset
 .text.__libc_init_array
                0x080063fc       0x48 C:/ST/STM32CubeIDE_1.17.0/STM32CubeIDE/plugins/com.st.stm32cube.ide.mcu.externaltools.gnu-tools-for-stm32.12.3.rel1.win32_1.1.0.202410251130/tools/bin/../lib/gcc/arm-none-eabi/12.3.1/../../../../arm-none-eabi/lib/thumb/v7-m/nofp\libc_nano.a(libc_a-init.o)
                0x080063fc                __libc_init_array
 *(.glue_7)
 .glue_7        0x08006444        0x0 linker stubs
 *(.glue_7t)
 .glue_7t       0x08006444        0x0 linker stubs
 *(.eh_frame)
 .eh_frame      0x08006444        0x0 C:/ST/STM32CubeIDE_1.17.0/STM32CubeIDE/plugins/com.st.stm32cube.ide.mcu.externaltools.gnu-tools-for-stm32.12.3.rel1.win32_1.1.0.202410251130/tools/bin/../lib/gcc/arm-none-eabi/12.3.1/thumb/v7-m/nofp/crtbegin.o
 *(.init)
 .init          0x08006444        0x4 C:/ST/STM32CubeIDE_1.17.0/STM32CubeIDE/plugins/com.st.stm32cube.ide.mcu.externaltools.gnu-tools-for-stm32.12.3.rel1.win32_1.1.0.202410251130/tools/bin/../lib/gcc/arm-none-eabi/12.3.1/thumb/v7-m/nofp/crti.o
                0x08006444                _init
 .init          0x08006448        0x8 C:/ST/STM32CubeIDE_1.17.0/STM32CubeIDE/plugins/com.st.stm32cube.ide.mcu.externaltools.gnu-tools-for-stm32.12.3.rel1.win32_1.1.0.202410251130/tools/bin/../lib/gcc/arm-none-eabi/12.3.1/thumb/v7-m/nofp/crtn.o
 *(.fini)
 .fini          0x08006450        0x4 C:/ST/STM32CubeIDE_1.17.0/STM32CubeIDE/plugins/com.st.stm32cube.ide.mcu.externaltools.gnu-tools-for-stm32.12.3.rel1.win32_1.1.0.202410251130/tools/bin/../lib/gcc/arm-none-eabi/12.3.1/thumb/v7-m/nofp/crti.o
                0x08006450                _fini
 .fini          0x08006454        0x8 C:/ST/STM32CubeIDE_1.17.0/STM32CubeIDE/plugins/com.st.stm32cube.ide.mcu.externaltools.gnu-tools-for-stm32.12.3.rel1.win32_1.1.0.202410251130/tools/bin/../lib/gcc/arm-none-eabi/12.3.1/thumb/v7-m/nofp/crtn.o
                0x0800645c                        . = ALIGN (0x4)
                0x0800645c                        _etext = .

.vfp11_veneer   0x0800645c        0x0
 .vfp11_veneer  0x0800645c        0x0 linker stubs

.v4_bx          0x0800645c        0x0
 .v4_bx         0x0800645c        0x0 linker stubs

.iplt           0x0800645c        0x0
 .iplt          0x0800645c        0x0 C:/ST/STM32CubeIDE_1.17.0/STM32CubeIDE/plugins/com.st.stm32cube.ide.mcu.externaltools.gnu-tools-for-stm32.12.3.rel1.win32_1.1.0.202410251130/tools/bin/../lib/gcc/arm-none-eabi/12.3.1/thumb/v7-m/nofp/crtbegin.o

.rodata         0x0800645c     0x1110
                0x0800645c                        . = ALIGN (0x4)
 *(.rodata)
 *(.rodata*)
 .rodata.OLED_Show_StartMenu.str1.1
                0x0800645c       0x2b ./Core/Src/main.o
                                 0x2d (size before relaxing)
 .rodata.USB_CDC_Transmit_PMBUS_PSMI.str1.1
                0x08006487       0x44 ./Core/Src/main.o
 .rodata.OLED_BMP_INIT
                0x080064cb      0x400 ./Core/Src/main.o
                0x080064cb                OLED_BMP_INIT
 .rodata.OLED_BMP_SYS
                0x080068cb      0x400 ./Core/Src/main.o
                0x080068cb                OLED_BMP_SYS
 .rodata.F8X16  0x08006ccb      0x5e0 ./Core/Src/main.o
                0x08006ccb                F8X16
 .rodata.F6x8   0x080072ab      0x228 ./Core/Src/main.o
                0x080072ab                F6x8
 .rodata.APBPrescTable
                0x080074d3        0x8 ./Core/Src/system_stm32f1xx.o
                0x080074d3                APBPrescTable
 .rodata.AHBPrescTable
                0x080074db       0x10 ./Core/Src/system_stm32f1xx.o
                0x080074db                AHBPrescTable
 .rodata.aPredivFactorTable.0
                0x080074eb        0x2 ./Drivers/STM32F1xx_HAL_Driver/Src/stm32f1xx_hal_rcc.o
 .rodata.aPLLMULFactorTable.1
                0x080074ed       0x10 ./Drivers/STM32F1xx_HAL_Driver/Src/stm32f1xx_hal_rcc.o
 .rodata.aPredivFactorTable.0
                0x080074fd        0x2 ./Drivers/STM32F1xx_HAL_Driver/Src/stm32f1xx_hal_rcc_ex.o
 .rodata.aPLLMULFactorTable.1
                0x080074ff       0x10 ./Drivers/STM32F1xx_HAL_Driver/Src/stm32f1xx_hal_rcc_ex.o
 .rodata.CDC_Receive_FS.str1.1
                0x0800750f       0x18 ./USB_DEVICE/App/usbd_cdc_if.o
 .rodata.USBD_FS_ManufacturerStrDescriptor.str1.1
                0x08007527       0x13 ./USB_DEVICE/App/usbd_desc.o
 .rodata.USBD_FS_ProductStrDescriptor.str1.1
                0x0800753a       0x16 ./USB_DEVICE/App/usbd_desc.o
 .rodata.USBD_FS_ConfigStrDescriptor.str1.1
                0x08007550        0xb ./USB_DEVICE/App/usbd_desc.o
 .rodata.USBD_FS_InterfaceStrDescriptor.str1.1
                0x0800755b        0xe ./USB_DEVICE/App/usbd_desc.o
                0x0800756c                        . = ALIGN (0x4)
 *fill*         0x08007569        0x3 

.ARM.extab      0x0800756c        0x0
                0x0800756c                        . = ALIGN (0x4)
 *(.ARM.extab* .gnu.linkonce.armextab.*)
                0x0800756c                        . = ALIGN (0x4)

.ARM            0x0800756c        0x8
                0x0800756c                        . = ALIGN (0x4)
                0x0800756c                        __exidx_start = .
 *(.ARM.exidx*)
 .ARM.exidx     0x0800756c        0x8 C:/ST/STM32CubeIDE_1.17.0/STM32CubeIDE/plugins/com.st.stm32cube.ide.mcu.externaltools.gnu-tools-for-stm32.12.3.rel1.win32_1.1.0.202410251130/tools/bin/../lib/gcc/arm-none-eabi/12.3.1/../../../../arm-none-eabi/lib/thumb/v7-m/nofp\libc_nano.a(libc_a-strcmp.o)
 .ARM.exidx     0x08007574        0x0 C:/ST/STM32CubeIDE_1.17.0/STM32CubeIDE/plugins/com.st.stm32cube.ide.mcu.externaltools.gnu-tools-for-stm32.12.3.rel1.win32_1.1.0.202410251130/tools/bin/../lib/gcc/arm-none-eabi/12.3.1/../../../../arm-none-eabi/lib/thumb/v7-m/nofp\libc_nano.a(libc_a-strlen.o)
                                  0x8 (size before relaxing)
                0x08007574                        __exidx_end = .
                0x08007574                        . = ALIGN (0x4)

.preinit_array  0x08007574        0x0
                0x08007574                        . = ALIGN (0x4)
                0x08007574                        PROVIDE (__preinit_array_start = .)
 *(.preinit_array*)
                0x08007574                        PROVIDE (__preinit_array_end = .)
                0x08007574                        . = ALIGN (0x4)

.init_array     0x08007574        0x4
                0x08007574                        . = ALIGN (0x4)
                0x08007574                        PROVIDE (__init_array_start = .)
 *(SORT_BY_NAME(.init_array.*))
 *(.init_array*)
 .init_array    0x08007574        0x4 C:/ST/STM32CubeIDE_1.17.0/STM32CubeIDE/plugins/com.st.stm32cube.ide.mcu.externaltools.gnu-tools-for-stm32.12.3.rel1.win32_1.1.0.202410251130/tools/bin/../lib/gcc/arm-none-eabi/12.3.1/thumb/v7-m/nofp/crtbegin.o
                0x08007578                        PROVIDE (__init_array_end = .)
                0x08007578                        . = ALIGN (0x4)

.fini_array     0x08007578        0x4
                0x08007578                        . = ALIGN (0x4)
                [!provide]                        PROVIDE (__fini_array_start = .)
 *(SORT_BY_NAME(.fini_array.*))
 *(.fini_array*)
 .fini_array    0x08007578        0x4 C:/ST/STM32CubeIDE_1.17.0/STM32CubeIDE/plugins/com.st.stm32cube.ide.mcu.externaltools.gnu-tools-for-stm32.12.3.rel1.win32_1.1.0.202410251130/tools/bin/../lib/gcc/arm-none-eabi/12.3.1/thumb/v7-m/nofp/crtbegin.o
                [!provide]                        PROVIDE (__fini_array_end = .)
                0x0800757c                        . = ALIGN (0x4)
                0x0800757c                        _sidata = LOADADDR (.data)

.rel.dyn        0x0800757c        0x0
 .rel.iplt      0x0800757c        0x0 C:/ST/STM32CubeIDE_1.17.0/STM32CubeIDE/plugins/com.st.stm32cube.ide.mcu.externaltools.gnu-tools-for-stm32.12.3.rel1.win32_1.1.0.202410251130/tools/bin/../lib/gcc/arm-none-eabi/12.3.1/thumb/v7-m/nofp/crtbegin.o

.data           0x20000000      0x17c load address 0x0800757c
                0x20000000                        . = ALIGN (0x4)
                0x20000000                        _sdata = .
 *(.data)
 *(.data*)
 .data.SystemCoreClock
                0x20000000        0x4 ./Core/Src/system_stm32f1xx.o
                0x20000000                SystemCoreClock
 .data.uwTickFreq
                0x20000004        0x1 ./Drivers/STM32F1xx_HAL_Driver/Src/stm32f1xx_hal.o
                0x20000004                uwTickFreq
 *fill*         0x20000005        0x3 
 .data.uwTickPrio
                0x20000008        0x4 ./Drivers/STM32F1xx_HAL_Driver/Src/stm32f1xx_hal.o
                0x20000008                uwTickPrio
 .data.USBD_CDC_OtherSpeedCfgDesc
                0x2000000c       0x43 ./Middlewares/ST/STM32_USB_Device_Library/Class/CDC/Src/usbd_cdc.o
                0x2000000c                USBD_CDC_OtherSpeedCfgDesc
 *fill*         0x2000004f        0x1 
 .data.USBD_CDC_CfgFSDesc
                0x20000050       0x43 ./Middlewares/ST/STM32_USB_Device_Library/Class/CDC/Src/usbd_cdc.o
                0x20000050                USBD_CDC_CfgFSDesc
 *fill*         0x20000093        0x1 
 .data.USBD_CDC_CfgHSDesc
                0x20000094       0x43 ./Middlewares/ST/STM32_USB_Device_Library/Class/CDC/Src/usbd_cdc.o
                0x20000094                USBD_CDC_CfgHSDesc
 *fill*         0x200000d7        0x1 
 .data.USBD_CDC
                0x200000d8       0x38 ./Middlewares/ST/STM32_USB_Device_Library/Class/CDC/Src/usbd_cdc.o
                0x200000d8                USBD_CDC
 .data.USBD_CDC_DeviceQualifierDesc
                0x20000110        0xa ./Middlewares/ST/STM32_USB_Device_Library/Class/CDC/Src/usbd_cdc.o
 *fill*         0x2000011a        0x2 
 .data.USBD_Interface_fops_FS
                0x2000011c       0x10 ./USB_DEVICE/App/usbd_cdc_if.o
                0x2000011c                USBD_Interface_fops_FS
 .data.USBD_StringSerial
                0x2000012c       0x1a ./USB_DEVICE/App/usbd_desc.o
                0x2000012c                USBD_StringSerial
 *fill*         0x20000146        0x2 
 .data.USBD_LangIDDesc
                0x20000148        0x4 ./USB_DEVICE/App/usbd_desc.o
                0x20000148                USBD_LangIDDesc
 .data.USBD_FS_DeviceDesc
                0x2000014c       0x12 ./USB_DEVICE/App/usbd_desc.o
                0x2000014c                USBD_FS_DeviceDesc
 *fill*         0x2000015e        0x2 
 .data.FS_Desc  0x20000160       0x1c ./USB_DEVICE/App/usbd_desc.o
                0x20000160                FS_Desc
 *(.RamFunc)
 *(.RamFunc*)
                0x2000017c                        . = ALIGN (0x4)
                0x2000017c                        _edata = .

.igot.plt       0x2000017c        0x0 load address 0x080076f8
 .igot.plt      0x2000017c        0x0 C:/ST/STM32CubeIDE_1.17.0/STM32CubeIDE/plugins/com.st.stm32cube.ide.mcu.externaltools.gnu-tools-for-stm32.12.3.rel1.win32_1.1.0.202410251130/tools/bin/../lib/gcc/arm-none-eabi/12.3.1/thumb/v7-m/nofp/crtbegin.o
                0x2000017c                        . = ALIGN (0x4)

.bss            0x2000017c     0x154c load address 0x080076f8
                0x2000017c                        _sbss = .
                0x2000017c                        __bss_start__ = _sbss
 *(.bss)
 .bss           0x2000017c       0x1c C:/ST/STM32CubeIDE_1.17.0/STM32CubeIDE/plugins/com.st.stm32cube.ide.mcu.externaltools.gnu-tools-for-stm32.12.3.rel1.win32_1.1.0.202410251130/tools/bin/../lib/gcc/arm-none-eabi/12.3.1/thumb/v7-m/nofp/crtbegin.o
 *(.bss*)
 .bss.SYS_FAN_Speed
                0x20000198        0x4 ./Core/Src/main.o
                0x20000198                SYS_FAN_Speed
 .bss.SYS_FAN_TACH_Count
                0x2000019c        0x4 ./Core/Src/main.o
                0x2000019c                SYS_FAN_TACH_Count
 .bss.Vref_IN   0x200001a0        0x4 ./Core/Src/main.o
                0x200001a0                Vref_IN
 .bss.T_IN      0x200001a4        0x4 ./Core/Src/main.o
                0x200001a4                T_IN
 .bss.T_FRONT   0x200001a8        0x4 ./Core/Src/main.o
                0x200001a8                T_FRONT
 .bss.T_REAR    0x200001ac        0x4 ./Core/Src/main.o
                0x200001ac                T_REAR
 .bss.T_BOOST   0x200001b0        0x4 ./Core/Src/main.o
                0x200001b0                T_BOOST
 .bss.VCC3V3_SYS_VADC
                0x200001b4        0x4 ./Core/Src/main.o
                0x200001b4                VCC3V3_SYS_VADC
 .bss.VCC5V0_SYS_VADC
                0x200001b8        0x4 ./Core/Src/main.o
                0x200001b8                VCC5V0_SYS_VADC
 .bss.VCC12V_SB_VADC
                0x200001bc        0x4 ./Core/Src/main.o
                0x200001bc                VCC12V_SB_VADC
 .bss.VCC12V_SYS_VADC
                0x200001c0        0x4 ./Core/Src/main.o
                0x200001c0                VCC12V_SYS_VADC
 .bss.Output_19V5_Power
                0x200001c4        0x4 ./Core/Src/main.o
                0x200001c4                Output_19V5_Power
 .bss.VCC19V5_IADC
                0x200001c8        0x4 ./Core/Src/main.o
                0x200001c8                VCC19V5_IADC
 .bss.VCC19V5_VADC
                0x200001cc        0x4 ./Core/Src/main.o
                0x200001cc                VCC19V5_VADC
 .bss.ADC_Value
                0x200001d0       0x16 ./Core/Src/main.o
                0x200001d0                ADC_Value
 .bss.PMBUS_Recv_Buf_FRU
                0x200001e6       0xff ./Core/Src/main.o
 .bss.PMBUS_Recv_Buf_PSMI_0x02
                0x200002e5        0x2 ./Core/Src/main.o
 .bss.PMBUS_Recv_Buf_PSMI_0x00
                0x200002e7        0x2 ./Core/Src/main.o
 .bss.PMBUS_Recv_Buf_PSMI_0x1E
                0x200002e9        0x1 ./Core/Src/main.o
 .bss.PMBUS_Recv_Buf_PSMI_0x12
                0x200002ea        0x1 ./Core/Src/main.o
 .bss.PMBUS_Recv_Buf_PSMI_0x0C
                0x200002eb        0x1 ./Core/Src/main.o
 .bss.PMBUS_Recv_Buf_PSMI_0x08
                0x200002ec        0x1 ./Core/Src/main.o
 .bss.PMBUS_Recv_Buf_PSMI_0x10
                0x200002ed        0x1 ./Core/Src/main.o
 .bss.PMBUS_Recv_Buf_PSMI_0x0E
                0x200002ee        0x1 ./Core/Src/main.o
 .bss.PMBUS_Recv_Buf_PSMI_0x98
                0x200002ef        0x1 ./Core/Src/main.o
 .bss.PMBUS_Recv_Buf_PSMI_0x1A
                0x200002f0        0x1 ./Core/Src/main.o
 .bss.PMBUS_Recv_Buf_PSMI_0x04
                0x200002f1        0x2 ./Core/Src/main.o
 .bss.SYS_Power_State
                0x200002f3        0x1 ./Core/Src/main.o
 .bss.htim2     0x200002f4       0x48 ./Core/Src/main.o
                0x200002f4                htim2
 .bss.htim1     0x2000033c       0x48 ./Core/Src/main.o
                0x2000033c                htim1
 .bss.hspi2     0x20000384       0x58 ./Core/Src/main.o
                0x20000384                hspi2
 .bss.hiwdg     0x200003dc        0xc ./Core/Src/main.o
                0x200003dc                hiwdg
 .bss.hi2c2     0x200003e8       0x54 ./Core/Src/main.o
                0x200003e8                hi2c2
 .bss.hi2c1     0x2000043c       0x54 ./Core/Src/main.o
                0x2000043c                hi2c1
 .bss.hdma_adc1
                0x20000490       0x44 ./Core/Src/main.o
                0x20000490                hdma_adc1
 .bss.hadc1     0x200004d4       0x30 ./Core/Src/main.o
                0x200004d4                hadc1
 .bss.uwTick    0x20000504        0x4 ./Drivers/STM32F1xx_HAL_Driver/Src/stm32f1xx_hal.o
                0x20000504                uwTick
 .bss.cfgidx.0  0x20000508        0x1 ./Middlewares/ST/STM32_USB_Device_Library/Core/Src/usbd_ctlreq.o
 *fill*         0x20000509        0x3 
 .bss.hUsbDeviceFS
                0x2000050c      0x2c4 ./USB_DEVICE/App/usb_device.o
                0x2000050c                hUsbDeviceFS
 .bss.UserTxBufferFS
                0x200007d0      0x400 ./USB_DEVICE/App/usbd_cdc_if.o
                0x200007d0                UserTxBufferFS
 .bss.UserRxBufferFS
                0x20000bd0      0x400 ./USB_DEVICE/App/usbd_cdc_if.o
                0x20000bd0                UserRxBufferFS
 .bss.USBD_StrDesc
                0x20000fd0      0x200 ./USB_DEVICE/App/usbd_desc.o
                0x20000fd0                USBD_StrDesc
 .bss.mem.0     0x200011d0      0x220 ./USB_DEVICE/Target/usbd_conf.o
 .bss.hpcd_USB_FS
                0x200013f0      0x2d8 ./USB_DEVICE/Target/usbd_conf.o
                0x200013f0                hpcd_USB_FS
 *(COMMON)
                0x200016c8                        . = ALIGN (0x4)
                0x200016c8                        _ebss = .
                0x200016c8                        __bss_end__ = _ebss

._user_heap_stack
                0x200016c8      0x600 load address 0x080076f8
                0x200016c8                        . = ALIGN (0x8)
                [!provide]                        PROVIDE (end = .)
                0x200016c8                        PROVIDE (_end = .)
                0x200018c8                        . = (. + _Min_Heap_Size)
 *fill*         0x200016c8      0x200 
                0x20001cc8                        . = (. + _Min_Stack_Size)
 *fill*         0x200018c8      0x400 
                0x20001cc8                        . = ALIGN (0x8)

/DISCARD/
 libc.a(*)
 libm.a(*)
 libgcc.a(*)

.ARM.attributes
                0x00000000       0x29
 *(.ARM.attributes)
 .ARM.attributes
                0x00000000       0x1d C:/ST/STM32CubeIDE_1.17.0/STM32CubeIDE/plugins/com.st.stm32cube.ide.mcu.externaltools.gnu-tools-for-stm32.12.3.rel1.win32_1.1.0.202410251130/tools/bin/../lib/gcc/arm-none-eabi/12.3.1/thumb/v7-m/nofp/crti.o
 .ARM.attributes
                0x0000001d       0x2d C:/ST/STM32CubeIDE_1.17.0/STM32CubeIDE/plugins/com.st.stm32cube.ide.mcu.externaltools.gnu-tools-for-stm32.12.3.rel1.win32_1.1.0.202410251130/tools/bin/../lib/gcc/arm-none-eabi/12.3.1/thumb/v7-m/nofp/crtbegin.o
 .ARM.attributes
                0x0000004a       0x2d ./Core/Src/main.o
 .ARM.attributes
                0x00000077       0x2d ./Core/Src/stm32f1xx_hal_msp.o
 .ARM.attributes
                0x000000a4       0x2d ./Core/Src/stm32f1xx_it.o
 .ARM.attributes
                0x000000d1       0x2d ./Core/Src/system_stm32f1xx.o
 .ARM.attributes
                0x000000fe       0x21 ./Core/Startup/startup_stm32f103c8tx.o
 .ARM.attributes
                0x0000011f       0x2d ./Drivers/STM32F1xx_HAL_Driver/Src/stm32f1xx_hal.o
 .ARM.attributes
                0x0000014c       0x2d ./Drivers/STM32F1xx_HAL_Driver/Src/stm32f1xx_hal_adc.o
 .ARM.attributes
                0x00000179       0x2d ./Drivers/STM32F1xx_HAL_Driver/Src/stm32f1xx_hal_adc_ex.o
 .ARM.attributes
                0x000001a6       0x2d ./Drivers/STM32F1xx_HAL_Driver/Src/stm32f1xx_hal_cortex.o
 .ARM.attributes
                0x000001d3       0x2d ./Drivers/STM32F1xx_HAL_Driver/Src/stm32f1xx_hal_dma.o
 .ARM.attributes
                0x00000200       0x2d ./Drivers/STM32F1xx_HAL_Driver/Src/stm32f1xx_hal_gpio.o
 .ARM.attributes
                0x0000022d       0x2d ./Drivers/STM32F1xx_HAL_Driver/Src/stm32f1xx_hal_i2c.o
 .ARM.attributes
                0x0000025a       0x2d ./Drivers/STM32F1xx_HAL_Driver/Src/stm32f1xx_hal_iwdg.o
 .ARM.attributes
                0x00000287       0x2d ./Drivers/STM32F1xx_HAL_Driver/Src/stm32f1xx_hal_pcd.o
 .ARM.attributes
                0x000002b4       0x2d ./Drivers/STM32F1xx_HAL_Driver/Src/stm32f1xx_hal_pcd_ex.o
 .ARM.attributes
                0x000002e1       0x2d ./Drivers/STM32F1xx_HAL_Driver/Src/stm32f1xx_hal_rcc.o
 .ARM.attributes
                0x0000030e       0x2d ./Drivers/STM32F1xx_HAL_Driver/Src/stm32f1xx_hal_rcc_ex.o
 .ARM.attributes
                0x0000033b       0x2d ./Drivers/STM32F1xx_HAL_Driver/Src/stm32f1xx_hal_spi.o
 .ARM.attributes
                0x00000368       0x2d ./Drivers/STM32F1xx_HAL_Driver/Src/stm32f1xx_hal_tim.o
 .ARM.attributes
                0x00000395       0x2d ./Drivers/STM32F1xx_HAL_Driver/Src/stm32f1xx_hal_tim_ex.o
 .ARM.attributes
                0x000003c2       0x2d ./Drivers/STM32F1xx_HAL_Driver/Src/stm32f1xx_ll_usb.o
 .ARM.attributes
                0x000003ef       0x2d ./Middlewares/ST/STM32_USB_Device_Library/Class/CDC/Src/usbd_cdc.o
 .ARM.attributes
                0x0000041c       0x2d ./Middlewares/ST/STM32_USB_Device_Library/Core/Src/usbd_core.o
 .ARM.attributes
                0x00000449       0x2d ./Middlewares/ST/STM32_USB_Device_Library/Core/Src/usbd_ctlreq.o
 .ARM.attributes
                0x00000476       0x2d ./Middlewares/ST/STM32_USB_Device_Library/Core/Src/usbd_ioreq.o
 .ARM.attributes
                0x000004a3       0x2d ./USB_DEVICE/App/usb_device.o
 .ARM.attributes
                0x000004d0       0x2d ./USB_DEVICE/App/usbd_cdc_if.o
 .ARM.attributes
                0x000004fd       0x2d ./USB_DEVICE/App/usbd_desc.o
 .ARM.attributes
                0x0000052a       0x2d ./USB_DEVICE/Target/usbd_conf.o
 .ARM.attributes
                0x00000557       0x2d C:/ST/STM32CubeIDE_1.17.0/STM32CubeIDE/plugins/com.st.stm32cube.ide.mcu.externaltools.gnu-tools-for-stm32.12.3.rel1.win32_1.1.0.202410251130/tools/bin/../lib/gcc/arm-none-eabi/12.3.1/../../../../arm-none-eabi/lib/thumb/v7-m/nofp\libc_nano.a(libc_a-memset.o)
 .ARM.attributes
                0x00000584       0x2d C:/ST/STM32CubeIDE_1.17.0/STM32CubeIDE/plugins/com.st.stm32cube.ide.mcu.externaltools.gnu-tools-for-stm32.12.3.rel1.win32_1.1.0.202410251130/tools/bin/../lib/gcc/arm-none-eabi/12.3.1/../../../../arm-none-eabi/lib/thumb/v7-m/nofp\libc_nano.a(libc_a-init.o)
 .ARM.attributes
                0x000005b1       0x1b C:/ST/STM32CubeIDE_1.17.0/STM32CubeIDE/plugins/com.st.stm32cube.ide.mcu.externaltools.gnu-tools-for-stm32.12.3.rel1.win32_1.1.0.202410251130/tools/bin/../lib/gcc/arm-none-eabi/12.3.1/../../../../arm-none-eabi/lib/thumb/v7-m/nofp\libc_nano.a(libc_a-strcmp.o)
 .ARM.attributes
                0x000005cc       0x17 C:/ST/STM32CubeIDE_1.17.0/STM32CubeIDE/plugins/com.st.stm32cube.ide.mcu.externaltools.gnu-tools-for-stm32.12.3.rel1.win32_1.1.0.202410251130/tools/bin/../lib/gcc/arm-none-eabi/12.3.1/../../../../arm-none-eabi/lib/thumb/v7-m/nofp\libc_nano.a(libc_a-strlen.o)
 .ARM.attributes
                0x000005e3       0x1d C:/ST/STM32CubeIDE_1.17.0/STM32CubeIDE/plugins/com.st.stm32cube.ide.mcu.externaltools.gnu-tools-for-stm32.12.3.rel1.win32_1.1.0.202410251130/tools/bin/../lib/gcc/arm-none-eabi/12.3.1/thumb/v7-m/nofp\libgcc.a(_arm_mulsf3.o)
 .ARM.attributes
                0x00000600       0x1d C:/ST/STM32CubeIDE_1.17.0/STM32CubeIDE/plugins/com.st.stm32cube.ide.mcu.externaltools.gnu-tools-for-stm32.12.3.rel1.win32_1.1.0.202410251130/tools/bin/../lib/gcc/arm-none-eabi/12.3.1/thumb/v7-m/nofp\libgcc.a(_arm_addsubsf3.o)
 .ARM.attributes
                0x0000061d       0x1d C:/ST/STM32CubeIDE_1.17.0/STM32CubeIDE/plugins/com.st.stm32cube.ide.mcu.externaltools.gnu-tools-for-stm32.12.3.rel1.win32_1.1.0.202410251130/tools/bin/../lib/gcc/arm-none-eabi/12.3.1/thumb/v7-m/nofp\libgcc.a(_arm_cmpsf2.o)
 .ARM.attributes
                0x0000063a       0x1d C:/ST/STM32CubeIDE_1.17.0/STM32CubeIDE/plugins/com.st.stm32cube.ide.mcu.externaltools.gnu-tools-for-stm32.12.3.rel1.win32_1.1.0.202410251130/tools/bin/../lib/gcc/arm-none-eabi/12.3.1/thumb/v7-m/nofp\libgcc.a(_arm_fixsfsi.o)
 .ARM.attributes
                0x00000657       0x1d C:/ST/STM32CubeIDE_1.17.0/STM32CubeIDE/plugins/com.st.stm32cube.ide.mcu.externaltools.gnu-tools-for-stm32.12.3.rel1.win32_1.1.0.202410251130/tools/bin/../lib/gcc/arm-none-eabi/12.3.1/thumb/v7-m/nofp/crtn.o
OUTPUT(epw_notebook_power_software.elf elf32-littlearm)
LOAD linker stubs
LOAD C:/ST/STM32CubeIDE_1.17.0/STM32CubeIDE/plugins/com.st.stm32cube.ide.mcu.externaltools.gnu-tools-for-stm32.12.3.rel1.win32_1.1.0.202410251130/tools/bin/../lib/gcc/arm-none-eabi/12.3.1/../../../../arm-none-eabi/lib/thumb/v7-m/nofp\libc.a
LOAD C:/ST/STM32CubeIDE_1.17.0/STM32CubeIDE/plugins/com.st.stm32cube.ide.mcu.externaltools.gnu-tools-for-stm32.12.3.rel1.win32_1.1.0.202410251130/tools/bin/../lib/gcc/arm-none-eabi/12.3.1/../../../../arm-none-eabi/lib/thumb/v7-m/nofp\libm.a
LOAD C:/ST/STM32CubeIDE_1.17.0/STM32CubeIDE/plugins/com.st.stm32cube.ide.mcu.externaltools.gnu-tools-for-stm32.12.3.rel1.win32_1.1.0.202410251130/tools/bin/../lib/gcc/arm-none-eabi/12.3.1/thumb/v7-m/nofp\libgcc.a

.comment        0x00000000       0x43
 .comment       0x00000000       0x43 ./Core/Src/main.o
                                 0x44 (size before relaxing)
 .comment       0x00000043       0x44 ./Core/Src/stm32f1xx_hal_msp.o
 .comment       0x00000043       0x44 ./Core/Src/stm32f1xx_it.o
 .comment       0x00000043       0x44 ./Core/Src/system_stm32f1xx.o
 .comment       0x00000043       0x44 ./Drivers/STM32F1xx_HAL_Driver/Src/stm32f1xx_hal.o
 .comment       0x00000043       0x44 ./Drivers/STM32F1xx_HAL_Driver/Src/stm32f1xx_hal_adc.o
 .comment       0x00000043       0x44 ./Drivers/STM32F1xx_HAL_Driver/Src/stm32f1xx_hal_adc_ex.o
 .comment       0x00000043       0x44 ./Drivers/STM32F1xx_HAL_Driver/Src/stm32f1xx_hal_cortex.o
 .comment       0x00000043       0x44 ./Drivers/STM32F1xx_HAL_Driver/Src/stm32f1xx_hal_dma.o
 .comment       0x00000043       0x44 ./Drivers/STM32F1xx_HAL_Driver/Src/stm32f1xx_hal_gpio.o
 .comment       0x00000043       0x44 ./Drivers/STM32F1xx_HAL_Driver/Src/stm32f1xx_hal_i2c.o
 .comment       0x00000043       0x44 ./Drivers/STM32F1xx_HAL_Driver/Src/stm32f1xx_hal_iwdg.o
 .comment       0x00000043       0x44 ./Drivers/STM32F1xx_HAL_Driver/Src/stm32f1xx_hal_pcd.o
 .comment       0x00000043       0x44 ./Drivers/STM32F1xx_HAL_Driver/Src/stm32f1xx_hal_pcd_ex.o
 .comment       0x00000043       0x44 ./Drivers/STM32F1xx_HAL_Driver/Src/stm32f1xx_hal_rcc.o
 .comment       0x00000043       0x44 ./Drivers/STM32F1xx_HAL_Driver/Src/stm32f1xx_hal_rcc_ex.o
 .comment       0x00000043       0x44 ./Drivers/STM32F1xx_HAL_Driver/Src/stm32f1xx_hal_spi.o
 .comment       0x00000043       0x44 ./Drivers/STM32F1xx_HAL_Driver/Src/stm32f1xx_hal_tim.o
 .comment       0x00000043       0x44 ./Drivers/STM32F1xx_HAL_Driver/Src/stm32f1xx_hal_tim_ex.o
 .comment       0x00000043       0x44 ./Drivers/STM32F1xx_HAL_Driver/Src/stm32f1xx_ll_usb.o
 .comment       0x00000043       0x44 ./Middlewares/ST/STM32_USB_Device_Library/Class/CDC/Src/usbd_cdc.o
 .comment       0x00000043       0x44 ./Middlewares/ST/STM32_USB_Device_Library/Core/Src/usbd_core.o
 .comment       0x00000043       0x44 ./Middlewares/ST/STM32_USB_Device_Library/Core/Src/usbd_ctlreq.o
 .comment       0x00000043       0x44 ./Middlewares/ST/STM32_USB_Device_Library/Core/Src/usbd_ioreq.o
 .comment       0x00000043       0x44 ./USB_DEVICE/App/usb_device.o
 .comment       0x00000043       0x44 ./USB_DEVICE/App/usbd_cdc_if.o
 .comment       0x00000043       0x44 ./USB_DEVICE/App/usbd_desc.o
 .comment       0x00000043       0x44 ./USB_DEVICE/Target/usbd_conf.o

.debug_frame    0x00000000      0x1c8
 .debug_frame   0x00000000       0x20 C:/ST/STM32CubeIDE_1.17.0/STM32CubeIDE/plugins/com.st.stm32cube.ide.mcu.externaltools.gnu-tools-for-stm32.12.3.rel1.win32_1.1.0.202410251130/tools/bin/../lib/gcc/arm-none-eabi/12.3.1/../../../../arm-none-eabi/lib/thumb/v7-m/nofp\libc_nano.a(libc_a-memset.o)
 .debug_frame   0x00000020       0x2c C:/ST/STM32CubeIDE_1.17.0/STM32CubeIDE/plugins/com.st.stm32cube.ide.mcu.externaltools.gnu-tools-for-stm32.12.3.rel1.win32_1.1.0.202410251130/tools/bin/../lib/gcc/arm-none-eabi/12.3.1/../../../../arm-none-eabi/lib/thumb/v7-m/nofp\libc_nano.a(libc_a-init.o)
 .debug_frame   0x0000004c       0x20 C:/ST/STM32CubeIDE_1.17.0/STM32CubeIDE/plugins/com.st.stm32cube.ide.mcu.externaltools.gnu-tools-for-stm32.12.3.rel1.win32_1.1.0.202410251130/tools/bin/../lib/gcc/arm-none-eabi/12.3.1/../../../../arm-none-eabi/lib/thumb/v7-m/nofp\libc_nano.a(libc_a-strcmp.o)
 .debug_frame   0x0000006c       0x24 C:/ST/STM32CubeIDE_1.17.0/STM32CubeIDE/plugins/com.st.stm32cube.ide.mcu.externaltools.gnu-tools-for-stm32.12.3.rel1.win32_1.1.0.202410251130/tools/bin/../lib/gcc/arm-none-eabi/12.3.1/thumb/v7-m/nofp\libgcc.a(_arm_mulsf3.o)
 .debug_frame   0x00000090       0x4c C:/ST/STM32CubeIDE_1.17.0/STM32CubeIDE/plugins/com.st.stm32cube.ide.mcu.externaltools.gnu-tools-for-stm32.12.3.rel1.win32_1.1.0.202410251130/tools/bin/../lib/gcc/arm-none-eabi/12.3.1/thumb/v7-m/nofp\libgcc.a(_arm_addsubsf3.o)
 .debug_frame   0x000000dc       0xc8 C:/ST/STM32CubeIDE_1.17.0/STM32CubeIDE/plugins/com.st.stm32cube.ide.mcu.externaltools.gnu-tools-for-stm32.12.3.rel1.win32_1.1.0.202410251130/tools/bin/../lib/gcc/arm-none-eabi/12.3.1/thumb/v7-m/nofp\libgcc.a(_arm_cmpsf2.o)
 .debug_frame   0x000001a4       0x24 C:/ST/STM32CubeIDE_1.17.0/STM32CubeIDE/plugins/com.st.stm32cube.ide.mcu.externaltools.gnu-tools-for-stm32.12.3.rel1.win32_1.1.0.202410251130/tools/bin/../lib/gcc/arm-none-eabi/12.3.1/thumb/v7-m/nofp\libgcc.a(_arm_fixsfsi.o)
