../Core/Src/main.c:431:6:Feed_IWDG	0	static
../Core/Src/main.c:435:6:OLED_Write_Command	32	static
../Core/Src/main.c:440:6:OLED_Write_Data	32	static
../Core/Src/main.c:445:6:OLED_Clear	16	static
../Core/Src/main.c:460:6:Start_OLED	8	static
../Core/Src/main.c:490:6:OLED_Set_Position	8	static
../Core/Src/main.c:497:6:OLED_Display_On	8	static
../Core/Src/main.c:504:6:OLED_Display_Off	8	static
../Core/Src/main.c:511:6:OLED_Fill_Color	16	static
../Core/Src/main.c:526:6:OLED_Show_Char	32	static
../Core/Src/main.c:581:6:OLED_Show_String	40	static
../Core/Src/main.c:610:14:OLED_POW	0	static
../Core/Src/main.c:617:6:OLED_Show_Num	64	static
../Core/Src/main.c:640:6:OLED_Show_Decimal	72	static
../Core/Src/main.c:685:6:OLED_Show_BMP	24	static
../Core/Src/main.c:714:6:OLED_Show_StartMenu	32	static
../Core/Src/main.c:749:6:PS_Power_Control	8	static
../Core/Src/main.c:763:6:PMBUS_Read_PSMI	32	static
../Core/Src/main.c:778:6:PMBUS_Read_FRU	24	static
../Core/Src/main.c:783:6:USB_CDC_Transmit_PMBUS_PSMI	8	static
../Core/Src/main.c:893:6:USB_CDC_Transmit_PMBUS_FRU	8	static
../Core/Src/main.c:909:6:USB_CDC_Transmit_SYS_Status	0	static
../Core/Src/main.c:924:6:SYS_LED_Control_Run	8	static
../Core/Src/main.c:946:6:SYS_LED_Control_Fault	8	static
../Core/Src/main.c:968:6:SYS_ADC_Convert_Value	16	static
../Core/Src/main.c:988:6:SYS_FAN_Control	8	static
../Core/Src/main.c:1097:6:SystemClock_Config	88	static,ignoring_inline_asm
../Core/Src/main.c:1006:5:main	112	static,ignoring_inline_asm
../Core/Src/main.c:1616:6:Error_Handler	0	static,ignoring_inline_asm
