Archive member included to satisfy reference by file (symbol)

C:/ST/STM32CubeIDE_1.17.0/STM32CubeIDE/plugins/com.st.stm32cube.ide.mcu.externaltools.gnu-tools-for-stm32.12.3.rel1.win32_1.1.0.202410251130/tools/bin/../lib/gcc/arm-none-eabi/12.3.1/../../../../arm-none-eabi/lib/thumb/v7-m/nofp\libc_nano.a(libc_a-exit.o)
                              C:/ST/STM32CubeIDE_1.17.0/STM32CubeIDE/plugins/com.st.stm32cube.ide.mcu.externaltools.gnu-tools-for-stm32.12.3.rel1.win32_1.1.0.202410251130/tools/bin/../lib/gcc/arm-none-eabi/12.3.1/../../../../arm-none-eabi/lib/thumb/v7-m/nofp/crt0.o (exit)
C:/ST/STM32CubeIDE_1.17.0/STM32CubeIDE/plugins/com.st.stm32cube.ide.mcu.externaltools.gnu-tools-for-stm32.12.3.rel1.win32_1.1.0.202410251130/tools/bin/../lib/gcc/arm-none-eabi/12.3.1/../../../../arm-none-eabi/lib/thumb/v7-m/nofp\libc_nano.a(libc_a-findfp.o)
                              C:/ST/STM32CubeIDE_1.17.0/STM32CubeIDE/plugins/com.st.stm32cube.ide.mcu.externaltools.gnu-tools-for-stm32.12.3.rel1.win32_1.1.0.202410251130/tools/bin/../lib/gcc/arm-none-eabi/12.3.1/../../../../arm-none-eabi/lib/thumb/v7-m/nofp\libc_nano.a(libc_a-exit.o) (__stdio_exit_handler)
C:/ST/STM32CubeIDE_1.17.0/STM32CubeIDE/plugins/com.st.stm32cube.ide.mcu.externaltools.gnu-tools-for-stm32.12.3.rel1.win32_1.1.0.202410251130/tools/bin/../lib/gcc/arm-none-eabi/12.3.1/../../../../arm-none-eabi/lib/thumb/v7-m/nofp\libc_nano.a(libc_a-fwalk.o)
                              C:/ST/STM32CubeIDE_1.17.0/STM32CubeIDE/plugins/com.st.stm32cube.ide.mcu.externaltools.gnu-tools-for-stm32.12.3.rel1.win32_1.1.0.202410251130/tools/bin/../lib/gcc/arm-none-eabi/12.3.1/../../../../arm-none-eabi/lib/thumb/v7-m/nofp\libc_nano.a(libc_a-findfp.o) (_fwalk_sglue)
C:/ST/STM32CubeIDE_1.17.0/STM32CubeIDE/plugins/com.st.stm32cube.ide.mcu.externaltools.gnu-tools-for-stm32.12.3.rel1.win32_1.1.0.202410251130/tools/bin/../lib/gcc/arm-none-eabi/12.3.1/../../../../arm-none-eabi/lib/thumb/v7-m/nofp\libc_nano.a(libc_a-stdio.o)
                              C:/ST/STM32CubeIDE_1.17.0/STM32CubeIDE/plugins/com.st.stm32cube.ide.mcu.externaltools.gnu-tools-for-stm32.12.3.rel1.win32_1.1.0.202410251130/tools/bin/../lib/gcc/arm-none-eabi/12.3.1/../../../../arm-none-eabi/lib/thumb/v7-m/nofp\libc_nano.a(libc_a-findfp.o) (__sread)
C:/ST/STM32CubeIDE_1.17.0/STM32CubeIDE/plugins/com.st.stm32cube.ide.mcu.externaltools.gnu-tools-for-stm32.12.3.rel1.win32_1.1.0.202410251130/tools/bin/../lib/gcc/arm-none-eabi/12.3.1/../../../../arm-none-eabi/lib/thumb/v7-m/nofp\libc_nano.a(libc_a-memset.o)
                              C:/ST/STM32CubeIDE_1.17.0/STM32CubeIDE/plugins/com.st.stm32cube.ide.mcu.externaltools.gnu-tools-for-stm32.12.3.rel1.win32_1.1.0.202410251130/tools/bin/../lib/gcc/arm-none-eabi/12.3.1/../../../../arm-none-eabi/lib/thumb/v7-m/nofp/crt0.o (memset)
C:/ST/STM32CubeIDE_1.17.0/STM32CubeIDE/plugins/com.st.stm32cube.ide.mcu.externaltools.gnu-tools-for-stm32.12.3.rel1.win32_1.1.0.202410251130/tools/bin/../lib/gcc/arm-none-eabi/12.3.1/../../../../arm-none-eabi/lib/thumb/v7-m/nofp\libc_nano.a(libc_a-closer.o)
                              C:/ST/STM32CubeIDE_1.17.0/STM32CubeIDE/plugins/com.st.stm32cube.ide.mcu.externaltools.gnu-tools-for-stm32.12.3.rel1.win32_1.1.0.202410251130/tools/bin/../lib/gcc/arm-none-eabi/12.3.1/../../../../arm-none-eabi/lib/thumb/v7-m/nofp\libc_nano.a(libc_a-stdio.o) (_close_r)
C:/ST/STM32CubeIDE_1.17.0/STM32CubeIDE/plugins/com.st.stm32cube.ide.mcu.externaltools.gnu-tools-for-stm32.12.3.rel1.win32_1.1.0.202410251130/tools/bin/../lib/gcc/arm-none-eabi/12.3.1/../../../../arm-none-eabi/lib/thumb/v7-m/nofp\libc_nano.a(libc_a-reent.o)
                              C:/ST/STM32CubeIDE_1.17.0/STM32CubeIDE/plugins/com.st.stm32cube.ide.mcu.externaltools.gnu-tools-for-stm32.12.3.rel1.win32_1.1.0.202410251130/tools/bin/../lib/gcc/arm-none-eabi/12.3.1/../../../../arm-none-eabi/lib/thumb/v7-m/nofp\libc_nano.a(libc_a-closer.o) (errno)
C:/ST/STM32CubeIDE_1.17.0/STM32CubeIDE/plugins/com.st.stm32cube.ide.mcu.externaltools.gnu-tools-for-stm32.12.3.rel1.win32_1.1.0.202410251130/tools/bin/../lib/gcc/arm-none-eabi/12.3.1/../../../../arm-none-eabi/lib/thumb/v7-m/nofp\libc_nano.a(libc_a-impure.o)
                              C:/ST/STM32CubeIDE_1.17.0/STM32CubeIDE/plugins/com.st.stm32cube.ide.mcu.externaltools.gnu-tools-for-stm32.12.3.rel1.win32_1.1.0.202410251130/tools/bin/../lib/gcc/arm-none-eabi/12.3.1/../../../../arm-none-eabi/lib/thumb/v7-m/nofp\libc_nano.a(libc_a-reent.o) (_impure_ptr)
C:/ST/STM32CubeIDE_1.17.0/STM32CubeIDE/plugins/com.st.stm32cube.ide.mcu.externaltools.gnu-tools-for-stm32.12.3.rel1.win32_1.1.0.202410251130/tools/bin/../lib/gcc/arm-none-eabi/12.3.1/../../../../arm-none-eabi/lib/thumb/v7-m/nofp\libc_nano.a(libc_a-lseekr.o)
[...]
Memory Configuration

Name             Origin             Length             Attributes
RAM              0x20000000         0x00005000         xrw
FLASH            0x08000000         0x00010000         xr
*default*        0x00000000         0xffffffff

Linker script and memory map

LOAD C:/ST/STM32CubeIDE_1.17.0/STM32CubeIDE/plugins/com.st.stm32cube.ide.mcu.externaltools.gnu-tools-for-stm32.12.3.rel1.win32_1.1.0.202410251130/tools/bin/../lib/gcc/arm-none-eabi/12.3.1/thumb/v7-m/nofp/crti.o
LOAD C:/ST/STM32CubeIDE_1.17.0/STM32CubeIDE/plugins/com.st.stm32cube.ide.mcu.externaltools.gnu-tools-for-stm32.12.3.rel1.win32_1.1.0.202410251130/tools/bin/../lib/gcc/arm-none-eabi/12.3.1/thumb/v7-m/nofp/crtbegin.o
LOAD C:/ST/STM32CubeIDE_1.17.0/STM32CubeIDE/plugins/com.st.stm32cube.ide.mcu.externaltools.gnu-tools-for-stm32.12.3.rel1.win32_1.1.0.202410251130/tools/bin/../lib/gcc/arm-none-eabi/12.3.1/../../../../arm-none-eabi/lib/thumb/v7-m/nofp/crt0.o
LOAD ./Core/Src/main.o
LOAD ./Core/Src/stm32f1xx_hal_msp.o
LOAD ./Core/Src/stm32f1xx_it.o
LOAD ./Core/Src/syscalls.o
LOAD ./Core/Src/sysmem.o
LOAD ./Core/Src/system_stm32f1xx.o
LOAD ./Core/Startup/startup_stm32f103c8tx.o
LOAD ./Drivers/STM32F1xx_HAL_Driver/Src/stm32f1xx_hal.o
LOAD ./Drivers/STM32F1xx_HAL_Driver/Src/stm32f1xx_hal_adc.o
LOAD ./Drivers/STM32F1xx_HAL_Driver/Src/stm32f1xx_hal_adc_ex.o
LOAD ./Drivers/STM32F1xx_HAL_Driver/Src/stm32f1xx_hal_cortex.o
LOAD ./Drivers/STM32F1xx_HAL_Driver/Src/stm32f1xx_hal_dma.o
LOAD ./Drivers/STM32F1xx_HAL_Driver/Src/stm32f1xx_hal_exti.o
LOAD ./Drivers/STM32F1xx_HAL_Driver/Src/stm32f1xx_hal_flash.o
LOAD ./Drivers/STM32F1xx_HAL_Driver/Src/stm32f1xx_hal_flash_ex.o
LOAD ./Drivers/STM32F1xx_HAL_Driver/Src/stm32f1xx_hal_gpio.o
LOAD ./Drivers/STM32F1xx_HAL_Driver/Src/stm32f1xx_hal_gpio_ex.o
LOAD ./Drivers/STM32F1xx_HAL_Driver/Src/stm32f1xx_hal_i2c.o
LOAD ./Drivers/STM32F1xx_HAL_Driver/Src/stm32f1xx_hal_iwdg.o
LOAD ./Drivers/STM32F1xx_HAL_Driver/Src/stm32f1xx_hal_pcd.o
LOAD ./Drivers/STM32F1xx_HAL_Driver/Src/stm32f1xx_hal_pcd_ex.o
LOAD ./Drivers/STM32F1xx_HAL_Driver/Src/stm32f1xx_hal_pwr.o
LOAD ./Drivers/STM32F1xx_HAL_Driver/Src/stm32f1xx_hal_rcc.o
LOAD ./Drivers/STM32F1xx_HAL_Driver/Src/stm32f1xx_hal_rcc_ex.o
LOAD ./Drivers/STM32F1xx_HAL_Driver/Src/stm32f1xx_hal_spi.o
LOAD ./Drivers/STM32F1xx_HAL_Driver/Src/stm32f1xx_hal_tim.o
LOAD ./Drivers/STM32F1xx_HAL_Driver/Src/stm32f1xx_hal_tim_ex.o
LOAD ./Drivers/STM32F1xx_HAL_Driver/Src/stm32f1xx_ll_usb.o
LOAD ./Middlewares/ST/STM32_USB_Device_Library/Class/CDC/Src/usbd_cdc.o
LOAD ./Middlewares/ST/STM32_USB_Device_Library/Core/Src/usbd_core.o
LOAD ./Middlewares/ST/STM32_USB_Device_Library/Core/Src/usbd_ctlreq.o
LOAD ./Middlewares/ST/STM32_USB_Device_Library/Core/Src/usbd_ioreq.o
LOAD ./USB_DEVICE/App/usb_device.o
LOAD ./USB_DEVICE/App/usbd_cdc_if.o
LOAD ./USB_DEVICE/App/usbd_desc.o
LOAD ./USB_DEVICE/Target/usbd_conf.o
START GROUP
LOAD C:/ST/STM32CubeIDE_1.17.0/STM32CubeIDE/plugins/com.st.stm32cube.ide.mcu.externaltools.gnu-tools-for-stm32.12.3.rel1.win32_1.1.0.202410251130/tools/bin/../lib/gcc/arm-none-eabi/12.3.1/../../../../arm-none-eabi/lib/thumb/v7-m/nofp\libc_nano.a
LOAD C:/ST/STM32CubeIDE_1.17.0/STM32CubeIDE/plugins/com.st.stm32cube.ide.mcu.externaltools.gnu-tools-for-stm32.12.3.rel1.win32_1.1.0.202410251130/tools/bin/../lib/gcc/arm-none-eabi/12.3.1/../../../../arm-none-eabi/lib/thumb/v7-m/nofp\libm.a
END GROUP
START GROUP
LOAD C:/ST/STM32CubeIDE_1.17.0/STM32CubeIDE/plugins/com.st.stm32cube.ide.mcu.externaltools.gnu-tools-for-stm32.12.3.rel1.win32_1.1.0.202410251130/tools/bin/../lib/gcc/arm-none-eabi/12.3.1/thumb/v7-m/nofp\libgcc.a
LOAD C:/ST/STM32CubeIDE_1.17.0/STM32CubeIDE/plugins/com.st.stm32cube.ide.mcu.externaltools.gnu-tools-for-stm32.12.3.rel1.win32_1.1.0.202410251130/tools/bin/../lib/gcc/arm-none-eabi/12.3.1/../../../../arm-none-eabi/lib/thumb/v7-m/nofp\libc_nano.a
END GROUP
START GROUP
LOAD C:/ST/STM32CubeIDE_1.17.0/STM32CubeIDE/plugins/com.st.stm32cube.ide.mcu.externaltools.gnu-tools-for-stm32.12.3.rel1.win32_1.1.0.202410251130/tools/bin/../lib/gcc/arm-none-eabi/12.3.1/thumb/v7-m/nofp\libgcc.a
LOAD C:/ST/STM32CubeIDE_1.17.0/STM32CubeIDE/plugins/com.st.stm32cube.ide.mcu.externaltools.gnu-tools-for-stm32.12.3.rel1.win32_1.1.0.202410251130/tools/bin/../lib/gcc/arm-none-eabi/12.3.1/../../../../arm-none-eabi/lib/thumb/v7-m/nofp\libc_nano.a
LOAD C:/ST/STM32CubeIDE_1.17.0/STM32CubeIDE/plugins/com.st.stm32cube.ide.mcu.externaltools.gnu-tools-for-stm32.12.3.rel1.win32_1.1.0.202410251130/tools/bin/../lib/gcc/arm-none-eabi/12.3.1/../../../../arm-none-eabi/lib/thumb/v7-m/nofp\libnosys.a
END GROUP
START GROUP
LOAD C:/ST/STM32CubeIDE_1.17.0/STM32CubeIDE/plugins/com.st.stm32cube.ide.mcu.externaltools.gnu-tools-for-stm32.12.3.rel1.win32_1.1.0.202410251130/tools/bin/../lib/gcc/arm-none-eabi/12.3.1/thumb/v7-m/nofp\libgcc.a
LOAD C:/ST/STM32CubeIDE_1.17.0/STM32CubeIDE/plugins/com.st.stm32cube.ide.mcu.externaltools.gnu-tools-for-stm32.12.3.rel1.win32_1.1.0.202410251130/tools/bin/../lib/gcc/arm-none-eabi/12.3.1/../../../../arm-none-eabi/lib/thumb/v7-m/nofp\libc_nano.a
LOAD C:/ST/STM32CubeIDE_1.17.0/STM32CubeIDE/plugins/com.st.stm32cube.ide.mcu.externaltools.gnu-tools-for-stm32.12.3.rel1.win32_1.1.0.202410251130/tools/bin/../lib/gcc/arm-none-eabi/12.3.1/../../../../arm-none-eabi/lib/thumb/v7-m/nofp\libnosys.a
END GROUP
LOAD C:/ST/STM32CubeIDE_1.17.0/STM32CubeIDE/plugins/com.st.stm32cube.ide.mcu.externaltools.gnu-tools-for-stm32.12.3.rel1.win32_1.1.0.202410251130/tools/bin/../lib/gcc/arm-none-eabi/12.3.1/thumb/v7-m/nofp/crtend.o
LOAD C:/ST/STM32CubeIDE_1.17.0/STM32CubeIDE/plugins/com.st.stm32cube.ide.mcu.externaltools.gnu-tools-for-stm32.12.3.rel1.win32_1.1.0.202410251130/tools/bin/../lib/gcc/arm-none-eabi/12.3.1/thumb/v7-m/nofp/crtn.o
                0x20005000                        _estack = (ORIGIN (RAM) + LENGTH (RAM))
                0x00000200                        _Min_Heap_Size = 0x200
                0x00000400                        _Min_Stack_Size = 0x400

.isr_vector     0x08000000      0x10c
                0x08000000                        . = ALIGN (0x4)
 *(.isr_vector)
 .isr_vector    0x08000000      0x10c ./Core/Startup/startup_stm32f103c8tx.o
                0x08000000                g_pfnVectors
                0x0800010c                        . = ALIGN (0x4)

.text           0x08000110     0xcdf4
                0x08000110                        . = ALIGN (0x4)
 *(.text)
 .text          0x08000110       0x40 C:/ST/STM32CubeIDE_1.17.0/STM32CubeIDE/plugins/com.st.stm32cube.ide.mcu.externaltools.gnu-tools-for-stm32.12.3.rel1.win32_1.1.0.202410251130/tools/bin/../lib/gcc/arm-none-eabi/12.3.1/thumb/v7-m/nofp/crtbegin.o
 .text          0x08000150       0x14 C:/ST/STM32CubeIDE_1.17.0/STM32CubeIDE/plugins/com.st.stm32cube.ide.mcu.externaltools.gnu-tools-for-stm32.12.3.rel1.win32_1.1.0.202410251130/tools/bin/../lib/gcc/arm-none-eabi/12.3.1/../../../../arm-none-eabi/lib/thumb/v7-m/nofp\libc_nano.a(libc_a-strcmp.o)
                0x08000150                strcmp
 .text          0x08000164      0x254 C:/ST/STM32CubeIDE_1.17.0/STM32CubeIDE/plugins/com.st.stm32cube.ide.mcu.externaltools.gnu-tools-for-stm32.12.3.rel1.win32_1.1.0.202410251130/tools/bin/../lib/gcc/arm-none-eabi/12.3.1/thumb/v7-m/nofp\libgcc.a(_arm_muldf3.o)
                0x08000164                __muldf3
                0x08000164                __aeabi_dmul
 .text          0x080003b8      0x378 C:/ST/STM32CubeIDE_1.17.0/STM32CubeIDE/plugins/com.st.stm32cube.ide.mcu.externaltools.gnu-tools-for-stm32.12.3.rel1.win32_1.1.0.202410251130/tools/bin/../lib/gcc/arm-none-eabi/12.3.1/thumb/v7-m/nofp\libgcc.a(_arm_addsubdf3.o)
                0x080003b8                __aeabi_drsub
                0x080003c0                __aeabi_dsub
                0x080003c0                __subdf3
                0x080003c4                __aeabi_dadd
                0x080003c4                __adddf3
                0x0800063c                __floatunsidf
                0x0800063c                __aeabi_ui2d
                0x0800065c                __floatsidf
                0x0800065c                __aeabi_i2d
                0x08000680                __aeabi_f2d
                0x08000680                __extendsfdf2
                0x080006c4                __floatundidf
                0x080006c4                __aeabi_ul2d
                0x080006d4                __floatdidf
                0x080006d4                __aeabi_l2d
 .text          0x08000730       0x40 C:/ST/STM32CubeIDE_1.17.0/STM32CubeIDE/plugins/com.st.stm32cube.ide.mcu.externaltools.gnu-tools-for-stm32.12.3.rel1.win32_1.1.0.202410251130/tools/bin/../lib/gcc/arm-none-eabi/12.3.1/thumb/v7-m/nofp\libgcc.a(_arm_fixunsdfsi.o)
                0x08000730                __aeabi_d2uiz
                0x08000730                __fixunsdfsi
 .text          0x08000770      0x21c C:/ST/STM32CubeIDE_1.17.0/STM32CubeIDE/plugins/com.st.stm32cube.ide.mcu.externaltools.gnu-tools-for-stm32.12.3.rel1.win32_1.1.0.202410251130/tools/bin/../lib/gcc/arm-none-eabi/12.3.1/thumb/v7-m/nofp\libgcc.a(_arm_addsubsf3.o)
                0x08000770                __aeabi_frsub
                0x08000778                __subsf3
                0x08000778                __aeabi_fsub
                0x0800077c                __aeabi_fadd
                0x0800077c                __addsf3
                0x080008dc                __aeabi_ui2f
                0x080008dc                __floatunsisf
                0x080008e4                __aeabi_i2f
                0x080008e4                __floatsisf
                0x08000900                __aeabi_ul2f
                0x08000900                __floatundisf
                0x08000910                __aeabi_l2f
                0x08000910                __floatdisf
 .text          0x0800098c      0x2a0 C:/ST/STM32CubeIDE_1.17.0/STM32CubeIDE/plugins/com.st.stm32cube.ide.mcu.externaltools.gnu-tools-for-stm32.12.3.rel1.win32_1.1.0.202410251130/tools/bin/../lib/gcc/arm-none-eabi/12.3.1/thumb/v7-m/nofp\libgcc.a(_arm_muldivsf3.o)
                0x0800098c                __mulsf3
                0x0800098c                __aeabi_fmul
                0x08000af4                __aeabi_fdiv
                0x08000af4                __divsf3
 .text          0x08000c2c       0xec C:/ST/STM32CubeIDE_1.17.0/STM32CubeIDE/plugins/com.st.stm32cube.ide.mcu.externaltools.gnu-tools-for-stm32.12.3.rel1.win32_1.1.0.202410251130/tools/bin/../lib/gcc/arm-none-eabi/12.3.1/thumb/v7-m/nofp\libgcc.a(_arm_cmpsf2.o)
                0x08000c2c                __gesf2
                0x08000c2c                __gtsf2
                0x08000c34                __lesf2
                0x08000c34                __ltsf2
                0x08000c3c                __nesf2
                0x08000c3c                __eqsf2
                0x08000c3c                __cmpsf2
                0x08000c9c                __aeabi_cfrcmple
                0x08000ca4                __aeabi_cfcmpeq
                0x08000ca4                __aeabi_cfcmple
                0x08000cb4                __aeabi_fcmpeq
                0x08000cc8                __aeabi_fcmplt
                0x08000cdc                __aeabi_fcmple
                0x08000cf0                __aeabi_fcmpge
                0x08000d04                __aeabi_fcmpgt
 .text          0x08000d18       0x4c C:/ST/STM32CubeIDE_1.17.0/STM32CubeIDE/plugins/com.st.stm32cube.ide.mcu.externaltools.gnu-tools-for-stm32.12.3.rel1.win32_1.1.0.202410251130/tools/bin/../lib/gcc/arm-none-eabi/12.3.1/thumb/v7-m/nofp\libgcc.a(_arm_fixsfsi.o)
                0x08000d18                __aeabi_f2iz
                0x08000d18                __fixsfsi
 *(.text*)
 .text.Feed_IWDG
                0x08000d64       0x14 ./Core/Src/main.o
                0x08000d64                Feed_IWDG
 .text.OLED_Write_Command
                0x08000d78       0x30 ./Core/Src/main.o
                0x08000d78                OLED_Write_Command
 .text.OLED_Write_Data
                0x08000da8       0x30 ./Core/Src/main.o
                0x08000da8                OLED_Write_Data
 .text.OLED_Clear
                0x08000dd8       0x54 ./Core/Src/main.o
                0x08000dd8                OLED_Clear
 .text.Start_OLED
                0x08000e2c       0xa4 ./Core/Src/main.o
                0x08000e2c                Start_OLED
 .text.OLED_Set_Position
                0x08000ed0       0x44 ./Core/Src/main.o
                0x08000ed0                OLED_Set_Position
 .text.OLED_Show_Char
                0x08000f14      0x160 ./Core/Src/main.o
                0x08000f14                OLED_Show_Char
 .text.OLED_Show_String
                0x08001074       0x92 ./Core/Src/main.o
                0x08001074                OLED_Show_String
 .text.OLED_POW
                0x08001106       0x36 ./Core/Src/main.o
                0x08001106                OLED_POW
 .text.OLED_Show_Num
                0x0800113c       0xe4 ./Core/Src/main.o
                0x0800113c                OLED_Show_Num
 .text.OLED_Show_Decimal
                0x08001220      0x218 ./Core/Src/main.o
                0x08001220                OLED_Show_Decimal
 .text.OLED_Show_BMP
                0x08001438       0xac ./Core/Src/main.o
                0x08001438                OLED_Show_BMP
 .text.OLED_Show_StartMenu
                0x080014e4      0x224 ./Core/Src/main.o
                0x080014e4                OLED_Show_StartMenu
 .text.PS_Power_Control
                0x08001708       0x48 ./Core/Src/main.o
                0x08001708                PS_Power_Control
 .text.PMBUS_Read_PSMI
                0x08001750      0x144 ./Core/Src/main.o
                0x08001750                PMBUS_Read_PSMI
 .text.PMBUS_Read_FRU
                0x08001894       0x2c ./Core/Src/main.o
                0x08001894                PMBUS_Read_FRU
 .text.USB_CDC_Transmit_PMBUS_PSMI
                0x080018c0      0x2fc ./Core/Src/main.o
                0x080018c0                USB_CDC_Transmit_PMBUS_PSMI
 .text.USB_CDC_Transmit_SYS_Status
                0x08001bbc        0xc ./Core/Src/main.o
                0x08001bbc                USB_CDC_Transmit_SYS_Status
 .text.SYS_LED_Control_Run
                0x08001bc8       0x64 ./Core/Src/main.o
                0x08001bc8                SYS_LED_Control_Run
 .text.SYS_LED_Control_Fault
                0x08001c2c       0x64 ./Core/Src/main.o
                0x08001c2c                SYS_LED_Control_Fault
 .text.SYS_ADC_Convert_Value
                0x08001c90      0x21c ./Core/Src/main.o
                0x08001c90                SYS_ADC_Convert_Value
 *fill*         0x08001eac        0x4 
 .text.SYS_FAN_Control
                0x08001eb0       0x4c ./Core/Src/main.o
                0x08001eb0                SYS_FAN_Control
 .text.main     0x08001efc       0xd4 ./Core/Src/main.o
                0x08001efc                main
 .text.SystemClock_Config
                0x08001fd0       0xbe ./Core/Src/main.o
                0x08001fd0                SystemClock_Config
 *fill*         0x0800208e        0x2 
 .text.MX_ADC1_Init
                0x08002090      0x198 ./Core/Src/main.o
 .text.MX_I2C1_Init
                0x08002228       0x5c ./Core/Src/main.o
 .text.MX_I2C2_Init
                0x08002284       0x5c ./Core/Src/main.o
 .text.MX_IWDG_Init
                0x080022e0       0x34 ./Core/Src/main.o
 .text.MX_SPI2_Init
                0x08002314       0x6c ./Core/Src/main.o
 .text.MX_TIM1_Init
                0x08002380      0x140 ./Core/Src/main.o
 .text.MX_TIM2_Init
                0x080024c0       0x9c ./Core/Src/main.o
 .text.MX_DMA_Init
                0x0800255c       0x3c ./Core/Src/main.o
 .text.MX_GPIO_Init
                0x08002598      0x128 ./Core/Src/main.o
 .text.Error_Handler
                0x080026c0        0xc ./Core/Src/main.o
                0x080026c0                Error_Handler
 .text.HAL_MspInit
                0x080026cc       0x64 ./Core/Src/stm32f1xx_hal_msp.o
                0x080026cc                HAL_MspInit
 .text.HAL_ADC_MspInit
                0x08002730      0x100 ./Core/Src/stm32f1xx_hal_msp.o
                0x08002730                HAL_ADC_MspInit
 .text.HAL_I2C_MspInit
                0x08002830       0xf8 ./Core/Src/stm32f1xx_hal_msp.o
                0x08002830                HAL_I2C_MspInit
 .text.HAL_SPI_MspInit
                0x08002928       0x98 ./Core/Src/stm32f1xx_hal_msp.o
                0x08002928                HAL_SPI_MspInit
 .text.HAL_TIM_Base_MspInit
                0x080029c0       0x70 ./Core/Src/stm32f1xx_hal_msp.o
                0x080029c0                HAL_TIM_Base_MspInit
 .text.HAL_TIM_MspPostInit
                0x08002a30       0x68 ./Core/Src/stm32f1xx_hal_msp.o
                0x08002a30                HAL_TIM_MspPostInit
 .text.NMI_Handler
                0x08002a98        0x8 ./Core/Src/stm32f1xx_it.o
                0x08002a98                NMI_Handler
 .text.HardFault_Handler
                0x08002aa0        0x8 ./Core/Src/stm32f1xx_it.o
                0x08002aa0                HardFault_Handler
 .text.MemManage_Handler
                0x08002aa8        0x8 ./Core/Src/stm32f1xx_it.o
                0x08002aa8                MemManage_Handler
 .text.BusFault_Handler
                0x08002ab0        0x8 ./Core/Src/stm32f1xx_it.o
                0x08002ab0                BusFault_Handler
 .text.UsageFault_Handler
                0x08002ab8        0x8 ./Core/Src/stm32f1xx_it.o
                0x08002ab8                UsageFault_Handler
 .text.SVC_Handler
                0x08002ac0        0xc ./Core/Src/stm32f1xx_it.o
                0x08002ac0                SVC_Handler
 .text.DebugMon_Handler
                0x08002acc        0xc ./Core/Src/stm32f1xx_it.o
                0x08002acc                DebugMon_Handler
 .text.PendSV_Handler
                0x08002ad8        0xc ./Core/Src/stm32f1xx_it.o
                0x08002ad8                PendSV_Handler
 .text.SysTick_Handler
                0x08002ae4        0xc ./Core/Src/stm32f1xx_it.o
                0x08002ae4                SysTick_Handler
 .text.DMA1_Channel1_IRQHandler
                0x08002af0       0x14 ./Core/Src/stm32f1xx_it.o
                0x08002af0                DMA1_Channel1_IRQHandler
 .text.USB_LP_CAN1_RX0_IRQHandler
                0x08002b04       0x14 ./Core/Src/stm32f1xx_it.o
                0x08002b04                USB_LP_CAN1_RX0_IRQHandler
 .text.EXTI9_5_IRQHandler
                0x08002b18       0x20 ./Core/Src/stm32f1xx_it.o
                0x08002b18                EXTI9_5_IRQHandler
 .text.TIM2_IRQHandler
                0x08002b38       0x60 ./Core/Src/stm32f1xx_it.o
                0x08002b38                TIM2_IRQHandler
 .text.SystemInit
                0x08002b98        0xc ./Core/Src/system_stm32f1xx.o
                0x08002b98                SystemInit
 .text.Reset_Handler
                0x08002ba4       0x48 ./Core/Startup/startup_stm32f103c8tx.o
                0x08002ba4                Reset_Handler
 .text.Default_Handler
                0x08002bec        0x2 ./Core/Startup/startup_stm32f103c8tx.o
                0x08002bec                RTC_Alarm_IRQHandler
                0x08002bec                EXTI2_IRQHandler
                0x08002bec                TIM1_CC_IRQHandler
                0x08002bec                PVD_IRQHandler
                0x08002bec                EXTI3_IRQHandler
                0x08002bec                EXTI0_IRQHandler
                0x08002bec                I2C2_EV_IRQHandler
                0x08002bec                ADC1_2_IRQHandler
                0x08002bec                SPI1_IRQHandler
                0x08002bec                TAMPER_IRQHandler
                0x08002bec                DMA1_Channel4_IRQHandler
                0x08002bec                USART3_IRQHandler
                0x08002bec                RTC_IRQHandler
                0x08002bec                DMA1_Channel7_IRQHandler
                0x08002bec                CAN1_RX1_IRQHandler
                0x08002bec                TIM4_IRQHandler
                0x08002bec                I2C1_EV_IRQHandler
                0x08002bec                DMA1_Channel6_IRQHandler
                0x08002bec                TIM3_IRQHandler
                0x08002bec                RCC_IRQHandler
                0x08002bec                TIM1_TRG_COM_IRQHandler
                0x08002bec                Default_Handler
                0x08002bec                EXTI15_10_IRQHandler
                0x08002bec                SPI2_IRQHandler
                0x08002bec                DMA1_Channel5_IRQHandler
                0x08002bec                EXTI4_IRQHandler
                0x08002bec                USB_HP_CAN1_TX_IRQHandler
                0x08002bec                DMA1_Channel3_IRQHandler
                0x08002bec                TIM1_UP_IRQHandler
                0x08002bec                WWDG_IRQHandler
                0x08002bec                TIM1_BRK_IRQHandler
                0x08002bec                EXTI1_IRQHandler
                0x08002bec                USART2_IRQHandler
                0x08002bec                I2C2_ER_IRQHandler
                0x08002bec                DMA1_Channel2_IRQHandler
                0x08002bec                CAN1_SCE_IRQHandler
                0x08002bec                FLASH_IRQHandler
                0x08002bec                USART1_IRQHandler
                0x08002bec                I2C1_ER_IRQHandler
                0x08002bec                USBWakeUp_IRQHandler
 *fill*         0x08002bee        0x2 
 .text.HAL_Init
                0x08002bf0       0x2c ./Drivers/STM32F1xx_HAL_Driver/Src/stm32f1xx_hal.o
                0x08002bf0                HAL_Init
 .text.HAL_InitTick
                0x08002c1c       0x60 ./Drivers/STM32F1xx_HAL_Driver/Src/stm32f1xx_hal.o
                0x08002c1c                HAL_InitTick
 .text.HAL_IncTick
                0x08002c7c       0x24 ./Drivers/STM32F1xx_HAL_Driver/Src/stm32f1xx_hal.o
                0x08002c7c                HAL_IncTick
 .text.HAL_GetTick
                0x08002ca0       0x14 ./Drivers/STM32F1xx_HAL_Driver/Src/stm32f1xx_hal.o
                0x08002ca0                HAL_GetTick
 .text.HAL_Delay
                0x08002cb4       0x48 ./Drivers/STM32F1xx_HAL_Driver/Src/stm32f1xx_hal.o
                0x08002cb4                HAL_Delay
 .text.HAL_ADC_Init
                0x08002cfc      0x1b0 ./Drivers/STM32F1xx_HAL_Driver/Src/stm32f1xx_hal_adc.o
                0x08002cfc                HAL_ADC_Init
 .text.HAL_ADC_Start_DMA
                0x08002eac      0x1bc ./Drivers/STM32F1xx_HAL_Driver/Src/stm32f1xx_hal_adc.o
                0x08002eac                HAL_ADC_Start_DMA
 .text.HAL_ADC_ConvCpltCallback
                0x08003068       0x12 ./Drivers/STM32F1xx_HAL_Driver/Src/stm32f1xx_hal_adc.o
                0x08003068                HAL_ADC_ConvCpltCallback
 .text.HAL_ADC_ConvHalfCpltCallback
                0x0800307a       0x12 ./Drivers/STM32F1xx_HAL_Driver/Src/stm32f1xx_hal_adc.o
                0x0800307a                HAL_ADC_ConvHalfCpltCallback
 .text.HAL_ADC_ErrorCallback
                0x0800308c       0x12 ./Drivers/STM32F1xx_HAL_Driver/Src/stm32f1xx_hal_adc.o
                0x0800308c                HAL_ADC_ErrorCallback
 *fill*         0x0800309e        0x2 
 .text.HAL_ADC_ConfigChannel
                0x080030a0      0x1f0 ./Drivers/STM32F1xx_HAL_Driver/Src/stm32f1xx_hal_adc.o
                0x080030a0                HAL_ADC_ConfigChannel
 .text.ADC_Enable
                0x08003290       0xb4 ./Drivers/STM32F1xx_HAL_Driver/Src/stm32f1xx_hal_adc.o
                0x08003290                ADC_Enable
 .text.ADC_ConversionStop_Disable
                0x08003344       0x82 ./Drivers/STM32F1xx_HAL_Driver/Src/stm32f1xx_hal_adc.o
                0x08003344                ADC_ConversionStop_Disable
 .text.ADC_DMAConvCplt
                0x080033c6       0x7c ./Drivers/STM32F1xx_HAL_Driver/Src/stm32f1xx_hal_adc.o
                0x080033c6                ADC_DMAConvCplt
 .text.ADC_DMAHalfConvCplt
                0x08003442       0x1c ./Drivers/STM32F1xx_HAL_Driver/Src/stm32f1xx_hal_adc.o
                0x08003442                ADC_DMAHalfConvCplt
 .text.ADC_DMAError
                0x0800345e       0x34 ./Drivers/STM32F1xx_HAL_Driver/Src/stm32f1xx_hal_adc.o
                0x0800345e                ADC_DMAError
 *fill*         0x08003492        0x2 
 .text.HAL_ADCEx_Calibration_Start
                0x08003494      0x15c ./Drivers/STM32F1xx_HAL_Driver/Src/stm32f1xx_hal_adc_ex.o
                0x08003494                HAL_ADCEx_Calibration_Start
 .text.__NVIC_SetPriorityGrouping
                0x080035f0       0x48 ./Drivers/STM32F1xx_HAL_Driver/Src/stm32f1xx_hal_cortex.o
 .text.__NVIC_GetPriorityGrouping
                0x08003638       0x1c ./Drivers/STM32F1xx_HAL_Driver/Src/stm32f1xx_hal_cortex.o
 .text.__NVIC_EnableIRQ
                0x08003654       0x38 ./Drivers/STM32F1xx_HAL_Driver/Src/stm32f1xx_hal_cortex.o
 .text.__NVIC_SetPriority
                0x0800368c       0x54 ./Drivers/STM32F1xx_HAL_Driver/Src/stm32f1xx_hal_cortex.o
 .text.NVIC_EncodePriority
                0x080036e0       0x64 ./Drivers/STM32F1xx_HAL_Driver/Src/stm32f1xx_hal_cortex.o
 .text.SysTick_Config
                0x08003744       0x44 ./Drivers/STM32F1xx_HAL_Driver/Src/stm32f1xx_hal_cortex.o
 .text.HAL_NVIC_SetPriorityGrouping
                0x08003788       0x16 ./Drivers/STM32F1xx_HAL_Driver/Src/stm32f1xx_hal_cortex.o
                0x08003788                HAL_NVIC_SetPriorityGrouping
 .text.HAL_NVIC_SetPriority
                0x0800379e       0x38 ./Drivers/STM32F1xx_HAL_Driver/Src/stm32f1xx_hal_cortex.o
                0x0800379e                HAL_NVIC_SetPriority
 .text.HAL_NVIC_EnableIRQ
                0x080037d6       0x1c ./Drivers/STM32F1xx_HAL_Driver/Src/stm32f1xx_hal_cortex.o
                0x080037d6                HAL_NVIC_EnableIRQ
 .text.HAL_SYSTICK_Config
                0x080037f2       0x18 ./Drivers/STM32F1xx_HAL_Driver/Src/stm32f1xx_hal_cortex.o
                0x080037f2                HAL_SYSTICK_Config
 *fill*         0x0800380a        0x2 
 .text.HAL_DMA_Init
                0x0800380c       0xb4 ./Drivers/STM32F1xx_HAL_Driver/Src/stm32f1xx_hal_dma.o
                0x0800380c                HAL_DMA_Init
 .text.HAL_DMA_Start_IT
                0x080038c0       0xc0 ./Drivers/STM32F1xx_HAL_Driver/Src/stm32f1xx_hal_dma.o
                0x080038c0                HAL_DMA_Start_IT
 .text.HAL_DMA_IRQHandler
                0x08003980      0x20c ./Drivers/STM32F1xx_HAL_Driver/Src/stm32f1xx_hal_dma.o
                0x08003980                HAL_DMA_IRQHandler
 .text.DMA_SetConfig
                0x08003b8c       0x5a ./Drivers/STM32F1xx_HAL_Driver/Src/stm32f1xx_hal_dma.o
 *fill*         0x08003be6        0x2 
 .text.HAL_GPIO_Init
                0x08003be8      0x308 ./Drivers/STM32F1xx_HAL_Driver/Src/stm32f1xx_hal_gpio.o
                0x08003be8                HAL_GPIO_Init
 .text.HAL_GPIO_WritePin
                0x08003ef0       0x30 ./Drivers/STM32F1xx_HAL_Driver/Src/stm32f1xx_hal_gpio.o
                0x08003ef0                HAL_GPIO_WritePin
 .text.HAL_GPIO_TogglePin
                0x08003f20       0x32 ./Drivers/STM32F1xx_HAL_Driver/Src/stm32f1xx_hal_gpio.o
                0x08003f20                HAL_GPIO_TogglePin
 *fill*         0x08003f52        0x2 
 .text.HAL_GPIO_EXTI_IRQHandler
                0x08003f54       0x30 ./Drivers/STM32F1xx_HAL_Driver/Src/stm32f1xx_hal_gpio.o
                0x08003f54                HAL_GPIO_EXTI_IRQHandler
 .text.HAL_GPIO_EXTI_Callback
                0x08003f84       0x14 ./Drivers/STM32F1xx_HAL_Driver/Src/stm32f1xx_hal_gpio.o
                0x08003f84                HAL_GPIO_EXTI_Callback
 .text.HAL_I2C_Init
                0x08003f98      0x288 ./Drivers/STM32F1xx_HAL_Driver/Src/stm32f1xx_hal_i2c.o
                0x08003f98                HAL_I2C_Init
 .text.HAL_I2C_Mem_Write
                0x08004220      0x1f4 ./Drivers/STM32F1xx_HAL_Driver/Src/stm32f1xx_hal_i2c.o
                0x08004220                HAL_I2C_Mem_Write
 .text.HAL_I2C_Mem_Read
                0x08004414      0x4e8 ./Drivers/STM32F1xx_HAL_Driver/Src/stm32f1xx_hal_i2c.o
                0x08004414                HAL_I2C_Mem_Read
 .text.I2C_RequestMemoryWrite
                0x080048fc      0x12c ./Drivers/STM32F1xx_HAL_Driver/Src/stm32f1xx_hal_i2c.o
 .text.I2C_RequestMemoryRead
                0x08004a28      0x1d0 ./Drivers/STM32F1xx_HAL_Driver/Src/stm32f1xx_hal_i2c.o
 .text.I2C_WaitOnFlagUntilTimeout
                0x08004bf8       0xf4 ./Drivers/STM32F1xx_HAL_Driver/Src/stm32f1xx_hal_i2c.o
 .text.I2C_WaitOnMasterAddressFlagUntilTimeout
                0x08004cec      0x140 ./Drivers/STM32F1xx_HAL_Driver/Src/stm32f1xx_hal_i2c.o
 .text.I2C_WaitOnTXEFlagUntilTimeout
                0x08004e2c       0x90 ./Drivers/STM32F1xx_HAL_Driver/Src/stm32f1xx_hal_i2c.o
 .text.I2C_WaitOnBTFFlagUntilTimeout
                0x08004ebc       0x90 ./Drivers/STM32F1xx_HAL_Driver/Src/stm32f1xx_hal_i2c.o
 .text.I2C_WaitOnRXNEFlagUntilTimeout
                0x08004f4c       0xba ./Drivers/STM32F1xx_HAL_Driver/Src/stm32f1xx_hal_i2c.o
 .text.I2C_IsAcknowledgeFailed
                0x08005006       0x5c ./Drivers/STM32F1xx_HAL_Driver/Src/stm32f1xx_hal_i2c.o
 .text.HAL_IWDG_Init
                0x08005062       0x88 ./Drivers/STM32F1xx_HAL_Driver/Src/stm32f1xx_hal_iwdg.o
                0x08005062                HAL_IWDG_Init
 .text.HAL_IWDG_Refresh
                0x080050ea       0x1e ./Drivers/STM32F1xx_HAL_Driver/Src/stm32f1xx_hal_iwdg.o
                0x080050ea                HAL_IWDG_Refresh
 .text.HAL_PCD_Init
                0x08005108      0x1ec ./Drivers/STM32F1xx_HAL_Driver/Src/stm32f1xx_hal_pcd.o
                0x08005108                HAL_PCD_Init
 .text.HAL_PCD_Start
                0x080052f4       0x4c ./Drivers/STM32F1xx_HAL_Driver/Src/stm32f1xx_hal_pcd.o
                0x080052f4                HAL_PCD_Start
 .text.HAL_PCD_IRQHandler
                0x08005340      0x260 ./Drivers/STM32F1xx_HAL_Driver/Src/stm32f1xx_hal_pcd.o
                0x08005340                HAL_PCD_IRQHandler
 .text.HAL_PCD_SetAddress
                0x080055a0       0x48 ./Drivers/STM32F1xx_HAL_Driver/Src/stm32f1xx_hal_pcd.o
                0x080055a0                HAL_PCD_SetAddress
 .text.HAL_PCD_EP_Open
                0x080055e8       0xba ./Drivers/STM32F1xx_HAL_Driver/Src/stm32f1xx_hal_pcd.o
                0x080055e8                HAL_PCD_EP_Open
 .text.HAL_PCD_EP_Close
                0x080056a2       0x90 ./Drivers/STM32F1xx_HAL_Driver/Src/stm32f1xx_hal_pcd.o
                0x080056a2                HAL_PCD_EP_Close
 .text.HAL_PCD_EP_Receive
                0x08005732       0x62 ./Drivers/STM32F1xx_HAL_Driver/Src/stm32f1xx_hal_pcd.o
                0x08005732                HAL_PCD_EP_Receive
 .text.HAL_PCD_EP_GetRxCount
                0x08005794       0x2e ./Drivers/STM32F1xx_HAL_Driver/Src/stm32f1xx_hal_pcd.o
                0x08005794                HAL_PCD_EP_GetRxCount
 .text.HAL_PCD_EP_Transmit
                0x080057c2       0x6e ./Drivers/STM32F1xx_HAL_Driver/Src/stm32f1xx_hal_pcd.o
                0x080057c2                HAL_PCD_EP_Transmit
 .text.HAL_PCD_EP_SetStall
                0x08005830       0xc0 ./Drivers/STM32F1xx_HAL_Driver/Src/stm32f1xx_hal_pcd.o
                0x08005830                HAL_PCD_EP_SetStall
 .text.HAL_PCD_EP_ClrStall
                0x080058f0       0xa8 ./Drivers/STM32F1xx_HAL_Driver/Src/stm32f1xx_hal_pcd.o
                0x080058f0                HAL_PCD_EP_ClrStall
 .text.PCD_EP_ISR_Handler
                0x08005998      0x79e ./Drivers/STM32F1xx_HAL_Driver/Src/stm32f1xx_hal_pcd.o
 .text.HAL_PCD_EP_DB_Receive
                0x08006136      0x21a ./Drivers/STM32F1xx_HAL_Driver/Src/stm32f1xx_hal_pcd.o
 .text.HAL_PCD_EP_DB_Transmit
                0x08006350      0x7f4 ./Drivers/STM32F1xx_HAL_Driver/Src/stm32f1xx_hal_pcd.o
 .text.HAL_PCDEx_PMAConfig
                0x08006b44       0x84 ./Drivers/STM32F1xx_HAL_Driver/Src/stm32f1xx_hal_pcd_ex.o
                0x08006b44                HAL_PCDEx_PMAConfig
 .text.HAL_RCC_OscConfig
                0x08006bc8      0x504 ./Drivers/STM32F1xx_HAL_Driver/Src/stm32f1xx_hal_rcc.o
                0x08006bc8                HAL_RCC_OscConfig
 .text.HAL_RCC_ClockConfig
                0x080070cc      0x1d4 ./Drivers/STM32F1xx_HAL_Driver/Src/stm32f1xx_hal_rcc.o
                0x080070cc                HAL_RCC_ClockConfig
 .text.HAL_RCC_GetSysClockFreq
                0x080072a0       0xa8 ./Drivers/STM32F1xx_HAL_Driver/Src/stm32f1xx_hal_rcc.o
                0x080072a0                HAL_RCC_GetSysClockFreq
 .text.HAL_RCC_GetHCLKFreq
                0x08007348       0x14 ./Drivers/STM32F1xx_HAL_Driver/Src/stm32f1xx_hal_rcc.o
                0x08007348                HAL_RCC_GetHCLKFreq
 .text.HAL_RCC_GetPCLK1Freq
                0x0800735c       0x28 ./Drivers/STM32F1xx_HAL_Driver/Src/stm32f1xx_hal_rcc.o
                0x0800735c                HAL_RCC_GetPCLK1Freq
 .text.HAL_RCC_GetPCLK2Freq
                0x08007384       0x28 ./Drivers/STM32F1xx_HAL_Driver/Src/stm32f1xx_hal_rcc.o
                0x08007384                HAL_RCC_GetPCLK2Freq
 .text.RCC_Delay
                0x080073ac       0x3c ./Drivers/STM32F1xx_HAL_Driver/Src/stm32f1xx_hal_rcc.o
 .text.HAL_RCCEx_PeriphCLKConfig
                0x080073e8      0x16c ./Drivers/STM32F1xx_HAL_Driver/Src/stm32f1xx_hal_rcc_ex.o
                0x080073e8                HAL_RCCEx_PeriphCLKConfig
 .text.HAL_RCCEx_GetPeriphCLKFreq
                0x08007554      0x16c ./Drivers/STM32F1xx_HAL_Driver/Src/stm32f1xx_hal_rcc_ex.o
                0x08007554                HAL_RCCEx_GetPeriphCLKFreq
 .text.HAL_SPI_Init
                0x080076c0      0x108 ./Drivers/STM32F1xx_HAL_Driver/Src/stm32f1xx_hal_spi.o
                0x080076c0                HAL_SPI_Init
 .text.HAL_TIM_Base_Init
                0x080077c8       0x9e ./Drivers/STM32F1xx_HAL_Driver/Src/stm32f1xx_hal_tim.o
                0x080077c8                HAL_TIM_Base_Init
 *fill*         0x08007866        0x2 
 .text.HAL_TIM_Base_Start_IT
                0x08007868       0xa4 ./Drivers/STM32F1xx_HAL_Driver/Src/stm32f1xx_hal_tim.o
                0x08007868                HAL_TIM_Base_Start_IT
 .text.HAL_TIM_PWM_Init
                0x0800790c       0x9e ./Drivers/STM32F1xx_HAL_Driver/Src/stm32f1xx_hal_tim.o
                0x0800790c                HAL_TIM_PWM_Init
 .text.HAL_TIM_PWM_MspInit
                0x080079aa       0x12 ./Drivers/STM32F1xx_HAL_Driver/Src/stm32f1xx_hal_tim.o
                0x080079aa                HAL_TIM_PWM_MspInit
 .text.HAL_TIM_PWM_Start
                0x080079bc      0x144 ./Drivers/STM32F1xx_HAL_Driver/Src/stm32f1xx_hal_tim.o
                0x080079bc                HAL_TIM_PWM_Start
 .text.HAL_TIM_IRQHandler
                0x08007b00      0x1e0 ./Drivers/STM32F1xx_HAL_Driver/Src/stm32f1xx_hal_tim.o
                0x08007b00                HAL_TIM_IRQHandler
 .text.HAL_TIM_PWM_ConfigChannel
                0x08007ce0      0x184 ./Drivers/STM32F1xx_HAL_Driver/Src/stm32f1xx_hal_tim.o
                0x08007ce0                HAL_TIM_PWM_ConfigChannel
 .text.HAL_TIM_ConfigClockSource
                0x08007e64      0x18e ./Drivers/STM32F1xx_HAL_Driver/Src/stm32f1xx_hal_tim.o
                0x08007e64                HAL_TIM_ConfigClockSource
 .text.HAL_TIM_PeriodElapsedCallback
                0x08007ff2       0x12 ./Drivers/STM32F1xx_HAL_Driver/Src/stm32f1xx_hal_tim.o
                0x08007ff2                HAL_TIM_PeriodElapsedCallback
 .text.HAL_TIM_OC_DelayElapsedCallback
                0x08008004       0x12 ./Drivers/STM32F1xx_HAL_Driver/Src/stm32f1xx_hal_tim.o
                0x08008004                HAL_TIM_OC_DelayElapsedCallback
 .text.HAL_TIM_IC_CaptureCallback
                0x08008016       0x12 ./Drivers/STM32F1xx_HAL_Driver/Src/stm32f1xx_hal_tim.o
                0x08008016                HAL_TIM_IC_CaptureCallback
 .text.HAL_TIM_PWM_PulseFinishedCallback
                0x08008028       0x12 ./Drivers/STM32F1xx_HAL_Driver/Src/stm32f1xx_hal_tim.o
                0x08008028                HAL_TIM_PWM_PulseFinishedCallback
 .text.HAL_TIM_TriggerCallback
                0x0800803a       0x12 ./Drivers/STM32F1xx_HAL_Driver/Src/stm32f1xx_hal_tim.o
                0x0800803a                HAL_TIM_TriggerCallback
 .text.TIM_Base_SetConfig
                0x0800804c       0xdc ./Drivers/STM32F1xx_HAL_Driver/Src/stm32f1xx_hal_tim.o
                0x0800804c                TIM_Base_SetConfig
 .text.TIM_OC1_SetConfig
                0x08008128       0xcc ./Drivers/STM32F1xx_HAL_Driver/Src/stm32f1xx_hal_tim.o
 .text.TIM_OC2_SetConfig
                0x080081f4       0xd4 ./Drivers/STM32F1xx_HAL_Driver/Src/stm32f1xx_hal_tim.o
                0x080081f4                TIM_OC2_SetConfig
 .text.TIM_OC3_SetConfig
                0x080082c8       0xd4 ./Drivers/STM32F1xx_HAL_Driver/Src/stm32f1xx_hal_tim.o
 .text.TIM_OC4_SetConfig
                0x0800839c       0x9c ./Drivers/STM32F1xx_HAL_Driver/Src/stm32f1xx_hal_tim.o
 .text.TIM_TI1_ConfigInputStage
                0x08008438       0x5c ./Drivers/STM32F1xx_HAL_Driver/Src/stm32f1xx_hal_tim.o
 .text.TIM_TI2_ConfigInputStage
                0x08008494       0x5e ./Drivers/STM32F1xx_HAL_Driver/Src/stm32f1xx_hal_tim.o
 .text.TIM_ITRx_SetConfig
                0x080084f2       0x34 ./Drivers/STM32F1xx_HAL_Driver/Src/stm32f1xx_hal_tim.o
 .text.TIM_ETR_SetConfig
                0x08008526       0x3e ./Drivers/STM32F1xx_HAL_Driver/Src/stm32f1xx_hal_tim.o
                0x08008526                TIM_ETR_SetConfig
 .text.TIM_CCxChannelCmd
                0x08008564       0x48 ./Drivers/STM32F1xx_HAL_Driver/Src/stm32f1xx_hal_tim.o
                0x08008564                TIM_CCxChannelCmd
 .text.HAL_TIMEx_MasterConfigSynchronization
                0x080085ac       0xbc ./Drivers/STM32F1xx_HAL_Driver/Src/stm32f1xx_hal_tim_ex.o
                0x080085ac                HAL_TIMEx_MasterConfigSynchronization
 .text.HAL_TIMEx_ConfigBreakDeadTime
                0x08008668       0xa2 ./Drivers/STM32F1xx_HAL_Driver/Src/stm32f1xx_hal_tim_ex.o
                0x08008668                HAL_TIMEx_ConfigBreakDeadTime
 .text.HAL_TIMEx_CommutCallback
                0x0800870a       0x12 ./Drivers/STM32F1xx_HAL_Driver/Src/stm32f1xx_hal_tim_ex.o
                0x0800870a                HAL_TIMEx_CommutCallback
 .text.HAL_TIMEx_BreakCallback
                0x0800871c       0x12 ./Drivers/STM32F1xx_HAL_Driver/Src/stm32f1xx_hal_tim_ex.o
                0x0800871c                HAL_TIMEx_BreakCallback
 .text.USB_CoreInit
                0x0800872e       0x1a ./Drivers/STM32F1xx_HAL_Driver/Src/stm32f1xx_ll_usb.o
                0x0800872e                USB_CoreInit
 .text.USB_EnableGlobalInt
                0x08008748       0x2c ./Drivers/STM32F1xx_HAL_Driver/Src/stm32f1xx_ll_usb.o
                0x08008748                USB_EnableGlobalInt
 .text.USB_DisableGlobalInt
                0x08008774       0x34 ./Drivers/STM32F1xx_HAL_Driver/Src/stm32f1xx_ll_usb.o
                0x08008774                USB_DisableGlobalInt
 .text.USB_SetCurrentMode
                0x080087a8       0x18 ./Drivers/STM32F1xx_HAL_Driver/Src/stm32f1xx_ll_usb.o
                0x080087a8                USB_SetCurrentMode
 .text.USB_DevInit
                0x080087c0       0x3a ./Drivers/STM32F1xx_HAL_Driver/Src/stm32f1xx_ll_usb.o
                0x080087c0                USB_DevInit
 *fill*         0x080087fa        0x2 
 .text.USB_ActivateEndpoint
                0x080087fc      0x780 ./Drivers/STM32F1xx_HAL_Driver/Src/stm32f1xx_ll_usb.o
                0x080087fc                USB_ActivateEndpoint
 .text.USB_DeactivateEndpoint
                0x08008f7c      0x3d8 ./Drivers/STM32F1xx_HAL_Driver/Src/stm32f1xx_ll_usb.o
                0x08008f7c                USB_DeactivateEndpoint
 .text.USB_EPStartXfer
                0x08009354     0x1762 ./Drivers/STM32F1xx_HAL_Driver/Src/stm32f1xx_ll_usb.o
                0x08009354                USB_EPStartXfer
 .text.USB_EPSetStall
                0x0800aab6       0xa0 ./Drivers/STM32F1xx_HAL_Driver/Src/stm32f1xx_ll_usb.o
                0x0800aab6                USB_EPSetStall
 .text.USB_EPClearStall
                0x0800ab56      0x15a ./Drivers/STM32F1xx_HAL_Driver/Src/stm32f1xx_ll_usb.o
                0x0800ab56                USB_EPClearStall
 .text.USB_SetDevAddress
                0x0800acb0       0x26 ./Drivers/STM32F1xx_HAL_Driver/Src/stm32f1xx_ll_usb.o
                0x0800acb0                USB_SetDevAddress
 .text.USB_DevConnect
                0x0800acd6       0x14 ./Drivers/STM32F1xx_HAL_Driver/Src/stm32f1xx_ll_usb.o
                0x0800acd6                USB_DevConnect
 .text.USB_DevDisconnect
                0x0800acea       0x14 ./Drivers/STM32F1xx_HAL_Driver/Src/stm32f1xx_ll_usb.o
                0x0800acea                USB_DevDisconnect
 .text.USB_ReadInterrupts
                0x0800acfe       0x1e ./Drivers/STM32F1xx_HAL_Driver/Src/stm32f1xx_ll_usb.o
                0x0800acfe                USB_ReadInterrupts
 .text.USB_EP0_OutStart
                0x0800ad1c       0x16 ./Drivers/STM32F1xx_HAL_Driver/Src/stm32f1xx_ll_usb.o
                0x0800ad1c                USB_EP0_OutStart
 .text.USB_WritePMA
                0x0800ad32       0x8a ./Drivers/STM32F1xx_HAL_Driver/Src/stm32f1xx_ll_usb.o
                0x0800ad32                USB_WritePMA
 .text.USB_ReadPMA
                0x0800adbc       0x9e ./Drivers/STM32F1xx_HAL_Driver/Src/stm32f1xx_ll_usb.o
                0x0800adbc                USB_ReadPMA
 .text.USBD_CDC_Init
                0x0800ae5a       0xf4 ./Middlewares/ST/STM32_USB_Device_Library/Class/CDC/Src/usbd_cdc.o
 .text.USBD_CDC_DeInit
                0x0800af4e       0x6e ./Middlewares/ST/STM32_USB_Device_Library/Class/CDC/Src/usbd_cdc.o
 .text.USBD_CDC_Setup
                0x0800afbc      0x146 ./Middlewares/ST/STM32_USB_Device_Library/Class/CDC/Src/usbd_cdc.o
 .text.USBD_CDC_DataIn
                0x0800b102       0xa6 ./Middlewares/ST/STM32_USB_Device_Library/Class/CDC/Src/usbd_cdc.o
 .text.USBD_CDC_DataOut
                0x0800b1a8       0x56 ./Middlewares/ST/STM32_USB_Device_Library/Class/CDC/Src/usbd_cdc.o
 .text.USBD_CDC_EP0_RxReady
                0x0800b1fe       0x4e ./Middlewares/ST/STM32_USB_Device_Library/Class/CDC/Src/usbd_cdc.o
 .text.USBD_CDC_GetFSCfgDesc
                0x0800b24c       0x20 ./Middlewares/ST/STM32_USB_Device_Library/Class/CDC/Src/usbd_cdc.o
 .text.USBD_CDC_GetHSCfgDesc
                0x0800b26c       0x20 ./Middlewares/ST/STM32_USB_Device_Library/Class/CDC/Src/usbd_cdc.o
 .text.USBD_CDC_GetOtherSpeedCfgDesc
                0x0800b28c       0x20 ./Middlewares/ST/STM32_USB_Device_Library/Class/CDC/Src/usbd_cdc.o
 .text.USBD_CDC_GetDeviceQualifierDescriptor
                0x0800b2ac       0x20 ./Middlewares/ST/STM32_USB_Device_Library/Class/CDC/Src/usbd_cdc.o
                0x0800b2ac                USBD_CDC_GetDeviceQualifierDescriptor
 .text.USBD_CDC_RegisterInterface
                0x0800b2cc       0x2c ./Middlewares/ST/STM32_USB_Device_Library/Class/CDC/Src/usbd_cdc.o
                0x0800b2cc                USBD_CDC_RegisterInterface
 .text.USBD_CDC_SetTxBuffer
                0x0800b2f8       0x32 ./Middlewares/ST/STM32_USB_Device_Library/Class/CDC/Src/usbd_cdc.o
                0x0800b2f8                USBD_CDC_SetTxBuffer
 .text.USBD_CDC_SetRxBuffer
                0x0800b32a       0x26 ./Middlewares/ST/STM32_USB_Device_Library/Class/CDC/Src/usbd_cdc.o
                0x0800b32a                USBD_CDC_SetRxBuffer
 .text.USBD_CDC_TransmitPacket
                0x0800b350       0x5e ./Middlewares/ST/STM32_USB_Device_Library/Class/CDC/Src/usbd_cdc.o
                0x0800b350                USBD_CDC_TransmitPacket
 .text.USBD_CDC_ReceivePacket
                0x0800b3ae       0x54 ./Middlewares/ST/STM32_USB_Device_Library/Class/CDC/Src/usbd_cdc.o
                0x0800b3ae                USBD_CDC_ReceivePacket
 .text.USBD_Init
                0x0800b402       0x56 ./Middlewares/ST/STM32_USB_Device_Library/Core/Src/usbd_core.o
                0x0800b402                USBD_Init
 .text.USBD_RegisterClass
                0x0800b458       0x32 ./Middlewares/ST/STM32_USB_Device_Library/Core/Src/usbd_core.o
                0x0800b458                USBD_RegisterClass
 .text.USBD_Start
                0x0800b48a       0x18 ./Middlewares/ST/STM32_USB_Device_Library/Core/Src/usbd_core.o
                0x0800b48a                USBD_Start
 .text.USBD_RunTestMode
                0x0800b4a2       0x14 ./Middlewares/ST/STM32_USB_Device_Library/Core/Src/usbd_core.o
                0x0800b4a2                USBD_RunTestMode
 .text.USBD_SetClassConfig
                0x0800b4b6       0x3e ./Middlewares/ST/STM32_USB_Device_Library/Core/Src/usbd_core.o
                0x0800b4b6                USBD_SetClassConfig
 .text.USBD_ClrClassConfig
                0x0800b4f4       0x26 ./Middlewares/ST/STM32_USB_Device_Library/Core/Src/usbd_core.o
                0x0800b4f4                USBD_ClrClassConfig
 .text.USBD_LL_SetupStage
                0x0800b51a       0x9a ./Middlewares/ST/STM32_USB_Device_Library/Core/Src/usbd_core.o
                0x0800b51a                USBD_LL_SetupStage
 .text.USBD_LL_DataOutStage
                0x0800b5b4       0xe2 ./Middlewares/ST/STM32_USB_Device_Library/Core/Src/usbd_core.o
                0x0800b5b4                USBD_LL_DataOutStage
 .text.USBD_LL_DataInStage
                0x0800b696      0x14a ./Middlewares/ST/STM32_USB_Device_Library/Core/Src/usbd_core.o
                0x0800b696                USBD_LL_DataInStage
 .text.USBD_LL_Reset
                0x0800b7e0       0x82 ./Middlewares/ST/STM32_USB_Device_Library/Core/Src/usbd_core.o
                0x0800b7e0                USBD_LL_Reset
 .text.USBD_LL_SetSpeed
                0x0800b862       0x1e ./Middlewares/ST/STM32_USB_Device_Library/Core/Src/usbd_core.o
                0x0800b862                USBD_LL_SetSpeed
 .text.USBD_LL_Suspend
                0x0800b880       0x28 ./Middlewares/ST/STM32_USB_Device_Library/Core/Src/usbd_core.o
                0x0800b880                USBD_LL_Suspend
 .text.USBD_LL_Resume
                0x0800b8a8       0x2a ./Middlewares/ST/STM32_USB_Device_Library/Core/Src/usbd_core.o
                0x0800b8a8                USBD_LL_Resume
 .text.USBD_LL_SOF
                0x0800b8d2       0x34 ./Middlewares/ST/STM32_USB_Device_Library/Core/Src/usbd_core.o
                0x0800b8d2                USBD_LL_SOF
 *fill*         0x0800b906        0x2 
 .text.USBD_StdDevReq
                0x0800b908       0xd4 ./Middlewares/ST/STM32_USB_Device_Library/Core/Src/usbd_ctlreq.o
                0x0800b908                USBD_StdDevReq
 .text.USBD_StdItfReq
                0x0800b9dc       0x90 ./Middlewares/ST/STM32_USB_Device_Library/Core/Src/usbd_ctlreq.o
                0x0800b9dc                USBD_StdItfReq
 .text.USBD_StdEPReq
                0x0800ba6c      0x2c6 ./Middlewares/ST/STM32_USB_Device_Library/Core/Src/usbd_ctlreq.o
                0x0800ba6c                USBD_StdEPReq
 *fill*         0x0800bd32        0x2 
 .text.USBD_GetDescriptor
                0x0800bd34      0x2d0 ./Middlewares/ST/STM32_USB_Device_Library/Core/Src/usbd_ctlreq.o
 .text.USBD_SetAddress
                0x0800c004       0x86 ./Middlewares/ST/STM32_USB_Device_Library/Core/Src/usbd_ctlreq.o
 *fill*         0x0800c08a        0x2 
 .text.USBD_SetConfig
                0x0800c08c      0x11c ./Middlewares/ST/STM32_USB_Device_Library/Core/Src/usbd_ctlreq.o
 .text.USBD_GetConfig
                0x0800c1a8       0x6a ./Middlewares/ST/STM32_USB_Device_Library/Core/Src/usbd_ctlreq.o
 .text.USBD_GetStatus
                0x0800c212       0x66 ./Middlewares/ST/STM32_USB_Device_Library/Core/Src/usbd_ctlreq.o
 .text.USBD_SetFeature
                0x0800c278       0x28 ./Middlewares/ST/STM32_USB_Device_Library/Core/Src/usbd_ctlreq.o
 .text.USBD_ClrFeature
                0x0800c2a0       0x42 ./Middlewares/ST/STM32_USB_Device_Library/Core/Src/usbd_ctlreq.o
 .text.USBD_ParseSetupRequest
                0x0800c2e2       0x72 ./Middlewares/ST/STM32_USB_Device_Library/Core/Src/usbd_ctlreq.o
                0x0800c2e2                USBD_ParseSetupRequest
 .text.USBD_CtlError
                0x0800c354       0x22 ./Middlewares/ST/STM32_USB_Device_Library/Core/Src/usbd_ctlreq.o
                0x0800c354                USBD_CtlError
 .text.USBD_GetString
                0x0800c376       0x84 ./Middlewares/ST/STM32_USB_Device_Library/Core/Src/usbd_ctlreq.o
                0x0800c376                USBD_GetString
 .text.USBD_GetLen
                0x0800c3fa       0x2e ./Middlewares/ST/STM32_USB_Device_Library/Core/Src/usbd_ctlreq.o
 .text.USBD_CtlSendData
                0x0800c428       0x38 ./Middlewares/ST/STM32_USB_Device_Library/Core/Src/usbd_ioreq.o
                0x0800c428                USBD_CtlSendData
 .text.USBD_CtlContinueSendData
                0x0800c460       0x24 ./Middlewares/ST/STM32_USB_Device_Library/Core/Src/usbd_ioreq.o
                0x0800c460                USBD_CtlContinueSendData
 .text.USBD_CtlPrepareRx
                0x0800c484       0x3c ./Middlewares/ST/STM32_USB_Device_Library/Core/Src/usbd_ioreq.o
                0x0800c484                USBD_CtlPrepareRx
 .text.USBD_CtlContinueRx
                0x0800c4c0       0x24 ./Middlewares/ST/STM32_USB_Device_Library/Core/Src/usbd_ioreq.o
                0x0800c4c0                USBD_CtlContinueRx
 .text.USBD_CtlSendStatus
                0x0800c4e4       0x26 ./Middlewares/ST/STM32_USB_Device_Library/Core/Src/usbd_ioreq.o
                0x0800c4e4                USBD_CtlSendStatus
 .text.USBD_CtlReceiveStatus
                0x0800c50a       0x26 ./Middlewares/ST/STM32_USB_Device_Library/Core/Src/usbd_ioreq.o
                0x0800c50a                USBD_CtlReceiveStatus
 .text.MX_USB_DEVICE_Init
                0x0800c530       0x60 ./USB_DEVICE/App/usb_device.o
                0x0800c530                MX_USB_DEVICE_Init
 .text.CDC_Init_FS
                0x0800c590       0x28 ./USB_DEVICE/App/usbd_cdc_if.o
 .text.CDC_DeInit_FS
                0x0800c5b8        0xe ./USB_DEVICE/App/usbd_cdc_if.o
 *fill*         0x0800c5c6        0x2 
 .text.CDC_Control_FS
                0x0800c5c8       0xbc ./USB_DEVICE/App/usbd_cdc_if.o
 .text.CDC_Receive_FS
                0x0800c684       0x54 ./USB_DEVICE/App/usbd_cdc_if.o
 .text.CDC_Transmit_FS
                0x0800c6d8       0x4c ./USB_DEVICE/App/usbd_cdc_if.o
                0x0800c6d8                CDC_Transmit_FS
 .text.USBD_FS_DeviceDescriptor
                0x0800c724       0x24 ./USB_DEVICE/App/usbd_desc.o
                0x0800c724                USBD_FS_DeviceDescriptor
 .text.USBD_FS_LangIDStrDescriptor
                0x0800c748       0x24 ./USB_DEVICE/App/usbd_desc.o
                0x0800c748                USBD_FS_LangIDStrDescriptor
 .text.USBD_FS_ProductStrDescriptor
                0x0800c76c       0x3c ./USB_DEVICE/App/usbd_desc.o
                0x0800c76c                USBD_FS_ProductStrDescriptor
 .text.USBD_FS_ManufacturerStrDescriptor
                0x0800c7a8       0x28 ./USB_DEVICE/App/usbd_desc.o
                0x0800c7a8                USBD_FS_ManufacturerStrDescriptor
 .text.USBD_FS_SerialStrDescriptor
                0x0800c7d0       0x24 ./USB_DEVICE/App/usbd_desc.o
                0x0800c7d0                USBD_FS_SerialStrDescriptor
 .text.USBD_FS_ConfigStrDescriptor
                0x0800c7f4       0x3c ./USB_DEVICE/App/usbd_desc.o
                0x0800c7f4                USBD_FS_ConfigStrDescriptor
 .text.USBD_FS_InterfaceStrDescriptor
                0x0800c830       0x3c ./USB_DEVICE/App/usbd_desc.o
                0x0800c830                USBD_FS_InterfaceStrDescriptor
 .text.Get_SerialNum
                0x0800c86c       0x58 ./USB_DEVICE/App/usbd_desc.o
 .text.IntToUnicode
                0x0800c8c4       0x7c ./USB_DEVICE/App/usbd_desc.o
 .text.HAL_PCD_MspInit
                0x0800c940       0x4c ./USB_DEVICE/Target/usbd_conf.o
                0x0800c940                HAL_PCD_MspInit
 .text.HAL_PCD_SetupStageCallback
                0x0800c98c       0x24 ./USB_DEVICE/Target/usbd_conf.o
                0x0800c98c                HAL_PCD_SetupStageCallback
 .text.HAL_PCD_DataOutStageCallback
                0x0800c9b0       0x36 ./USB_DEVICE/Target/usbd_conf.o
                0x0800c9b0                HAL_PCD_DataOutStageCallback
 .text.HAL_PCD_DataInStageCallback
                0x0800c9e6       0x34 ./USB_DEVICE/Target/usbd_conf.o
                0x0800c9e6                HAL_PCD_DataInStageCallback
 .text.HAL_PCD_SOFCallback
                0x0800ca1a       0x1c ./USB_DEVICE/Target/usbd_conf.o
                0x0800ca1a                HAL_PCD_SOFCallback
 .text.HAL_PCD_ResetCallback
                0x0800ca36       0x3c ./USB_DEVICE/Target/usbd_conf.o
                0x0800ca36                HAL_PCD_ResetCallback
 *fill*         0x0800ca72        0x2 
 .text.HAL_PCD_SuspendCallback
                0x0800ca74       0x34 ./USB_DEVICE/Target/usbd_conf.o
                0x0800ca74                HAL_PCD_SuspendCallback
 .text.HAL_PCD_ResumeCallback
                0x0800caa8       0x1c ./USB_DEVICE/Target/usbd_conf.o
                0x0800caa8                HAL_PCD_ResumeCallback
 .text.USBD_LL_Init
                0x0800cac4       0xb4 ./USB_DEVICE/Target/usbd_conf.o
                0x0800cac4                USBD_LL_Init
 .text.USBD_LL_Start
                0x0800cb78       0x36 ./USB_DEVICE/Target/usbd_conf.o
                0x0800cb78                USBD_LL_Start
 .text.USBD_LL_OpenEP
                0x0800cbae       0x4c ./USB_DEVICE/Target/usbd_conf.o
                0x0800cbae                USBD_LL_OpenEP
 .text.USBD_LL_CloseEP
                0x0800cbfa       0x3e ./USB_DEVICE/Target/usbd_conf.o
                0x0800cbfa                USBD_LL_CloseEP
 .text.USBD_LL_StallEP
                0x0800cc38       0x3e ./USB_DEVICE/Target/usbd_conf.o
                0x0800cc38                USBD_LL_StallEP
 .text.USBD_LL_ClearStallEP
                0x0800cc76       0x3e ./USB_DEVICE/Target/usbd_conf.o
                0x0800cc76                USBD_LL_ClearStallEP
 .text.USBD_LL_IsStallEP
                0x0800ccb4       0x56 ./USB_DEVICE/Target/usbd_conf.o
                0x0800ccb4                USBD_LL_IsStallEP
 .text.USBD_LL_SetUSBAddress
                0x0800cd0a       0x3e ./USB_DEVICE/Target/usbd_conf.o
                0x0800cd0a                USBD_LL_SetUSBAddress
 .text.USBD_LL_Transmit
                0x0800cd48       0x46 ./USB_DEVICE/Target/usbd_conf.o
                0x0800cd48                USBD_LL_Transmit
 .text.USBD_LL_PrepareReceive
                0x0800cd8e       0x46 ./USB_DEVICE/Target/usbd_conf.o
                0x0800cd8e                USBD_LL_PrepareReceive
 .text.USBD_LL_GetRxDataSize
                0x0800cdd4       0x26 ./USB_DEVICE/Target/usbd_conf.o
                0x0800cdd4                USBD_LL_GetRxDataSize
 *fill*         0x0800cdfa        0x2 
 .text.USBD_static_malloc
                0x0800cdfc       0x18 ./USB_DEVICE/Target/usbd_conf.o
                0x0800cdfc                USBD_static_malloc
 .text.USBD_static_free
                0x0800ce14       0x12 ./USB_DEVICE/Target/usbd_conf.o
                0x0800ce14                USBD_static_free
 .text.HAL_PCDEx_SetConnectionState
                0x0800ce26       0x16 ./USB_DEVICE/Target/usbd_conf.o
                0x0800ce26                HAL_PCDEx_SetConnectionState
 .text.USBD_Get_USB_Status
                0x0800ce3c       0x58 ./USB_DEVICE/Target/usbd_conf.o
 .text.memset   0x0800ce94       0x10 C:/ST/STM32CubeIDE_1.17.0/STM32CubeIDE/plugins/com.st.stm32cube.ide.mcu.externaltools.gnu-tools-for-stm32.12.3.rel1.win32_1.1.0.202410251130/tools/bin/../lib/gcc/arm-none-eabi/12.3.1/../../../../arm-none-eabi/lib/thumb/v7-m/nofp\libc_nano.a(libc_a-memset.o)
                0x0800ce94                memset
 .text.__libc_init_array
                0x0800cea4       0x48 C:/ST/STM32CubeIDE_1.17.0/STM32CubeIDE/plugins/com.st.stm32cube.ide.mcu.externaltools.gnu-tools-for-stm32.12.3.rel1.win32_1.1.0.202410251130/tools/bin/../lib/gcc/arm-none-eabi/12.3.1/../../../../arm-none-eabi/lib/thumb/v7-m/nofp\libc_nano.a(libc_a-init.o)
                0x0800cea4                __libc_init_array
 *(.glue_7)
 .glue_7        0x0800ceec        0x0 linker stubs
 *(.glue_7t)
 .glue_7t       0x0800ceec        0x0 linker stubs
 *(.eh_frame)
 .eh_frame      0x0800ceec        0x0 C:/ST/STM32CubeIDE_1.17.0/STM32CubeIDE/plugins/com.st.stm32cube.ide.mcu.externaltools.gnu-tools-for-stm32.12.3.rel1.win32_1.1.0.202410251130/tools/bin/../lib/gcc/arm-none-eabi/12.3.1/thumb/v7-m/nofp/crtbegin.o
 *(.init)
 .init          0x0800ceec        0x4 C:/ST/STM32CubeIDE_1.17.0/STM32CubeIDE/plugins/com.st.stm32cube.ide.mcu.externaltools.gnu-tools-for-stm32.12.3.rel1.win32_1.1.0.202410251130/tools/bin/../lib/gcc/arm-none-eabi/12.3.1/thumb/v7-m/nofp/crti.o
                0x0800ceec                _init
 .init          0x0800cef0        0x8 C:/ST/STM32CubeIDE_1.17.0/STM32CubeIDE/plugins/com.st.stm32cube.ide.mcu.externaltools.gnu-tools-for-stm32.12.3.rel1.win32_1.1.0.202410251130/tools/bin/../lib/gcc/arm-none-eabi/12.3.1/thumb/v7-m/nofp/crtn.o
 *(.fini)
 .fini          0x0800cef8        0x4 C:/ST/STM32CubeIDE_1.17.0/STM32CubeIDE/plugins/com.st.stm32cube.ide.mcu.externaltools.gnu-tools-for-stm32.12.3.rel1.win32_1.1.0.202410251130/tools/bin/../lib/gcc/arm-none-eabi/12.3.1/thumb/v7-m/nofp/crti.o
                0x0800cef8                _fini
 .fini          0x0800cefc        0x8 C:/ST/STM32CubeIDE_1.17.0/STM32CubeIDE/plugins/com.st.stm32cube.ide.mcu.externaltools.gnu-tools-for-stm32.12.3.rel1.win32_1.1.0.202410251130/tools/bin/../lib/gcc/arm-none-eabi/12.3.1/thumb/v7-m/nofp/crtn.o
                0x0800cf04                        . = ALIGN (0x4)
                0x0800cf04                        _etext = .

.vfp11_veneer   0x0800cf04        0x0
 .vfp11_veneer  0x0800cf04        0x0 linker stubs

.v4_bx          0x0800cf04        0x0
 .v4_bx         0x0800cf04        0x0 linker stubs

.iplt           0x0800cf04        0x0
 .iplt          0x0800cf04        0x0 C:/ST/STM32CubeIDE_1.17.0/STM32CubeIDE/plugins/com.st.stm32cube.ide.mcu.externaltools.gnu-tools-for-stm32.12.3.rel1.win32_1.1.0.202410251130/tools/bin/../lib/gcc/arm-none-eabi/12.3.1/thumb/v7-m/nofp/crtbegin.o

.rodata         0x0800cf04     0x115c
                0x0800cf04                        . = ALIGN (0x4)
 *(.rodata)
 .rodata        0x0800cf04       0xae ./Core/Src/main.o
 *fill*         0x0800cfb2        0x2 
 .rodata        0x0800cfb4       0x1c ./USB_DEVICE/App/usbd_cdc_if.o
 .rodata        0x0800cfd0       0x46 ./USB_DEVICE/App/usbd_desc.o
 *(.rodata*)
 *fill*         0x0800d016        0x2 
 .rodata.F6x8   0x0800d018      0x228 ./Core/Src/main.o
                0x0800d018                F6x8
 .rodata.F8X16  0x0800d240      0x5e0 ./Core/Src/main.o
                0x0800d240                F8X16
 .rodata.OLED_BMP_SYS
                0x0800d820      0x400 ./Core/Src/main.o
                0x0800d820                OLED_BMP_SYS
 .rodata.OLED_BMP_INIT
                0x0800dc20      0x400 ./Core/Src/main.o
                0x0800dc20                OLED_BMP_INIT
 .rodata.AHBPrescTable
                0x0800e020       0x10 ./Core/Src/system_stm32f1xx.o
                0x0800e020                AHBPrescTable
 .rodata.APBPrescTable
                0x0800e030        0x8 ./Core/Src/system_stm32f1xx.o
                0x0800e030                APBPrescTable
 .rodata.aPLLMULFactorTable.1
                0x0800e038       0x10 ./Drivers/STM32F1xx_HAL_Driver/Src/stm32f1xx_hal_rcc.o
 .rodata.aPredivFactorTable.0
                0x0800e048        0x2 ./Drivers/STM32F1xx_HAL_Driver/Src/stm32f1xx_hal_rcc.o
 *fill*         0x0800e04a        0x2 
 .rodata.aPLLMULFactorTable.1
                0x0800e04c       0x10 ./Drivers/STM32F1xx_HAL_Driver/Src/stm32f1xx_hal_rcc_ex.o
 .rodata.aPredivFactorTable.0
                0x0800e05c        0x2 ./Drivers/STM32F1xx_HAL_Driver/Src/stm32f1xx_hal_rcc_ex.o
                0x0800e060                        . = ALIGN (0x4)
 *fill*         0x0800e05e        0x2 

.ARM.extab      0x0800e060        0x0
                0x0800e060                        . = ALIGN (0x4)
 *(.ARM.extab* .gnu.linkonce.armextab.*)
                0x0800e060                        . = ALIGN (0x4)

.ARM            0x0800e060        0x8
                0x0800e060                        . = ALIGN (0x4)
                0x0800e060                        __exidx_start = .
 *(.ARM.exidx*)
 .ARM.exidx     0x0800e060        0x8 C:/ST/STM32CubeIDE_1.17.0/STM32CubeIDE/plugins/com.st.stm32cube.ide.mcu.externaltools.gnu-tools-for-stm32.12.3.rel1.win32_1.1.0.202410251130/tools/bin/../lib/gcc/arm-none-eabi/12.3.1/../../../../arm-none-eabi/lib/thumb/v7-m/nofp\libc_nano.a(libc_a-strcmp.o)
                0x0800e068                        __exidx_end = .
                0x0800e068                        . = ALIGN (0x4)

.preinit_array  0x0800e068        0x0
                0x0800e068                        . = ALIGN (0x4)
                0x0800e068                        PROVIDE (__preinit_array_start = .)
 *(.preinit_array*)
                0x0800e068                        PROVIDE (__preinit_array_end = .)
                0x0800e068                        . = ALIGN (0x4)

.init_array     0x0800e068        0x4
                0x0800e068                        . = ALIGN (0x4)
                0x0800e068                        PROVIDE (__init_array_start = .)
 *(SORT_BY_NAME(.init_array.*))
 *(.init_array*)
 .init_array    0x0800e068        0x4 C:/ST/STM32CubeIDE_1.17.0/STM32CubeIDE/plugins/com.st.stm32cube.ide.mcu.externaltools.gnu-tools-for-stm32.12.3.rel1.win32_1.1.0.202410251130/tools/bin/../lib/gcc/arm-none-eabi/12.3.1/thumb/v7-m/nofp/crtbegin.o
                0x0800e06c                        PROVIDE (__init_array_end = .)
                0x0800e06c                        . = ALIGN (0x4)

.fini_array     0x0800e06c        0x4
                0x0800e06c                        . = ALIGN (0x4)
                [!provide]                        PROVIDE (__fini_array_start = .)
 *(SORT_BY_NAME(.fini_array.*))
 *(.fini_array*)
 .fini_array    0x0800e06c        0x4 C:/ST/STM32CubeIDE_1.17.0/STM32CubeIDE/plugins/com.st.stm32cube.ide.mcu.externaltools.gnu-tools-for-stm32.12.3.rel1.win32_1.1.0.202410251130/tools/bin/../lib/gcc/arm-none-eabi/12.3.1/thumb/v7-m/nofp/crtbegin.o
                [!provide]                        PROVIDE (__fini_array_end = .)
                0x0800e070                        . = ALIGN (0x4)
                0x0800e070                        _sidata = LOADADDR (.data)

.rel.dyn        0x0800e070        0x0
 .rel.iplt      0x0800e070        0x0 C:/ST/STM32CubeIDE_1.17.0/STM32CubeIDE/plugins/com.st.stm32cube.ide.mcu.externaltools.gnu-tools-for-stm32.12.3.rel1.win32_1.1.0.202410251130/tools/bin/../lib/gcc/arm-none-eabi/12.3.1/thumb/v7-m/nofp/crtbegin.o

.data           0x20000000      0x17c load address 0x0800e070
                0x20000000                        . = ALIGN (0x4)
                0x20000000                        _sdata = .
 *(.data)
 *(.data*)
 .data.SystemCoreClock
                0x20000000        0x4 ./Core/Src/system_stm32f1xx.o
                0x20000000                SystemCoreClock
 .data.uwTickPrio
                0x20000004        0x4 ./Drivers/STM32F1xx_HAL_Driver/Src/stm32f1xx_hal.o
                0x20000004                uwTickPrio
 .data.uwTickFreq
                0x20000008        0x1 ./Drivers/STM32F1xx_HAL_Driver/Src/stm32f1xx_hal.o
                0x20000008                uwTickFreq
 *fill*         0x20000009        0x3 
 .data.USBD_CDC_DeviceQualifierDesc
                0x2000000c        0xa ./Middlewares/ST/STM32_USB_Device_Library/Class/CDC/Src/usbd_cdc.o
 *fill*         0x20000016        0x2 
 .data.USBD_CDC
                0x20000018       0x38 ./Middlewares/ST/STM32_USB_Device_Library/Class/CDC/Src/usbd_cdc.o
                0x20000018                USBD_CDC
 .data.USBD_CDC_CfgHSDesc
                0x20000050       0x43 ./Middlewares/ST/STM32_USB_Device_Library/Class/CDC/Src/usbd_cdc.o
                0x20000050                USBD_CDC_CfgHSDesc
 *fill*         0x20000093        0x1 
 .data.USBD_CDC_CfgFSDesc
                0x20000094       0x43 ./Middlewares/ST/STM32_USB_Device_Library/Class/CDC/Src/usbd_cdc.o
                0x20000094                USBD_CDC_CfgFSDesc
 *fill*         0x200000d7        0x1 
 .data.USBD_CDC_OtherSpeedCfgDesc
                0x200000d8       0x43 ./Middlewares/ST/STM32_USB_Device_Library/Class/CDC/Src/usbd_cdc.o
                0x200000d8                USBD_CDC_OtherSpeedCfgDesc
 *fill*         0x2000011b        0x1 
 .data.USBD_Interface_fops_FS
                0x2000011c       0x10 ./USB_DEVICE/App/usbd_cdc_if.o
                0x2000011c                USBD_Interface_fops_FS
 .data.FS_Desc  0x2000012c       0x1c ./USB_DEVICE/App/usbd_desc.o
                0x2000012c                FS_Desc
 .data.USBD_FS_DeviceDesc
                0x20000148       0x12 ./USB_DEVICE/App/usbd_desc.o
                0x20000148                USBD_FS_DeviceDesc
 *fill*         0x2000015a        0x2 
 .data.USBD_LangIDDesc
                0x2000015c        0x4 ./USB_DEVICE/App/usbd_desc.o
                0x2000015c                USBD_LangIDDesc
 .data.USBD_StringSerial
                0x20000160       0x1a ./USB_DEVICE/App/usbd_desc.o
                0x20000160                USBD_StringSerial
 *(.RamFunc)
 *(.RamFunc*)
                0x2000017c                        . = ALIGN (0x4)
 *fill*         0x2000017a        0x2 
                0x2000017c                        _edata = .

.igot.plt       0x2000017c        0x0 load address 0x0800e1ec
 .igot.plt      0x2000017c        0x0 C:/ST/STM32CubeIDE_1.17.0/STM32CubeIDE/plugins/com.st.stm32cube.ide.mcu.externaltools.gnu-tools-for-stm32.12.3.rel1.win32_1.1.0.202410251130/tools/bin/../lib/gcc/arm-none-eabi/12.3.1/thumb/v7-m/nofp/crtbegin.o
                0x2000017c                        . = ALIGN (0x4)

.bss            0x2000017c     0x1570 load address 0x0800e1ec
                0x2000017c                        _sbss = .
                0x2000017c                        __bss_start__ = _sbss
 *(.bss)
 .bss           0x2000017c       0x1c C:/ST/STM32CubeIDE_1.17.0/STM32CubeIDE/plugins/com.st.stm32cube.ide.mcu.externaltools.gnu-tools-for-stm32.12.3.rel1.win32_1.1.0.202410251130/tools/bin/../lib/gcc/arm-none-eabi/12.3.1/thumb/v7-m/nofp/crtbegin.o
 *(.bss*)
 .bss.hadc1     0x20000198       0x30 ./Core/Src/main.o
                0x20000198                hadc1
 .bss.hdma_adc1
                0x200001c8       0x44 ./Core/Src/main.o
                0x200001c8                hdma_adc1
 .bss.hi2c1     0x2000020c       0x54 ./Core/Src/main.o
                0x2000020c                hi2c1
 .bss.hi2c2     0x20000260       0x54 ./Core/Src/main.o
                0x20000260                hi2c2
 .bss.hiwdg     0x200002b4        0xc ./Core/Src/main.o
                0x200002b4                hiwdg
 .bss.hspi2     0x200002c0       0x58 ./Core/Src/main.o
                0x200002c0                hspi2
 .bss.htim1     0x20000318       0x48 ./Core/Src/main.o
                0x20000318                htim1
 .bss.htim2     0x20000360       0x48 ./Core/Src/main.o
                0x20000360                htim2
 .bss.SYS_Power_State
                0x200003a8        0x1 ./Core/Src/main.o
 *fill*         0x200003a9        0x3 
 .bss.PMBUS_Recv_Buf_PSMI_0x04
                0x200003ac        0x2 ./Core/Src/main.o
 *fill*         0x200003ae        0x2 
 .bss.PMBUS_Recv_Buf_PSMI_0x1A
                0x200003b0        0x1 ./Core/Src/main.o
 *fill*         0x200003b1        0x3 
 .bss.PMBUS_Recv_Buf_PSMI_0x98
                0x200003b4        0x1 ./Core/Src/main.o
 *fill*         0x200003b5        0x3 
 .bss.PMBUS_Recv_Buf_PSMI_0x0E
                0x200003b8        0x1 ./Core/Src/main.o
 *fill*         0x200003b9        0x3 
 .bss.PMBUS_Recv_Buf_PSMI_0x10
                0x200003bc        0x1 ./Core/Src/main.o
 *fill*         0x200003bd        0x3 
 .bss.PMBUS_Recv_Buf_PSMI_0x08
                0x200003c0        0x1 ./Core/Src/main.o
 *fill*         0x200003c1        0x3 
 .bss.PMBUS_Recv_Buf_PSMI_0x0C
                0x200003c4        0x1 ./Core/Src/main.o
 *fill*         0x200003c5        0x3 
 .bss.PMBUS_Recv_Buf_PSMI_0x12
                0x200003c8        0x1 ./Core/Src/main.o
 *fill*         0x200003c9        0x3 
 .bss.PMBUS_Recv_Buf_PSMI_0x1E
                0x200003cc        0x1 ./Core/Src/main.o
 *fill*         0x200003cd        0x3 
 .bss.PMBUS_Recv_Buf_PSMI_0x00
                0x200003d0        0x2 ./Core/Src/main.o
 *fill*         0x200003d2        0x2 
 .bss.PMBUS_Recv_Buf_PSMI_0x02
                0x200003d4        0x2 ./Core/Src/main.o
 *fill*         0x200003d6        0x2 
 .bss.PMBUS_Recv_Buf_FRU
                0x200003d8       0xff ./Core/Src/main.o
 *fill*         0x200004d7        0x1 
 .bss.ADC_Value
                0x200004d8       0x16 ./Core/Src/main.o
                0x200004d8                ADC_Value
 *fill*         0x200004ee        0x2 
 .bss.VCC19V5_VADC
                0x200004f0        0x4 ./Core/Src/main.o
                0x200004f0                VCC19V5_VADC
 .bss.VCC19V5_IADC
                0x200004f4        0x4 ./Core/Src/main.o
                0x200004f4                VCC19V5_IADC
 .bss.Output_19V5_Power
                0x200004f8        0x4 ./Core/Src/main.o
                0x200004f8                Output_19V5_Power
 .bss.VCC12V_SYS_VADC
                0x200004fc        0x4 ./Core/Src/main.o
                0x200004fc                VCC12V_SYS_VADC
 .bss.VCC12V_SB_VADC
                0x20000500        0x4 ./Core/Src/main.o
                0x20000500                VCC12V_SB_VADC
 .bss.VCC5V0_SYS_VADC
                0x20000504        0x4 ./Core/Src/main.o
                0x20000504                VCC5V0_SYS_VADC
 .bss.VCC3V3_SYS_VADC
                0x20000508        0x4 ./Core/Src/main.o
                0x20000508                VCC3V3_SYS_VADC
 .bss.T_BOOST   0x2000050c        0x4 ./Core/Src/main.o
                0x2000050c                T_BOOST
 .bss.T_REAR    0x20000510        0x4 ./Core/Src/main.o
                0x20000510                T_REAR
 .bss.T_FRONT   0x20000514        0x4 ./Core/Src/main.o
                0x20000514                T_FRONT
 .bss.T_IN      0x20000518        0x4 ./Core/Src/main.o
                0x20000518                T_IN
 .bss.Vref_IN   0x2000051c        0x4 ./Core/Src/main.o
                0x2000051c                Vref_IN
 .bss.SYS_FAN_TACH_Count
                0x20000520        0x4 ./Core/Src/main.o
                0x20000520                SYS_FAN_TACH_Count
 .bss.SYS_FAN_Speed
                0x20000524        0x4 ./Core/Src/main.o
                0x20000524                SYS_FAN_Speed
 .bss.uwTick    0x20000528        0x4 ./Drivers/STM32F1xx_HAL_Driver/Src/stm32f1xx_hal.o
                0x20000528                uwTick
 .bss.cfgidx.0  0x2000052c        0x1 ./Middlewares/ST/STM32_USB_Device_Library/Core/Src/usbd_ctlreq.o
 *fill*         0x2000052d        0x3 
 .bss.hUsbDeviceFS
                0x20000530      0x2c4 ./USB_DEVICE/App/usb_device.o
                0x20000530                hUsbDeviceFS
 .bss.UserRxBufferFS
                0x200007f4      0x400 ./USB_DEVICE/App/usbd_cdc_if.o
                0x200007f4                UserRxBufferFS
 .bss.UserTxBufferFS
                0x20000bf4      0x400 ./USB_DEVICE/App/usbd_cdc_if.o
                0x20000bf4                UserTxBufferFS
 .bss.USBD_StrDesc
                0x20000ff4      0x200 ./USB_DEVICE/App/usbd_desc.o
                0x20000ff4                USBD_StrDesc
 .bss.hpcd_USB_FS
                0x200011f4      0x2d8 ./USB_DEVICE/Target/usbd_conf.o
                0x200011f4                hpcd_USB_FS
 .bss.mem.0     0x200014cc      0x220 ./USB_DEVICE/Target/usbd_conf.o
 *(COMMON)
                0x200016ec                        . = ALIGN (0x4)
                0x200016ec                        _ebss = .
                0x200016ec                        __bss_end__ = _ebss

._user_heap_stack
                0x200016ec      0x604 load address 0x0800e1ec
                0x200016f0                        . = ALIGN (0x8)
 *fill*         0x200016ec        0x4 
                [!provide]                        PROVIDE (end = .)
                0x200016f0                        PROVIDE (_end = .)
                0x200018f0                        . = (. + _Min_Heap_Size)
 *fill*         0x200016f0      0x200 
                0x20001cf0                        . = (. + _Min_Stack_Size)
 *fill*         0x200018f0      0x400 
                0x20001cf0                        . = ALIGN (0x8)

/DISCARD/
 libc.a(*)
 libm.a(*)
 libgcc.a(*)

.ARM.attributes
                0x00000000       0x29
 *(.ARM.attributes)
 .ARM.attributes
                0x00000000       0x1d C:/ST/STM32CubeIDE_1.17.0/STM32CubeIDE/plugins/com.st.stm32cube.ide.mcu.externaltools.gnu-tools-for-stm32.12.3.rel1.win32_1.1.0.202410251130/tools/bin/../lib/gcc/arm-none-eabi/12.3.1/thumb/v7-m/nofp/crti.o
 .ARM.attributes
                0x0000001d       0x2d C:/ST/STM32CubeIDE_1.17.0/STM32CubeIDE/plugins/com.st.stm32cube.ide.mcu.externaltools.gnu-tools-for-stm32.12.3.rel1.win32_1.1.0.202410251130/tools/bin/../lib/gcc/arm-none-eabi/12.3.1/thumb/v7-m/nofp/crtbegin.o
 .ARM.attributes
                0x0000004a       0x2d ./Core/Src/main.o
 .ARM.attributes
                0x00000077       0x2d ./Core/Src/stm32f1xx_hal_msp.o
 .ARM.attributes
                0x000000a4       0x2d ./Core/Src/stm32f1xx_it.o
 .ARM.attributes
                0x000000d1       0x2d ./Core/Src/system_stm32f1xx.o
 .ARM.attributes
                0x000000fe       0x21 ./Core/Startup/startup_stm32f103c8tx.o
 .ARM.attributes
                0x0000011f       0x2d ./Drivers/STM32F1xx_HAL_Driver/Src/stm32f1xx_hal.o
 .ARM.attributes
                0x0000014c       0x2d ./Drivers/STM32F1xx_HAL_Driver/Src/stm32f1xx_hal_adc.o
 .ARM.attributes
                0x00000179       0x2d ./Drivers/STM32F1xx_HAL_Driver/Src/stm32f1xx_hal_adc_ex.o
 .ARM.attributes
                0x000001a6       0x2d ./Drivers/STM32F1xx_HAL_Driver/Src/stm32f1xx_hal_cortex.o
 .ARM.attributes
                0x000001d3       0x2d ./Drivers/STM32F1xx_HAL_Driver/Src/stm32f1xx_hal_dma.o
 .ARM.attributes
                0x00000200       0x2d ./Drivers/STM32F1xx_HAL_Driver/Src/stm32f1xx_hal_gpio.o
 .ARM.attributes
                0x0000022d       0x2d ./Drivers/STM32F1xx_HAL_Driver/Src/stm32f1xx_hal_i2c.o
 .ARM.attributes
                0x0000025a       0x2d ./Drivers/STM32F1xx_HAL_Driver/Src/stm32f1xx_hal_iwdg.o
 .ARM.attributes
                0x00000287       0x2d ./Drivers/STM32F1xx_HAL_Driver/Src/stm32f1xx_hal_pcd.o
 .ARM.attributes
                0x000002b4       0x2d ./Drivers/STM32F1xx_HAL_Driver/Src/stm32f1xx_hal_pcd_ex.o
 .ARM.attributes
                0x000002e1       0x2d ./Drivers/STM32F1xx_HAL_Driver/Src/stm32f1xx_hal_rcc.o
 .ARM.attributes
                0x0000030e       0x2d ./Drivers/STM32F1xx_HAL_Driver/Src/stm32f1xx_hal_rcc_ex.o
 .ARM.attributes
                0x0000033b       0x2d ./Drivers/STM32F1xx_HAL_Driver/Src/stm32f1xx_hal_spi.o
 .ARM.attributes
                0x00000368       0x2d ./Drivers/STM32F1xx_HAL_Driver/Src/stm32f1xx_hal_tim.o
 .ARM.attributes
                0x00000395       0x2d ./Drivers/STM32F1xx_HAL_Driver/Src/stm32f1xx_hal_tim_ex.o
 .ARM.attributes
                0x000003c2       0x2d ./Drivers/STM32F1xx_HAL_Driver/Src/stm32f1xx_ll_usb.o
 .ARM.attributes
                0x000003ef       0x2d ./Middlewares/ST/STM32_USB_Device_Library/Class/CDC/Src/usbd_cdc.o
 .ARM.attributes
                0x0000041c       0x2d ./Middlewares/ST/STM32_USB_Device_Library/Core/Src/usbd_core.o
 .ARM.attributes
                0x00000449       0x2d ./Middlewares/ST/STM32_USB_Device_Library/Core/Src/usbd_ctlreq.o
 .ARM.attributes
                0x00000476       0x2d ./Middlewares/ST/STM32_USB_Device_Library/Core/Src/usbd_ioreq.o
 .ARM.attributes
                0x000004a3       0x2d ./USB_DEVICE/App/usb_device.o
 .ARM.attributes
                0x000004d0       0x2d ./USB_DEVICE/App/usbd_cdc_if.o
 .ARM.attributes
                0x000004fd       0x2d ./USB_DEVICE/App/usbd_desc.o
 .ARM.attributes
                0x0000052a       0x2d ./USB_DEVICE/Target/usbd_conf.o
 .ARM.attributes
                0x00000557       0x2d C:/ST/STM32CubeIDE_1.17.0/STM32CubeIDE/plugins/com.st.stm32cube.ide.mcu.externaltools.gnu-tools-for-stm32.12.3.rel1.win32_1.1.0.202410251130/tools/bin/../lib/gcc/arm-none-eabi/12.3.1/../../../../arm-none-eabi/lib/thumb/v7-m/nofp\libc_nano.a(libc_a-memset.o)
 .ARM.attributes
                0x00000584       0x2d C:/ST/STM32CubeIDE_1.17.0/STM32CubeIDE/plugins/com.st.stm32cube.ide.mcu.externaltools.gnu-tools-for-stm32.12.3.rel1.win32_1.1.0.202410251130/tools/bin/../lib/gcc/arm-none-eabi/12.3.1/../../../../arm-none-eabi/lib/thumb/v7-m/nofp\libc_nano.a(libc_a-init.o)
 .ARM.attributes
                0x000005b1       0x1b C:/ST/STM32CubeIDE_1.17.0/STM32CubeIDE/plugins/com.st.stm32cube.ide.mcu.externaltools.gnu-tools-for-stm32.12.3.rel1.win32_1.1.0.202410251130/tools/bin/../lib/gcc/arm-none-eabi/12.3.1/../../../../arm-none-eabi/lib/thumb/v7-m/nofp\libc_nano.a(libc_a-strcmp.o)
 .ARM.attributes
                0x000005cc       0x1d C:/ST/STM32CubeIDE_1.17.0/STM32CubeIDE/plugins/com.st.stm32cube.ide.mcu.externaltools.gnu-tools-for-stm32.12.3.rel1.win32_1.1.0.202410251130/tools/bin/../lib/gcc/arm-none-eabi/12.3.1/thumb/v7-m/nofp\libgcc.a(_arm_muldf3.o)
 .ARM.attributes
                0x000005e9       0x1d C:/ST/STM32CubeIDE_1.17.0/STM32CubeIDE/plugins/com.st.stm32cube.ide.mcu.externaltools.gnu-tools-for-stm32.12.3.rel1.win32_1.1.0.202410251130/tools/bin/../lib/gcc/arm-none-eabi/12.3.1/thumb/v7-m/nofp\libgcc.a(_arm_addsubdf3.o)
 .ARM.attributes
                0x00000606       0x1d C:/ST/STM32CubeIDE_1.17.0/STM32CubeIDE/plugins/com.st.stm32cube.ide.mcu.externaltools.gnu-tools-for-stm32.12.3.rel1.win32_1.1.0.202410251130/tools/bin/../lib/gcc/arm-none-eabi/12.3.1/thumb/v7-m/nofp\libgcc.a(_arm_fixunsdfsi.o)
 .ARM.attributes
                0x00000623       0x1d C:/ST/STM32CubeIDE_1.17.0/STM32CubeIDE/plugins/com.st.stm32cube.ide.mcu.externaltools.gnu-tools-for-stm32.12.3.rel1.win32_1.1.0.202410251130/tools/bin/../lib/gcc/arm-none-eabi/12.3.1/thumb/v7-m/nofp\libgcc.a(_arm_addsubsf3.o)
 .ARM.attributes
                0x00000640       0x1d C:/ST/STM32CubeIDE_1.17.0/STM32CubeIDE/plugins/com.st.stm32cube.ide.mcu.externaltools.gnu-tools-for-stm32.12.3.rel1.win32_1.1.0.202410251130/tools/bin/../lib/gcc/arm-none-eabi/12.3.1/thumb/v7-m/nofp\libgcc.a(_arm_muldivsf3.o)
 .ARM.attributes
                0x0000065d       0x1d C:/ST/STM32CubeIDE_1.17.0/STM32CubeIDE/plugins/com.st.stm32cube.ide.mcu.externaltools.gnu-tools-for-stm32.12.3.rel1.win32_1.1.0.202410251130/tools/bin/../lib/gcc/arm-none-eabi/12.3.1/thumb/v7-m/nofp\libgcc.a(_arm_cmpsf2.o)
 .ARM.attributes
                0x0000067a       0x1d C:/ST/STM32CubeIDE_1.17.0/STM32CubeIDE/plugins/com.st.stm32cube.ide.mcu.externaltools.gnu-tools-for-stm32.12.3.rel1.win32_1.1.0.202410251130/tools/bin/../lib/gcc/arm-none-eabi/12.3.1/thumb/v7-m/nofp\libgcc.a(_arm_fixsfsi.o)
 .ARM.attributes
                0x00000697       0x1d C:/ST/STM32CubeIDE_1.17.0/STM32CubeIDE/plugins/com.st.stm32cube.ide.mcu.externaltools.gnu-tools-for-stm32.12.3.rel1.win32_1.1.0.202410251130/tools/bin/../lib/gcc/arm-none-eabi/12.3.1/thumb/v7-m/nofp/crtn.o
OUTPUT(epw_notebook_power_software.elf elf32-littlearm)
LOAD linker stubs
LOAD C:/ST/STM32CubeIDE_1.17.0/STM32CubeIDE/plugins/com.st.stm32cube.ide.mcu.externaltools.gnu-tools-for-stm32.12.3.rel1.win32_1.1.0.202410251130/tools/bin/../lib/gcc/arm-none-eabi/12.3.1/../../../../arm-none-eabi/lib/thumb/v7-m/nofp\libc.a
LOAD C:/ST/STM32CubeIDE_1.17.0/STM32CubeIDE/plugins/com.st.stm32cube.ide.mcu.externaltools.gnu-tools-for-stm32.12.3.rel1.win32_1.1.0.202410251130/tools/bin/../lib/gcc/arm-none-eabi/12.3.1/../../../../arm-none-eabi/lib/thumb/v7-m/nofp\libm.a
LOAD C:/ST/STM32CubeIDE_1.17.0/STM32CubeIDE/plugins/com.st.stm32cube.ide.mcu.externaltools.gnu-tools-for-stm32.12.3.rel1.win32_1.1.0.202410251130/tools/bin/../lib/gcc/arm-none-eabi/12.3.1/thumb/v7-m/nofp\libgcc.a

.debug_info     0x00000000    0x1898c
 .debug_info    0x00000000     0x22a5 ./Core/Src/main.o
 .debug_info    0x000022a5     0x147b ./Core/Src/stm32f1xx_hal_msp.o
 .debug_info    0x00003720      0xc1d ./Core/Src/stm32f1xx_it.o
 .debug_info    0x0000433d      0x222 ./Core/Src/system_stm32f1xx.o
 .debug_info    0x0000455f       0x30 ./Core/Startup/startup_stm32f103c8tx.o
 .debug_info    0x0000458f      0x704 ./Drivers/STM32F1xx_HAL_Driver/Src/stm32f1xx_hal.o
 .debug_info    0x00004c93      0xc50 ./Drivers/STM32F1xx_HAL_Driver/Src/stm32f1xx_hal_adc.o
 .debug_info    0x000058e3      0xa10 ./Drivers/STM32F1xx_HAL_Driver/Src/stm32f1xx_hal_adc_ex.o
 .debug_info    0x000062f3      0xa87 ./Drivers/STM32F1xx_HAL_Driver/Src/stm32f1xx_hal_cortex.o
 .debug_info    0x00006d7a      0x6d2 ./Drivers/STM32F1xx_HAL_Driver/Src/stm32f1xx_hal_dma.o
 .debug_info    0x0000744c      0x5ab ./Drivers/STM32F1xx_HAL_Driver/Src/stm32f1xx_hal_gpio.o
 .debug_info    0x000079f7     0x2524 ./Drivers/STM32F1xx_HAL_Driver/Src/stm32f1xx_hal_i2c.o
 .debug_info    0x00009f1b      0x1d9 ./Drivers/STM32F1xx_HAL_Driver/Src/stm32f1xx_hal_iwdg.o
 .debug_info    0x0000a0f4     0x16dc ./Drivers/STM32F1xx_HAL_Driver/Src/stm32f1xx_hal_pcd.o
 .debug_info    0x0000b7d0      0x6c3 ./Drivers/STM32F1xx_HAL_Driver/Src/stm32f1xx_hal_pcd_ex.o
 .debug_info    0x0000be93      0x7d5 ./Drivers/STM32F1xx_HAL_Driver/Src/stm32f1xx_hal_rcc.o
 .debug_info    0x0000c668      0x3c0 ./Drivers/STM32F1xx_HAL_Driver/Src/stm32f1xx_hal_rcc_ex.o
 .debug_info    0x0000ca28     0x142d ./Drivers/STM32F1xx_HAL_Driver/Src/stm32f1xx_hal_spi.o
 .debug_info    0x0000de55     0x2959 ./Drivers/STM32F1xx_HAL_Driver/Src/stm32f1xx_hal_tim.o
 .debug_info    0x000107ae     0x149b ./Drivers/STM32F1xx_HAL_Driver/Src/stm32f1xx_hal_tim_ex.o
 .debug_info    0x00011c49     0x17ae ./Drivers/STM32F1xx_HAL_Driver/Src/stm32f1xx_ll_usb.o
 .debug_info    0x000133f7     0x104a ./Middlewares/ST/STM32_USB_Device_Library/Class/CDC/Src/usbd_cdc.o
 .debug_info    0x00014441      0xa59 ./Middlewares/ST/STM32_USB_Device_Library/Core/Src/usbd_core.o
 .debug_info    0x00014e9a      0x923 ./Middlewares/ST/STM32_USB_Device_Library/Core/Src/usbd_ctlreq.o
 .debug_info    0x000157bd      0x6a7 ./Middlewares/ST/STM32_USB_Device_Library/Core/Src/usbd_ioreq.o
 .debug_info    0x00015e64      0x644 ./USB_DEVICE/App/usb_device.o
 .debug_info    0x000164a8      0x828 ./USB_DEVICE/App/usbd_cdc_if.o
 .debug_info    0x00016cd0      0x451 ./USB_DEVICE/App/usbd_desc.o
 .debug_info    0x00017121     0x186b ./USB_DEVICE/Target/usbd_conf.o

.debug_abbrev   0x00000000     0x3e5b
 .debug_abbrev  0x00000000      0x386 ./Core/Src/main.o
 .debug_abbrev  0x00000386      0x25d ./Core/Src/stm32f1xx_hal_msp.o
 .debug_abbrev  0x000005e3      0x1ee ./Core/Src/stm32f1xx_it.o
 .debug_abbrev  0x000007d1      0x13f ./Core/Src/system_stm32f1xx.o
 .debug_abbrev  0x00000910       0x24 ./Core/Startup/startup_stm32f103c8tx.o
 .debug_abbrev  0x00000934      0x201 ./Drivers/STM32F1xx_HAL_Driver/Src/stm32f1xx_hal.o
 .debug_abbrev  0x00000b35      0x225 ./Drivers/STM32F1xx_HAL_Driver/Src/stm32f1xx_hal_adc.o
 .debug_abbrev  0x00000d5a      0x249 ./Drivers/STM32F1xx_HAL_Driver/Src/stm32f1xx_hal_adc_ex.o
 .debug_abbrev  0x00000fa3      0x2f8 ./Drivers/STM32F1xx_HAL_Driver/Src/stm32f1xx_hal_cortex.o
 .debug_abbrev  0x0000129b      0x20b ./Drivers/STM32F1xx_HAL_Driver/Src/stm32f1xx_hal_dma.o
 .debug_abbrev  0x000014a6      0x1ca ./Drivers/STM32F1xx_HAL_Driver/Src/stm32f1xx_hal_gpio.o
 .debug_abbrev  0x00001670      0x2a3 ./Drivers/STM32F1xx_HAL_Driver/Src/stm32f1xx_hal_i2c.o
 .debug_abbrev  0x00001913      0x12c ./Drivers/STM32F1xx_HAL_Driver/Src/stm32f1xx_hal_iwdg.o
 .debug_abbrev  0x00001a3f      0x2d6 ./Drivers/STM32F1xx_HAL_Driver/Src/stm32f1xx_hal_pcd.o
 .debug_abbrev  0x00001d15      0x189 ./Drivers/STM32F1xx_HAL_Driver/Src/stm32f1xx_hal_pcd_ex.o
 .debug_abbrev  0x00001e9e      0x2b3 ./Drivers/STM32F1xx_HAL_Driver/Src/stm32f1xx_hal_rcc.o
 .debug_abbrev  0x00002151      0x188 ./Drivers/STM32F1xx_HAL_Driver/Src/stm32f1xx_hal_rcc_ex.o
 .debug_abbrev  0x000022d9      0x27a ./Drivers/STM32F1xx_HAL_Driver/Src/stm32f1xx_hal_spi.o
 .debug_abbrev  0x00002553      0x277 ./Drivers/STM32F1xx_HAL_Driver/Src/stm32f1xx_hal_tim.o
 .debug_abbrev  0x000027ca      0x282 ./Drivers/STM32F1xx_HAL_Driver/Src/stm32f1xx_hal_tim_ex.o
 .debug_abbrev  0x00002a4c      0x1de ./Drivers/STM32F1xx_HAL_Driver/Src/stm32f1xx_ll_usb.o
 .debug_abbrev  0x00002c2a      0x2d3 ./Middlewares/ST/STM32_USB_Device_Library/Class/CDC/Src/usbd_cdc.o
 .debug_abbrev  0x00002efd      0x24a ./Middlewares/ST/STM32_USB_Device_Library/Core/Src/usbd_core.o
 .debug_abbrev  0x00003147      0x26b ./Middlewares/ST/STM32_USB_Device_Library/Core/Src/usbd_ctlreq.o
 .debug_abbrev  0x000033b2      0x192 ./Middlewares/ST/STM32_USB_Device_Library/Core/Src/usbd_ioreq.o
 .debug_abbrev  0x00003544      0x18d ./USB_DEVICE/App/usb_device.o
 .debug_abbrev  0x000036d1      0x275 ./USB_DEVICE/App/usbd_cdc_if.o
 .debug_abbrev  0x00003946      0x1ff ./USB_DEVICE/App/usbd_desc.o
 .debug_abbrev  0x00003b45      0x316 ./USB_DEVICE/Target/usbd_conf.o

.debug_aranges  0x00000000     0x17a8
 .debug_aranges
                0x00000000      0x148 ./Core/Src/main.o
 .debug_aranges
                0x00000148       0x68 ./Core/Src/stm32f1xx_hal_msp.o
 .debug_aranges
                0x000001b0       0x80 ./Core/Src/stm32f1xx_it.o
 .debug_aranges
                0x00000230       0x28 ./Core/Src/system_stm32f1xx.o
 .debug_aranges
                0x00000258       0x28 ./Core/Startup/startup_stm32f103c8tx.o
 .debug_aranges
                0x00000280       0xe0 ./Drivers/STM32F1xx_HAL_Driver/Src/stm32f1xx_hal.o
 .debug_aranges
                0x00000360       0xf0 ./Drivers/STM32F1xx_HAL_Driver/Src/stm32f1xx_hal_adc.o
 .debug_aranges
                0x00000450       0x80 ./Drivers/STM32F1xx_HAL_Driver/Src/stm32f1xx_hal_adc_ex.o
 .debug_aranges
                0x000004d0      0x100 ./Drivers/STM32F1xx_HAL_Driver/Src/stm32f1xx_hal_cortex.o
 .debug_aranges
                0x000005d0       0x80 ./Drivers/STM32F1xx_HAL_Driver/Src/stm32f1xx_hal_dma.o
 .debug_aranges
                0x00000650       0x58 ./Drivers/STM32F1xx_HAL_Driver/Src/stm32f1xx_hal_gpio.o
 .debug_aranges
                0x000006a8      0x2a8 ./Drivers/STM32F1xx_HAL_Driver/Src/stm32f1xx_hal_i2c.o
 .debug_aranges
                0x00000950       0x28 ./Drivers/STM32F1xx_HAL_Driver/Src/stm32f1xx_hal_iwdg.o
 .debug_aranges
                0x00000978      0x140 ./Drivers/STM32F1xx_HAL_Driver/Src/stm32f1xx_hal_pcd.o
 .debug_aranges
                0x00000ab8       0x38 ./Drivers/STM32F1xx_HAL_Driver/Src/stm32f1xx_hal_pcd_ex.o
 .debug_aranges
                0x00000af0       0x90 ./Drivers/STM32F1xx_HAL_Driver/Src/stm32f1xx_hal_rcc.o
 .debug_aranges
                0x00000b80       0x30 ./Drivers/STM32F1xx_HAL_Driver/Src/stm32f1xx_hal_rcc_ex.o
 .debug_aranges
                0x00000bb0      0x1d0 ./Drivers/STM32F1xx_HAL_Driver/Src/stm32f1xx_hal_spi.o
 .debug_aranges
                0x00000d80      0x3d0 ./Drivers/STM32F1xx_HAL_Driver/Src/stm32f1xx_hal_tim.o
 .debug_aranges
                0x00001150      0x168 ./Drivers/STM32F1xx_HAL_Driver/Src/stm32f1xx_hal_tim_ex.o
 .debug_aranges
                0x000012b8       0xf8 ./Drivers/STM32F1xx_HAL_Driver/Src/stm32f1xx_ll_usb.o
 .debug_aranges
                0x000013b0       0x90 ./Middlewares/ST/STM32_USB_Device_Library/Class/CDC/Src/usbd_cdc.o
 .debug_aranges
                0x00001440       0xb8 ./Middlewares/ST/STM32_USB_Device_Library/Core/Src/usbd_core.o
 .debug_aranges
                0x000014f8       0x88 ./Middlewares/ST/STM32_USB_Device_Library/Core/Src/usbd_ctlreq.o
 .debug_aranges
                0x00001580       0x50 ./Middlewares/ST/STM32_USB_Device_Library/Core/Src/usbd_ioreq.o
 .debug_aranges
                0x000015d0       0x20 ./USB_DEVICE/App/usb_device.o
 .debug_aranges
                0x000015f0       0x40 ./USB_DEVICE/App/usbd_cdc_if.o
 .debug_aranges
                0x00001630       0x60 ./USB_DEVICE/App/usbd_desc.o
 .debug_aranges
                0x00001690      0x118 ./USB_DEVICE/Target/usbd_conf.o

.debug_rnglists
                0x00000000     0x1246
 .debug_rnglists
                0x00000000      0x101 ./Core/Src/main.o
 .debug_rnglists
                0x00000101       0x4c ./Core/Src/stm32f1xx_hal_msp.o
 .debug_rnglists
                0x0000014d       0x5b ./Core/Src/stm32f1xx_it.o
 .debug_rnglists
                0x000001a8       0x1a ./Core/Src/system_stm32f1xx.o
 .debug_rnglists
                0x000001c2       0x19 ./Core/Startup/startup_stm32f103c8tx.o
 .debug_rnglists
                0x000001db       0xa3 ./Drivers/STM32F1xx_HAL_Driver/Src/stm32f1xx_hal.o
 .debug_rnglists
                0x0000027e       0xbc ./Drivers/STM32F1xx_HAL_Driver/Src/stm32f1xx_hal_adc.o
 .debug_rnglists
                0x0000033a       0x65 ./Drivers/STM32F1xx_HAL_Driver/Src/stm32f1xx_hal_adc_ex.o
 .debug_rnglists
                0x0000039f       0xbb ./Drivers/STM32F1xx_HAL_Driver/Src/stm32f1xx_hal_cortex.o
 .debug_rnglists
                0x0000045a       0x64 ./Drivers/STM32F1xx_HAL_Driver/Src/stm32f1xx_hal_dma.o
 .debug_rnglists
                0x000004be       0x3f ./Drivers/STM32F1xx_HAL_Driver/Src/stm32f1xx_hal_gpio.o
 .debug_rnglists
                0x000004fd      0x23c ./Drivers/STM32F1xx_HAL_Driver/Src/stm32f1xx_hal_i2c.o
 .debug_rnglists
                0x00000739       0x1a ./Drivers/STM32F1xx_HAL_Driver/Src/stm32f1xx_hal_iwdg.o
 .debug_rnglists
                0x00000753       0xf4 ./Drivers/STM32F1xx_HAL_Driver/Src/stm32f1xx_hal_pcd.o
 .debug_rnglists
                0x00000847       0x26 ./Drivers/STM32F1xx_HAL_Driver/Src/stm32f1xx_hal_pcd_ex.o
 .debug_rnglists
                0x0000086d       0x6c ./Drivers/STM32F1xx_HAL_Driver/Src/stm32f1xx_hal_rcc.o
 .debug_rnglists
                0x000008d9       0x21 ./Drivers/STM32F1xx_HAL_Driver/Src/stm32f1xx_hal_rcc_ex.o
 .debug_rnglists
                0x000008fa      0x16e ./Drivers/STM32F1xx_HAL_Driver/Src/stm32f1xx_hal_spi.o
 .debug_rnglists
                0x00000a68      0x31a ./Drivers/STM32F1xx_HAL_Driver/Src/stm32f1xx_hal_tim.o
 .debug_rnglists
                0x00000d82      0x125 ./Drivers/STM32F1xx_HAL_Driver/Src/stm32f1xx_hal_tim_ex.o
 .debug_rnglists
                0x00000ea7       0xbd ./Drivers/STM32F1xx_HAL_Driver/Src/stm32f1xx_ll_usb.o
 .debug_rnglists
                0x00000f64       0x6a ./Middlewares/ST/STM32_USB_Device_Library/Class/CDC/Src/usbd_cdc.o
 .debug_rnglists
                0x00000fce       0x89 ./Middlewares/ST/STM32_USB_Device_Library/Core/Src/usbd_core.o
 .debug_rnglists
                0x00001057       0x68 ./Middlewares/ST/STM32_USB_Device_Library/Core/Src/usbd_ctlreq.o
 .debug_rnglists
                0x000010bf       0x37 ./Middlewares/ST/STM32_USB_Device_Library/Core/Src/usbd_ioreq.o
 .debug_rnglists
                0x000010f6       0x13 ./USB_DEVICE/App/usb_device.o
 .debug_rnglists
                0x00001109       0x2c ./USB_DEVICE/App/usbd_cdc_if.o
 .debug_rnglists
                0x00001135       0x43 ./USB_DEVICE/App/usbd_desc.o
 .debug_rnglists
                0x00001178       0xce ./USB_DEVICE/Target/usbd_conf.o

.debug_macro    0x00000000    0x1bbad
 .debug_macro   0x00000000      0x380 ./Core/Src/main.o
 .debug_macro   0x00000380      0xaa8 ./Core/Src/main.o
 .debug_macro   0x00000e28      0x239 ./Core/Src/main.o
 .debug_macro   0x00001061       0x2e ./Core/Src/main.o
 .debug_macro   0x0000108f       0x22 ./Core/Src/main.o
 .debug_macro   0x000010b1       0x22 ./Core/Src/main.o
 .debug_macro   0x000010d3       0x8e ./Core/Src/main.o
 .debug_macro   0x00001161       0x51 ./Core/Src/main.o
 .debug_macro   0x000011b2      0x103 ./Core/Src/main.o
 .debug_macro   0x000012b5       0x6a ./Core/Src/main.o
 .debug_macro   0x0000131f      0x1df ./Core/Src/main.o
 .debug_macro   0x000014fe       0x1c ./Core/Src/main.o
 .debug_macro   0x0000151a       0x22 ./Core/Src/main.o
 .debug_macro   0x0000153c       0xbd ./Core/Src/main.o
 .debug_macro   0x000015f9      0xd23 ./Core/Src/main.o
 .debug_macro   0x0000231c     0xe09e ./Core/Src/main.o
 .debug_macro   0x000103ba       0x6d ./Core/Src/main.o
 .debug_macro   0x00010427     0x34a2 ./Core/Src/main.o
 .debug_macro   0x000138c9      0x189 ./Core/Src/main.o
 .debug_macro   0x00013a52       0x5c ./Core/Src/main.o
 .debug_macro   0x00013aae      0x5bc ./Core/Src/main.o
 .debug_macro   0x0001406a      0x289 ./Core/Src/main.o
 .debug_macro   0x000142f3      0x1cb ./Core/Src/main.o
 .debug_macro   0x000144be      0x114 ./Core/Src/main.o
 .debug_macro   0x000145d2      0x1b2 ./Core/Src/main.o
 .debug_macro   0x00014784       0x27 ./Core/Src/main.o
 .debug_macro   0x000147ab      0x136 ./Core/Src/main.o
 .debug_macro   0x000148e1      0x1bc ./Core/Src/main.o
 .debug_macro   0x00014a9d       0x34 ./Core/Src/main.o
 .debug_macro   0x00014ad1       0x3c ./Core/Src/main.o
 .debug_macro   0x00014b0d       0x57 ./Core/Src/main.o
 .debug_macro   0x00014b64      0x46a ./Core/Src/main.o
 .debug_macro   0x00014fce      0x1b5 ./Core/Src/main.o
 .debug_macro   0x00015183       0x87 ./Core/Src/main.o
 .debug_macro   0x0001520a      0x240 ./Core/Src/main.o
 .debug_macro   0x0001544a      0x287 ./Core/Src/main.o
 .debug_macro   0x000156d1       0x78 ./Core/Src/main.o
 .debug_macro   0x00015749      0x140 ./Core/Src/main.o
 .debug_macro   0x00015889      0x217 ./Core/Src/main.o
 .debug_macro   0x00015aa0      0x8ed ./Core/Src/main.o
 .debug_macro   0x0001638d       0xb7 ./Core/Src/main.o
 .debug_macro   0x00016444      0x242 ./Core/Src/main.o
 .debug_macro   0x00016686       0x83 ./Core/Src/main.o
 .debug_macro   0x00016709       0xa0 ./Core/Src/main.o
 .debug_macro   0x000167a9       0x61 ./Core/Src/main.o
 .debug_macro   0x0001680a       0x24 ./Core/Src/main.o
 .debug_macro   0x0001682e       0x43 ./Core/Src/main.o
 .debug_macro   0x00016871       0x34 ./Core/Src/main.o
 .debug_macro   0x000168a5       0x16 ./Core/Src/main.o
 .debug_macro   0x000168bb       0x35 ./Core/Src/main.o
 .debug_macro   0x000168f0      0x369 ./Core/Src/main.o